main.c:117:6:HAL_DFSDM_FilterRegConvCpltCallback	24	static
main.c:123:6:HAL_DFSDM_FilterRegConvHalfCpltCallback	16	static
main.c:134:5:main	24	static
main.c:226:6:SystemClock_Config	240	static
main.c:310:13:MX_ADC1_Init	48	static
main.c:374:13:MX_ADC2_Init	32	static
main.c:430:13:MX_ADC3_Init	32	static
main.c:486:13:MX_DCMI_Init	8	static
main.c:523:13:MX_DFSDM1_Init	8	static
main.c:593:13:MX_I2C1_Init	8	static
main.c:639:13:MX_I2C2_Init	8	static
main.c:685:13:MX_LPUART1_UART_Init	8	static
main.c:719:13:MX_USART1_UART_Init	8	static
main.c:754:13:MX_USART2_UART_Init	8	static
main.c:789:13:MX_QUADSPI_Init	8	static
main.c:824:13:MX_SAI1_Init	8	static
main.c:899:13:MX_SDMMC1_SD_Init	8	static
main.c:935:13:MX_SPI1_Init	8	static
main.c:975:13:MX_SPI2_Init	8	static
main.c:1013:13:MX_DMA_Init	16	static
main.c:1028:13:MX_FMC_Init	40	static
main.c:1121:13:MX_GPIO_Init	64	static
main.c:1261:6:Error_Handler	4	static
