stm32l4xx_hal_msp.c:67:6:HAL_MspInit	16	static
stm32l4xx_hal_msp.c:91:6:HAL_ADC_MspInit	64	static
stm32l4xx_hal_msp.c:185:6:HAL_ADC_MspDeInit	16	static
stm32l4xx_hal_msp.c:262:6:HAL_DCMI_MspInit	56	static
stm32l4xx_hal_msp.c:324:6:HAL_DCMI_MspDeInit	16	static
stm32l4xx_hal_msp.c:370:6:HAL_DFSDM_FilterMspInit	48	static
stm32l4xx_hal_msp.c:444:6:HAL_DFSDM_ChannelMspInit	48	static
stm32l4xx_hal_msp.c:492:6:HAL_DFSDM_FilterMspDeInit	16	static
stm32l4xx_hal_msp.c:531:6:HAL_DFSDM_ChannelMspDeInit	16	static
stm32l4xx_hal_msp.c:564:6:HAL_I2C_MspInit	56	static
stm32l4xx_hal_msp.c:632:6:HAL_I2C_MspDeInit	16	static
stm32l4xx_hal_msp.c:681:6:HAL_UART_MspInit	72	static
stm32l4xx_hal_msp.c:806:6:HAL_UART_MspDeInit	16	static
stm32l4xx_hal_msp.c:882:6:HAL_QSPI_MspInit	48	static
stm32l4xx_hal_msp.c:930:6:HAL_QSPI_MspDeInit	16	static
stm32l4xx_hal_msp.c:965:6:HAL_SD_MspInit	48	static
stm32l4xx_hal_msp.c:1014:6:HAL_SD_MspDeInit	16	static
stm32l4xx_hal_msp.c:1050:6:HAL_SPI_MspInit	64	static
stm32l4xx_hal_msp.c:1129:6:HAL_SPI_MspDeInit	16	static
stm32l4xx_hal_msp.c:1179:13:HAL_FMC_MspInit	32	static
stm32l4xx_hal_msp.c:1275:6:HAL_SRAM_MspInit	16	static
stm32l4xx_hal_msp.c:1287:13:HAL_FMC_MspDeInit	8	static
stm32l4xx_hal_msp.c:1362:6:HAL_SRAM_MspDeInit	16	static
stm32l4xx_hal_msp.c:1374:6:HAL_SAI_MspInit	48	static
stm32l4xx_hal_msp.c:1431:6:HAL_SAI_MspDeInit	16	static
