Archive member included to satisfy reference by file (symbol)

/home/klukomski/workspace/stm32/CMSIS/CMSIS/Lib/GCC/libarm_cortexM4lf_math.a(arm_max_f32.o)
                              Src/main.o (arm_max_f32)
/home/klukomski/workspace/stm32/CMSIS/CMSIS/Lib/GCC/libarm_cortexM4lf_math.a(arm_rfft_fast_init_f32.o)
                              Src/main.o (arm_rfft_fast_init_f32)
/home/klukomski/workspace/stm32/CMSIS/CMSIS/Lib/GCC/libarm_cortexM4lf_math.a(arm_rfft_fast_f32.o)
                              Src/main.o (arm_rfft_fast_f32)
/home/klukomski/workspace/stm32/CMSIS/CMSIS/Lib/GCC/libarm_cortexM4lf_math.a(arm_cfft_f32.o)
                              /home/klukomski/workspace/stm32/CMSIS/CMSIS/Lib/GCC/libarm_cortexM4lf_math.a(arm_rfft_fast_f32.o) (arm_cfft_f32)
/home/klukomski/workspace/stm32/CMSIS/CMSIS/Lib/GCC/libarm_cortexM4lf_math.a(arm_rfft_q15.o)
                              Src/main.o (arm_rfft_q15)
/home/klukomski/workspace/stm32/CMSIS/CMSIS/Lib/GCC/libarm_cortexM4lf_math.a(arm_rfft_init_q15.o)
                              Src/main.o (arm_rfft_init_q15)
/home/klukomski/workspace/stm32/CMSIS/CMSIS/Lib/GCC/libarm_cortexM4lf_math.a(arm_cmplx_mag_squared_q15.o)
                              Src/main.o (arm_cmplx_mag_squared_q15)
/home/klukomski/workspace/stm32/CMSIS/CMSIS/Lib/GCC/libarm_cortexM4lf_math.a(arm_cmplx_mag_squared_f32.o)
                              Src/main.o (arm_cmplx_mag_squared_f32)
/home/klukomski/workspace/stm32/CMSIS/CMSIS/Lib/GCC/libarm_cortexM4lf_math.a(arm_const_structs.o)
                              /home/klukomski/workspace/stm32/CMSIS/CMSIS/Lib/GCC/libarm_cortexM4lf_math.a(arm_rfft_init_q15.o) (arm_cfft_sR_q15_len4096)
/home/klukomski/workspace/stm32/CMSIS/CMSIS/Lib/GCC/libarm_cortexM4lf_math.a(arm_common_tables.o)
                              /home/klukomski/workspace/stm32/CMSIS/CMSIS/Lib/GCC/libarm_cortexM4lf_math.a(arm_rfft_fast_init_f32.o) (twiddleCoef_rfft_4096)
/home/klukomski/workspace/stm32/CMSIS/CMSIS/Lib/GCC/libarm_cortexM4lf_math.a(arm_cfft_q15.o)
                              /home/klukomski/workspace/stm32/CMSIS/CMSIS/Lib/GCC/libarm_cortexM4lf_math.a(arm_rfft_q15.o) (arm_cfft_q15)
/home/klukomski/workspace/stm32/CMSIS/CMSIS/Lib/GCC/libarm_cortexM4lf_math.a(arm_bitreversal2.o)
                              /home/klukomski/workspace/stm32/CMSIS/CMSIS/Lib/GCC/libarm_cortexM4lf_math.a(arm_cfft_f32.o) (arm_bitreversal_32)
/home/klukomski/workspace/stm32/CMSIS/CMSIS/Lib/GCC/libarm_cortexM4lf_math.a(arm_cfft_radix8_f32.o)
                              /home/klukomski/workspace/stm32/CMSIS/CMSIS/Lib/GCC/libarm_cortexM4lf_math.a(arm_cfft_f32.o) (arm_radix8_butterfly_f32)
/home/klukomski/workspace/stm32/CMSIS/CMSIS/Lib/GCC/libarm_cortexM4lf_math.a(arm_cfft_radix4_q15.o)
                              /home/klukomski/workspace/stm32/CMSIS/CMSIS/Lib/GCC/libarm_cortexM4lf_math.a(arm_cfft_q15.o) (arm_radix4_butterfly_q15)
/home/klukomski/workspace/stm32/CMSIS/CMSIS/Lib/GCC/libarm_cortexM4lf_math.a(arm_bitreversal.o)
                              /home/klukomski/workspace/stm32/CMSIS/CMSIS/Lib/GCC/libarm_cortexM4lf_math.a(arm_cfft_radix4_q15.o) (arm_bitreversal_q15)
/opt/st/stm32cubeide_1.0.0/plugins/com.st.stm32cube.ide.mcu.externaltools.gnu-tools-for-stm32.7-2018-q2-update.linux64_1.0.0.201904181610/tools/bin/../lib/gcc/arm-none-eabi/7.3.1/../../../../arm-none-eabi/lib/thumb/v7e-m/fpv4-sp/hard/libc_nano.a(lib_a-errno.o)
                              Src/syscalls.o (__errno)
/opt/st/stm32cubeide_1.0.0/plugins/com.st.stm32cube.ide.mcu.externaltools.gnu-tools-for-stm32.7-2018-q2-update.linux64_1.0.0.201904181610/tools/bin/../lib/gcc/arm-none-eabi/7.3.1/../../../../arm-none-eabi/lib/thumb/v7e-m/fpv4-sp/hard/libc_nano.a(lib_a-exit.o)
                              /opt/st/stm32cubeide_1.0.0/plugins/com.st.stm32cube.ide.mcu.externaltools.gnu-tools-for-stm32.7-2018-q2-update.linux64_1.0.0.201904181610/tools/bin/../lib/gcc/arm-none-eabi/7.3.1/../../../../arm-none-eabi/lib/thumb/v7e-m/fpv4-sp/hard/crt0.o (exit)
/opt/st/stm32cubeide_1.0.0/plugins/com.st.stm32cube.ide.mcu.externaltools.gnu-tools-for-stm32.7-2018-q2-update.linux64_1.0.0.201904181610/tools/bin/../lib/gcc/arm-none-eabi/7.3.1/../../../../arm-none-eabi/lib/thumb/v7e-m/fpv4-sp/hard/libc_nano.a(lib_a-impure.o)
                              /opt/st/stm32cubeide_1.0.0/plugins/com.st.stm32cube.ide.mcu.externaltools.gnu-tools-for-stm32.7-2018-q2-update.linux64_1.0.0.201904181610/tools/bin/../lib/gcc/arm-none-eabi/7.3.1/../../../../arm-none-eabi/lib/thumb/v7e-m/fpv4-sp/hard/libc_nano.a(lib_a-exit.o) (_global_impure_ptr)
/opt/st/stm32cubeide_1.0.0/plugins/com.st.stm32cube.ide.mcu.externaltools.gnu-tools-for-stm32.7-2018-q2-update.linux64_1.0.0.201904181610/tools/bin/../lib/gcc/arm-none-eabi/7.3.1/../../../../arm-none-eabi/lib/thumb/v7e-m/fpv4-sp/hard/libc_nano.a(lib_a-init.o)
[...]
Memory Configuration

Name             Origin             Length             Attributes
FLASH            0x0000000008000000 0x0000000000100000 xr
RAM              0x0000000020000000 0x0000000000050000 xrw
*default*        0x0000000000000000 0xffffffffffffffff

Linker script and memory map

LOAD /opt/st/stm32cubeide_1.0.0/plugins/com.st.stm32cube.ide.mcu.externaltools.gnu-tools-for-stm32.7-2018-q2-update.linux64_1.0.0.201904181610/tools/bin/../lib/gcc/arm-none-eabi/7.3.1/thumb/v7e-m/fpv4-sp/hard/crti.o
LOAD /opt/st/stm32cubeide_1.0.0/plugins/com.st.stm32cube.ide.mcu.externaltools.gnu-tools-for-stm32.7-2018-q2-update.linux64_1.0.0.201904181610/tools/bin/../lib/gcc/arm-none-eabi/7.3.1/thumb/v7e-m/fpv4-sp/hard/crtbegin.o
LOAD /opt/st/stm32cubeide_1.0.0/plugins/com.st.stm32cube.ide.mcu.externaltools.gnu-tools-for-stm32.7-2018-q2-update.linux64_1.0.0.201904181610/tools/bin/../lib/gcc/arm-none-eabi/7.3.1/../../../../arm-none-eabi/lib/thumb/v7e-m/fpv4-sp/hard/crt0.o
LOAD Drivers/STM32L4xx_HAL_Driver/Src/stm32l4xx_hal.o
LOAD Drivers/STM32L4xx_HAL_Driver/Src/stm32l4xx_hal_adc.o
LOAD Drivers/STM32L4xx_HAL_Driver/Src/stm32l4xx_hal_adc_ex.o
LOAD Drivers/STM32L4xx_HAL_Driver/Src/stm32l4xx_hal_cortex.o
LOAD Drivers/STM32L4xx_HAL_Driver/Src/stm32l4xx_hal_dcmi.o
LOAD Drivers/STM32L4xx_HAL_Driver/Src/stm32l4xx_hal_dfsdm.o
LOAD Drivers/STM32L4xx_HAL_Driver/Src/stm32l4xx_hal_dma.o
LOAD Drivers/STM32L4xx_HAL_Driver/Src/stm32l4xx_hal_dma_ex.o
LOAD Drivers/STM32L4xx_HAL_Driver/Src/stm32l4xx_hal_exti.o
LOAD Drivers/STM32L4xx_HAL_Driver/Src/stm32l4xx_hal_flash.o
LOAD Drivers/STM32L4xx_HAL_Driver/Src/stm32l4xx_hal_flash_ex.o
LOAD Drivers/STM32L4xx_HAL_Driver/Src/stm32l4xx_hal_flash_ramfunc.o
LOAD Drivers/STM32L4xx_HAL_Driver/Src/stm32l4xx_hal_gpio.o
LOAD Drivers/STM32L4xx_HAL_Driver/Src/stm32l4xx_hal_i2c.o
LOAD Drivers/STM32L4xx_HAL_Driver/Src/stm32l4xx_hal_i2c_ex.o
LOAD Drivers/STM32L4xx_HAL_Driver/Src/stm32l4xx_hal_pcd.o
LOAD Drivers/STM32L4xx_HAL_Driver/Src/stm32l4xx_hal_pcd_ex.o
LOAD Drivers/STM32L4xx_HAL_Driver/Src/stm32l4xx_hal_pwr.o
LOAD Drivers/STM32L4xx_HAL_Driver/Src/stm32l4xx_hal_pwr_ex.o
LOAD Drivers/STM32L4xx_HAL_Driver/Src/stm32l4xx_hal_qspi.o
LOAD Drivers/STM32L4xx_HAL_Driver/Src/stm32l4xx_hal_rcc.o
LOAD Drivers/STM32L4xx_HAL_Driver/Src/stm32l4xx_hal_rcc_ex.o
LOAD Drivers/STM32L4xx_HAL_Driver/Src/stm32l4xx_hal_sai.o
LOAD Drivers/STM32L4xx_HAL_Driver/Src/stm32l4xx_hal_sai_ex.o
LOAD Drivers/STM32L4xx_HAL_Driver/Src/stm32l4xx_hal_sd.o
LOAD Drivers/STM32L4xx_HAL_Driver/Src/stm32l4xx_hal_sd_ex.o
LOAD Drivers/STM32L4xx_HAL_Driver/Src/stm32l4xx_hal_spi.o
LOAD Drivers/STM32L4xx_HAL_Driver/Src/stm32l4xx_hal_spi_ex.o
LOAD Drivers/STM32L4xx_HAL_Driver/Src/stm32l4xx_hal_sram.o
LOAD Drivers/STM32L4xx_HAL_Driver/Src/stm32l4xx_hal_tim.o
LOAD Drivers/STM32L4xx_HAL_Driver/Src/stm32l4xx_hal_tim_ex.o
LOAD Drivers/STM32L4xx_HAL_Driver/Src/stm32l4xx_hal_uart.o
LOAD Drivers/STM32L4xx_HAL_Driver/Src/stm32l4xx_hal_uart_ex.o
LOAD Drivers/STM32L4xx_HAL_Driver/Src/stm32l4xx_ll_fmc.o
LOAD Drivers/STM32L4xx_HAL_Driver/Src/stm32l4xx_ll_sdmmc.o
LOAD Drivers/STM32L4xx_HAL_Driver/Src/stm32l4xx_ll_usb.o
LOAD Middlewares/ST/STM32_USB_Device_Library/Class/CDC/Src/usbd_cdc.o
LOAD Middlewares/ST/STM32_USB_Device_Library/Core/Src/usbd_core.o
LOAD Middlewares/ST/STM32_USB_Device_Library/Core/Src/usbd_ctlreq.o
LOAD Middlewares/ST/STM32_USB_Device_Library/Core/Src/usbd_ioreq.o
LOAD Src/main.o
LOAD Src/stm32l4xx_hal_msp.o
LOAD Src/stm32l4xx_it.o
LOAD Src/syscalls.o
LOAD Src/sysmem.o
LOAD Src/system_stm32l4xx.o
LOAD Src/usb_device.o
LOAD Src/usbd_cdc_if.o
LOAD Src/usbd_conf.o
LOAD Src/usbd_desc.o
LOAD Startup/startup_stm32l496agix.o
LOAD /home/klukomski/workspace/stm32/CMSIS/CMSIS/Lib/GCC/libarm_cortexM4lf_math.a
START GROUP
LOAD /opt/st/stm32cubeide_1.0.0/plugins/com.st.stm32cube.ide.mcu.externaltools.gnu-tools-for-stm32.7-2018-q2-update.linux64_1.0.0.201904181610/tools/bin/../lib/gcc/arm-none-eabi/7.3.1/../../../../arm-none-eabi/lib/thumb/v7e-m/fpv4-sp/hard/libc_nano.a
LOAD /opt/st/stm32cubeide_1.0.0/plugins/com.st.stm32cube.ide.mcu.externaltools.gnu-tools-for-stm32.7-2018-q2-update.linux64_1.0.0.201904181610/tools/bin/../lib/gcc/arm-none-eabi/7.3.1/../../../../arm-none-eabi/lib/thumb/v7e-m/fpv4-sp/hard/libm.a
END GROUP
START GROUP
LOAD /opt/st/stm32cubeide_1.0.0/plugins/com.st.stm32cube.ide.mcu.externaltools.gnu-tools-for-stm32.7-2018-q2-update.linux64_1.0.0.201904181610/tools/bin/../lib/gcc/arm-none-eabi/7.3.1/thumb/v7e-m/fpv4-sp/hard/libgcc.a
LOAD /opt/st/stm32cubeide_1.0.0/plugins/com.st.stm32cube.ide.mcu.externaltools.gnu-tools-for-stm32.7-2018-q2-update.linux64_1.0.0.201904181610/tools/bin/../lib/gcc/arm-none-eabi/7.3.1/../../../../arm-none-eabi/lib/thumb/v7e-m/fpv4-sp/hard/libc_nano.a
END GROUP
START GROUP
LOAD /opt/st/stm32cubeide_1.0.0/plugins/com.st.stm32cube.ide.mcu.externaltools.gnu-tools-for-stm32.7-2018-q2-update.linux64_1.0.0.201904181610/tools/bin/../lib/gcc/arm-none-eabi/7.3.1/thumb/v7e-m/fpv4-sp/hard/libgcc.a
LOAD /opt/st/stm32cubeide_1.0.0/plugins/com.st.stm32cube.ide.mcu.externaltools.gnu-tools-for-stm32.7-2018-q2-update.linux64_1.0.0.201904181610/tools/bin/../lib/gcc/arm-none-eabi/7.3.1/../../../../arm-none-eabi/lib/thumb/v7e-m/fpv4-sp/hard/libc_nano.a
LOAD /opt/st/stm32cubeide_1.0.0/plugins/com.st.stm32cube.ide.mcu.externaltools.gnu-tools-for-stm32.7-2018-q2-update.linux64_1.0.0.201904181610/tools/bin/../lib/gcc/arm-none-eabi/7.3.1/../../../../arm-none-eabi/lib/thumb/v7e-m/fpv4-sp/hard/libnosys.a
END GROUP
START GROUP
LOAD /opt/st/stm32cubeide_1.0.0/plugins/com.st.stm32cube.ide.mcu.externaltools.gnu-tools-for-stm32.7-2018-q2-update.linux64_1.0.0.201904181610/tools/bin/../lib/gcc/arm-none-eabi/7.3.1/thumb/v7e-m/fpv4-sp/hard/libgcc.a
LOAD /opt/st/stm32cubeide_1.0.0/plugins/com.st.stm32cube.ide.mcu.externaltools.gnu-tools-for-stm32.7-2018-q2-update.linux64_1.0.0.201904181610/tools/bin/../lib/gcc/arm-none-eabi/7.3.1/../../../../arm-none-eabi/lib/thumb/v7e-m/fpv4-sp/hard/libc_nano.a
LOAD /opt/st/stm32cubeide_1.0.0/plugins/com.st.stm32cube.ide.mcu.externaltools.gnu-tools-for-stm32.7-2018-q2-update.linux64_1.0.0.201904181610/tools/bin/../lib/gcc/arm-none-eabi/7.3.1/../../../../arm-none-eabi/lib/thumb/v7e-m/fpv4-sp/hard/libnosys.a
END GROUP
LOAD /opt/st/stm32cubeide_1.0.0/plugins/com.st.stm32cube.ide.mcu.externaltools.gnu-tools-for-stm32.7-2018-q2-update.linux64_1.0.0.201904181610/tools/bin/../lib/gcc/arm-none-eabi/7.3.1/thumb/v7e-m/fpv4-sp/hard/crtend.o
LOAD /opt/st/stm32cubeide_1.0.0/plugins/com.st.stm32cube.ide.mcu.externaltools.gnu-tools-for-stm32.7-2018-q2-update.linux64_1.0.0.201904181610/tools/bin/../lib/gcc/arm-none-eabi/7.3.1/thumb/v7e-m/fpv4-sp/hard/crtn.o
                0x000000002004ffff                _estack = 0x2004ffff
                0x0000000000000200                _Min_Heap_Size = 0x200
                0x0000000000000400                _Min_Stack_Size = 0x400

.isr_vector     0x0000000008000000      0x1ac
                0x0000000008000000                . = ALIGN (0x4)
 *(.isr_vector)
 .isr_vector    0x0000000008000000      0x1ac Startup/startup_stm32l496agix.o
                0x0000000008000000                g_pfnVectors
                0x00000000080001ac                . = ALIGN (0x4)

.text           0x00000000080001b0    0x10248
                0x00000000080001b0                . = ALIGN (0x4)
 *(.text)
 .text          0x00000000080001b0       0x40 /opt/st/stm32cubeide_1.0.0/plugins/com.st.stm32cube.ide.mcu.externaltools.gnu-tools-for-stm32.7-2018-q2-update.linux64_1.0.0.201904181610/tools/bin/../lib/gcc/arm-none-eabi/7.3.1/thumb/v7e-m/fpv4-sp/hard/crtbegin.o
 .text          0x00000000080001f0       0xc0 /home/klukomski/workspace/stm32/CMSIS/CMSIS/Lib/GCC/libarm_cortexM4lf_math.a(arm_bitreversal2.o)
                0x00000000080001f0                arm_bitreversal_32
                0x000000000800025a                arm_bitreversal_16
 .text          0x00000000080002b0       0x10 /opt/st/stm32cubeide_1.0.0/plugins/com.st.stm32cube.ide.mcu.externaltools.gnu-tools-for-stm32.7-2018-q2-update.linux64_1.0.0.201904181610/tools/bin/../lib/gcc/arm-none-eabi/7.3.1/../../../../arm-none-eabi/lib/thumb/v7e-m/fpv4-sp/hard/libc_nano.a(lib_a-strlen.o)
                0x00000000080002b0                strlen
 .text          0x00000000080002c0       0xa0 /opt/st/stm32cubeide_1.0.0/plugins/com.st.stm32cube.ide.mcu.externaltools.gnu-tools-for-stm32.7-2018-q2-update.linux64_1.0.0.201904181610/tools/bin/../lib/gcc/arm-none-eabi/7.3.1/../../../../arm-none-eabi/lib/thumb/v7e-m/fpv4-sp/hard/libc_nano.a(lib_a-memchr.o)
                0x00000000080002c0                memchr
 .text          0x0000000008000360       0x30 /opt/st/stm32cubeide_1.0.0/plugins/com.st.stm32cube.ide.mcu.externaltools.gnu-tools-for-stm32.7-2018-q2-update.linux64_1.0.0.201904181610/tools/bin/../lib/gcc/arm-none-eabi/7.3.1/thumb/v7e-m/fpv4-sp/hard/libgcc.a(_aeabi_uldivmod.o)
                0x0000000008000360                __aeabi_uldivmod
 .text          0x0000000008000390      0x2cc /opt/st/stm32cubeide_1.0.0/plugins/com.st.stm32cube.ide.mcu.externaltools.gnu-tools-for-stm32.7-2018-q2-update.linux64_1.0.0.201904181610/tools/bin/../lib/gcc/arm-none-eabi/7.3.1/thumb/v7e-m/fpv4-sp/hard/libgcc.a(_udivmoddi4.o)
                0x0000000008000390                __udivmoddi4
 .text          0x000000000800065c        0x4 /opt/st/stm32cubeide_1.0.0/plugins/com.st.stm32cube.ide.mcu.externaltools.gnu-tools-for-stm32.7-2018-q2-update.linux64_1.0.0.201904181610/tools/bin/../lib/gcc/arm-none-eabi/7.3.1/thumb/v7e-m/fpv4-sp/hard/libgcc.a(_dvmd_tls.o)
                0x000000000800065c                __aeabi_ldiv0
                0x000000000800065c                __aeabi_idiv0
 *(.text*)
 .text.HAL_Init
                0x0000000008000660       0x30 Drivers/STM32L4xx_HAL_Driver/Src/stm32l4xx_hal.o
                0x0000000008000660                HAL_Init
 .text.HAL_InitTick
                0x0000000008000690       0x74 Drivers/STM32L4xx_HAL_Driver/Src/stm32l4xx_hal.o
                0x0000000008000690                HAL_InitTick
 .text.HAL_IncTick
                0x0000000008000704       0x24 Drivers/STM32L4xx_HAL_Driver/Src/stm32l4xx_hal.o
                0x0000000008000704                HAL_IncTick
 .text.HAL_GetTick
                0x0000000008000728       0x18 Drivers/STM32L4xx_HAL_Driver/Src/stm32l4xx_hal.o
                0x0000000008000728                HAL_GetTick
 .text.HAL_Delay
                0x0000000008000740       0x44 Drivers/STM32L4xx_HAL_Driver/Src/stm32l4xx_hal.o
                0x0000000008000740                HAL_Delay
 .text.LL_ADC_SetCommonClock
                0x0000000008000784       0x26 Drivers/STM32L4xx_HAL_Driver/Src/stm32l4xx_hal_adc.o
 .text.LL_ADC_SetCommonPathInternalCh
                0x00000000080007aa       0x26 Drivers/STM32L4xx_HAL_Driver/Src/stm32l4xx_hal_adc.o
 .text.LL_ADC_GetCommonPathInternalCh
                0x00000000080007d0       0x1c Drivers/STM32L4xx_HAL_Driver/Src/stm32l4xx_hal_adc.o
 .text.LL_ADC_SetOffset
                0x00000000080007ec       0x44 Drivers/STM32L4xx_HAL_Driver/Src/stm32l4xx_hal_adc.o
 .text.LL_ADC_GetOffsetChannel
                0x0000000008000830       0x28 Drivers/STM32L4xx_HAL_Driver/Src/stm32l4xx_hal_adc.o
 .text.LL_ADC_SetOffsetState
                0x0000000008000858       0x30 Drivers/STM32L4xx_HAL_Driver/Src/stm32l4xx_hal_adc.o
 .text.LL_ADC_SetSamplingTimeCommonConfig
                0x0000000008000888       0x26 Drivers/STM32L4xx_HAL_Driver/Src/stm32l4xx_hal_adc.o
 .text.LL_ADC_REG_SetSequencerRanks
                0x00000000080008ae       0x52 Drivers/STM32L4xx_HAL_Driver/Src/stm32l4xx_hal_adc.o
 .text.LL_ADC_SetChannelSamplingTime
                0x0000000008000900       0x50 Drivers/STM32L4xx_HAL_Driver/Src/stm32l4xx_hal_adc.o
 .text.LL_ADC_SetChannelSingleDiff
                0x0000000008000950       0x48 Drivers/STM32L4xx_HAL_Driver/Src/stm32l4xx_hal_adc.o
 .text.LL_ADC_DisableDeepPowerDown
                0x0000000008000998       0x24 Drivers/STM32L4xx_HAL_Driver/Src/stm32l4xx_hal_adc.o
 .text.LL_ADC_IsDeepPowerDownEnabled
                0x00000000080009bc       0x28 Drivers/STM32L4xx_HAL_Driver/Src/stm32l4xx_hal_adc.o
 .text.LL_ADC_EnableInternalRegulator
                0x00000000080009e4       0x28 Drivers/STM32L4xx_HAL_Driver/Src/stm32l4xx_hal_adc.o
 .text.LL_ADC_IsInternalRegulatorEnabled
                0x0000000008000a0c       0x28 Drivers/STM32L4xx_HAL_Driver/Src/stm32l4xx_hal_adc.o
 .text.LL_ADC_IsEnabled
                0x0000000008000a34       0x26 Drivers/STM32L4xx_HAL_Driver/Src/stm32l4xx_hal_adc.o
 .text.LL_ADC_REG_IsConversionOngoing
                0x0000000008000a5a       0x26 Drivers/STM32L4xx_HAL_Driver/Src/stm32l4xx_hal_adc.o
 .text.LL_ADC_INJ_IsConversionOngoing
                0x0000000008000a80       0x26 Drivers/STM32L4xx_HAL_Driver/Src/stm32l4xx_hal_adc.o
 *fill*         0x0000000008000aa6        0x2 
 .text.HAL_ADC_Init
                0x0000000008000aa8      0x2b0 Drivers/STM32L4xx_HAL_Driver/Src/stm32l4xx_hal_adc.o
                0x0000000008000aa8                HAL_ADC_Init
 .text.HAL_ADC_ConfigChannel
                0x0000000008000d58      0x700 Drivers/STM32L4xx_HAL_Driver/Src/stm32l4xx_hal_adc.o
                0x0000000008000d58                HAL_ADC_ConfigChannel
 .text.LL_ADC_IsEnabled
                0x0000000008001458       0x26 Drivers/STM32L4xx_HAL_Driver/Src/stm32l4xx_hal_adc_ex.o
 .text.LL_ADC_REG_IsConversionOngoing
                0x000000000800147e       0x26 Drivers/STM32L4xx_HAL_Driver/Src/stm32l4xx_hal_adc_ex.o
 .text.HAL_ADCEx_MultiModeConfigChannel
                0x00000000080014a4      0x158 Drivers/STM32L4xx_HAL_Driver/Src/stm32l4xx_hal_adc_ex.o
                0x00000000080014a4                HAL_ADCEx_MultiModeConfigChannel
 .text.__NVIC_SetPriorityGrouping
                0x00000000080015fc       0x48 Drivers/STM32L4xx_HAL_Driver/Src/stm32l4xx_hal_cortex.o
 .text.__NVIC_GetPriorityGrouping
                0x0000000008001644       0x1c Drivers/STM32L4xx_HAL_Driver/Src/stm32l4xx_hal_cortex.o
 .text.__NVIC_EnableIRQ
                0x0000000008001660       0x3c Drivers/STM32L4xx_HAL_Driver/Src/stm32l4xx_hal_cortex.o
 .text.__NVIC_SetPriority
                0x000000000800169c       0x54 Drivers/STM32L4xx_HAL_Driver/Src/stm32l4xx_hal_cortex.o
 .text.NVIC_EncodePriority
                0x00000000080016f0       0x66 Drivers/STM32L4xx_HAL_Driver/Src/stm32l4xx_hal_cortex.o
 *fill*         0x0000000008001756        0x2 
 .text.SysTick_Config
                0x0000000008001758       0x44 Drivers/STM32L4xx_HAL_Driver/Src/stm32l4xx_hal_cortex.o
 .text.HAL_NVIC_SetPriorityGrouping
                0x000000000800179c       0x16 Drivers/STM32L4xx_HAL_Driver/Src/stm32l4xx_hal_cortex.o
                0x000000000800179c                HAL_NVIC_SetPriorityGrouping
 .text.HAL_NVIC_SetPriority
                0x00000000080017b2       0x38 Drivers/STM32L4xx_HAL_Driver/Src/stm32l4xx_hal_cortex.o
                0x00000000080017b2                HAL_NVIC_SetPriority
 .text.HAL_NVIC_EnableIRQ
                0x00000000080017ea       0x1c Drivers/STM32L4xx_HAL_Driver/Src/stm32l4xx_hal_cortex.o
                0x00000000080017ea                HAL_NVIC_EnableIRQ
 .text.HAL_SYSTICK_Config
                0x0000000008001806       0x18 Drivers/STM32L4xx_HAL_Driver/Src/stm32l4xx_hal_cortex.o
                0x0000000008001806                HAL_SYSTICK_Config
 *fill*         0x000000000800181e        0x2 
 .text.HAL_DCMI_Init
                0x0000000008001820      0x10c Drivers/STM32L4xx_HAL_Driver/Src/stm32l4xx_hal_dcmi.o
                0x0000000008001820                HAL_DCMI_Init
 .text.HAL_DFSDM_ChannelInit
                0x000000000800192c      0x180 Drivers/STM32L4xx_HAL_Driver/Src/stm32l4xx_hal_dfsdm.o
                0x000000000800192c                HAL_DFSDM_ChannelInit
 .text.HAL_DFSDM_ChannelCkabCallback
                0x0000000008001aac       0x14 Drivers/STM32L4xx_HAL_Driver/Src/stm32l4xx_hal_dfsdm.o
                0x0000000008001aac                HAL_DFSDM_ChannelCkabCallback
 .text.HAL_DFSDM_ChannelScdCallback
                0x0000000008001ac0       0x14 Drivers/STM32L4xx_HAL_Driver/Src/stm32l4xx_hal_dfsdm.o
                0x0000000008001ac0                HAL_DFSDM_ChannelScdCallback
 .text.HAL_DFSDM_FilterInit
                0x0000000008001ad4      0x1b4 Drivers/STM32L4xx_HAL_Driver/Src/stm32l4xx_hal_dfsdm.o
                0x0000000008001ad4                HAL_DFSDM_FilterInit
 .text.HAL_DFSDM_FilterConfigRegChannel
                0x0000000008001c88       0x8a Drivers/STM32L4xx_HAL_Driver/Src/stm32l4xx_hal_dfsdm.o
                0x0000000008001c88                HAL_DFSDM_FilterConfigRegChannel
 *fill*         0x0000000008001d12        0x2 
 .text.HAL_DFSDM_FilterRegularStart_DMA
                0x0000000008001d14      0x104 Drivers/STM32L4xx_HAL_Driver/Src/stm32l4xx_hal_dfsdm.o
                0x0000000008001d14                HAL_DFSDM_FilterRegularStart_DMA
 .text.HAL_DFSDM_FilterRegularStop_DMA
                0x0000000008001e18       0x54 Drivers/STM32L4xx_HAL_Driver/Src/stm32l4xx_hal_dfsdm.o
                0x0000000008001e18                HAL_DFSDM_FilterRegularStop_DMA
 .text.HAL_DFSDM_IRQHandler
                0x0000000008001e6c      0x2cc Drivers/STM32L4xx_HAL_Driver/Src/stm32l4xx_hal_dfsdm.o
                0x0000000008001e6c                HAL_DFSDM_IRQHandler
 .text.HAL_DFSDM_FilterInjConvCpltCallback
                0x0000000008002138       0x14 Drivers/STM32L4xx_HAL_Driver/Src/stm32l4xx_hal_dfsdm.o
                0x0000000008002138                HAL_DFSDM_FilterInjConvCpltCallback
 .text.HAL_DFSDM_FilterAwdCallback
                0x000000000800214c       0x18 Drivers/STM32L4xx_HAL_Driver/Src/stm32l4xx_hal_dfsdm.o
                0x000000000800214c                HAL_DFSDM_FilterAwdCallback
 .text.HAL_DFSDM_FilterErrorCallback
                0x0000000008002164       0x14 Drivers/STM32L4xx_HAL_Driver/Src/stm32l4xx_hal_dfsdm.o
                0x0000000008002164                HAL_DFSDM_FilterErrorCallback
 .text.DFSDM_DMARegularHalfConvCplt
                0x0000000008002178       0x1c Drivers/STM32L4xx_HAL_Driver/Src/stm32l4xx_hal_dfsdm.o
 .text.DFSDM_DMARegularConvCplt
                0x0000000008002194       0x1c Drivers/STM32L4xx_HAL_Driver/Src/stm32l4xx_hal_dfsdm.o
 .text.DFSDM_DMAError
                0x00000000080021b0       0x22 Drivers/STM32L4xx_HAL_Driver/Src/stm32l4xx_hal_dfsdm.o
 *fill*         0x00000000080021d2        0x2 
 .text.DFSDM_GetChannelFromInstance
                0x00000000080021d4       0xac Drivers/STM32L4xx_HAL_Driver/Src/stm32l4xx_hal_dfsdm.o
 .text.DFSDM_RegConvStart
                0x0000000008002280       0xac Drivers/STM32L4xx_HAL_Driver/Src/stm32l4xx_hal_dfsdm.o
 .text.DFSDM_RegConvStop
                0x000000000800232c       0x9a Drivers/STM32L4xx_HAL_Driver/Src/stm32l4xx_hal_dfsdm.o
 *fill*         0x00000000080023c6        0x2 
 .text.HAL_DMA_Init
                0x00000000080023c8      0x170 Drivers/STM32L4xx_HAL_Driver/Src/stm32l4xx_hal_dma.o
                0x00000000080023c8                HAL_DMA_Init
 .text.HAL_DMA_Start_IT
                0x0000000008002538       0xc0 Drivers/STM32L4xx_HAL_Driver/Src/stm32l4xx_hal_dma.o
                0x0000000008002538                HAL_DMA_Start_IT
 .text.HAL_DMA_Abort
                0x00000000080025f8       0x7c Drivers/STM32L4xx_HAL_Driver/Src/stm32l4xx_hal_dma.o
                0x00000000080025f8                HAL_DMA_Abort
 .text.HAL_DMA_Abort_IT
                0x0000000008002674       0x82 Drivers/STM32L4xx_HAL_Driver/Src/stm32l4xx_hal_dma.o
                0x0000000008002674                HAL_DMA_Abort_IT
 .text.HAL_DMA_IRQHandler
                0x00000000080026f6      0x15e Drivers/STM32L4xx_HAL_Driver/Src/stm32l4xx_hal_dma.o
                0x00000000080026f6                HAL_DMA_IRQHandler
 .text.DMA_SetConfig
                0x0000000008002854       0x60 Drivers/STM32L4xx_HAL_Driver/Src/stm32l4xx_hal_dma.o
 .text.HAL_GPIO_Init
                0x00000000080028b4      0x324 Drivers/STM32L4xx_HAL_Driver/Src/stm32l4xx_hal_gpio.o
                0x00000000080028b4                HAL_GPIO_Init
 .text.HAL_GPIO_WritePin
                0x0000000008002bd8       0x30 Drivers/STM32L4xx_HAL_Driver/Src/stm32l4xx_hal_gpio.o
                0x0000000008002bd8                HAL_GPIO_WritePin
 .text.HAL_GPIO_TogglePin
                0x0000000008002c08       0x32 Drivers/STM32L4xx_HAL_Driver/Src/stm32l4xx_hal_gpio.o
                0x0000000008002c08                HAL_GPIO_TogglePin
 .text.HAL_I2C_Init
                0x0000000008002c3a      0x11e Drivers/STM32L4xx_HAL_Driver/Src/stm32l4xx_hal_i2c.o
                0x0000000008002c3a                HAL_I2C_Init
 .text.HAL_I2CEx_ConfigAnalogFilter
                0x0000000008002d58       0x96 Drivers/STM32L4xx_HAL_Driver/Src/stm32l4xx_hal_i2c_ex.o
                0x0000000008002d58                HAL_I2CEx_ConfigAnalogFilter
 .text.HAL_I2CEx_ConfigDigitalFilter
                0x0000000008002dee       0x98 Drivers/STM32L4xx_HAL_Driver/Src/stm32l4xx_hal_i2c_ex.o
                0x0000000008002dee                HAL_I2CEx_ConfigDigitalFilter
 .text.HAL_PCD_Init
                0x0000000008002e86      0x248 Drivers/STM32L4xx_HAL_Driver/Src/stm32l4xx_hal_pcd.o
                0x0000000008002e86                HAL_PCD_Init
 .text.HAL_PCD_Start
                0x00000000080030ce       0x5e Drivers/STM32L4xx_HAL_Driver/Src/stm32l4xx_hal_pcd.o
                0x00000000080030ce                HAL_PCD_Start
 .text.HAL_PCD_IRQHandler
                0x000000000800312c      0x704 Drivers/STM32L4xx_HAL_Driver/Src/stm32l4xx_hal_pcd.o
                0x000000000800312c                HAL_PCD_IRQHandler
 .text.HAL_PCD_SetAddress
                0x0000000008003830       0x4a Drivers/STM32L4xx_HAL_Driver/Src/stm32l4xx_hal_pcd.o
                0x0000000008003830                HAL_PCD_SetAddress
 .text.HAL_PCD_EP_Open
                0x000000000800387a       0xd0 Drivers/STM32L4xx_HAL_Driver/Src/stm32l4xx_hal_pcd.o
                0x000000000800387a                HAL_PCD_EP_Open
 .text.HAL_PCD_EP_Close
                0x000000000800394a       0x94 Drivers/STM32L4xx_HAL_Driver/Src/stm32l4xx_hal_pcd.o
                0x000000000800394a                HAL_PCD_EP_Close
 .text.HAL_PCD_EP_Receive
                0x00000000080039de       0x7c Drivers/STM32L4xx_HAL_Driver/Src/stm32l4xx_hal_pcd.o
                0x00000000080039de                HAL_PCD_EP_Receive
 .text.HAL_PCD_EP_GetRxCount
                0x0000000008003a5a       0x30 Drivers/STM32L4xx_HAL_Driver/Src/stm32l4xx_hal_pcd.o
                0x0000000008003a5a                HAL_PCD_EP_GetRxCount
 .text.HAL_PCD_EP_Transmit
                0x0000000008003a8a       0x7a Drivers/STM32L4xx_HAL_Driver/Src/stm32l4xx_hal_pcd.o
                0x0000000008003a8a                HAL_PCD_EP_Transmit
 .text.HAL_PCD_EP_SetStall
                0x0000000008003b04       0xc4 Drivers/STM32L4xx_HAL_Driver/Src/stm32l4xx_hal_pcd.o
                0x0000000008003b04                HAL_PCD_EP_SetStall
 .text.HAL_PCD_EP_ClrStall
                0x0000000008003bc8       0xac Drivers/STM32L4xx_HAL_Driver/Src/stm32l4xx_hal_pcd.o
                0x0000000008003bc8                HAL_PCD_EP_ClrStall
 .text.PCD_WriteEmptyTxFifo
                0x0000000008003c74      0x110 Drivers/STM32L4xx_HAL_Driver/Src/stm32l4xx_hal_pcd.o
 .text.PCD_EP_OutXfrComplete_int
                0x0000000008003d84       0x9c Drivers/STM32L4xx_HAL_Driver/Src/stm32l4xx_hal_pcd.o
 .text.PCD_EP_OutSetupPacket_int
                0x0000000008003e20       0x68 Drivers/STM32L4xx_HAL_Driver/Src/stm32l4xx_hal_pcd.o
 .text.HAL_PCDEx_SetTxFiFo
                0x0000000008003e88       0x8e Drivers/STM32L4xx_HAL_Driver/Src/stm32l4xx_hal_pcd_ex.o
                0x0000000008003e88                HAL_PCDEx_SetTxFiFo
 .text.HAL_PCDEx_SetRxFiFo
                0x0000000008003f16       0x22 Drivers/STM32L4xx_HAL_Driver/Src/stm32l4xx_hal_pcd_ex.o
                0x0000000008003f16                HAL_PCDEx_SetRxFiFo
 .text.HAL_PCDEx_ActivateLPM
                0x0000000008003f38       0x48 Drivers/STM32L4xx_HAL_Driver/Src/stm32l4xx_hal_pcd_ex.o
                0x0000000008003f38                HAL_PCDEx_ActivateLPM
 .text.HAL_PWR_EnableBkUpAccess
                0x0000000008003f80       0x20 Drivers/STM32L4xx_HAL_Driver/Src/stm32l4xx_hal_pwr.o
                0x0000000008003f80                HAL_PWR_EnableBkUpAccess
 .text.HAL_PWREx_GetVoltageRange
                0x0000000008003fa0       0x1c Drivers/STM32L4xx_HAL_Driver/Src/stm32l4xx_hal_pwr_ex.o
                0x0000000008003fa0                HAL_PWREx_GetVoltageRange
 .text.HAL_PWREx_ControlVoltageScaling
                0x0000000008003fbc       0xac Drivers/STM32L4xx_HAL_Driver/Src/stm32l4xx_hal_pwr_ex.o
                0x0000000008003fbc                HAL_PWREx_ControlVoltageScaling
 .text.HAL_PWREx_EnableVddUSB
                0x0000000008004068       0x20 Drivers/STM32L4xx_HAL_Driver/Src/stm32l4xx_hal_pwr_ex.o
                0x0000000008004068                HAL_PWREx_EnableVddUSB
 .text.HAL_PWREx_EnableVddIO2
                0x0000000008004088       0x20 Drivers/STM32L4xx_HAL_Driver/Src/stm32l4xx_hal_pwr_ex.o
                0x0000000008004088                HAL_PWREx_EnableVddIO2
 .text.HAL_QSPI_Init
                0x00000000080040a8      0x110 Drivers/STM32L4xx_HAL_Driver/Src/stm32l4xx_hal_qspi.o
                0x00000000080040a8                HAL_QSPI_Init
 .text.HAL_QSPI_SetTimeout
                0x00000000080041b8       0x1c Drivers/STM32L4xx_HAL_Driver/Src/stm32l4xx_hal_qspi.o
                0x00000000080041b8                HAL_QSPI_SetTimeout
 .text.QSPI_WaitFlagStateUntilTimeout
                0x00000000080041d4       0x6e Drivers/STM32L4xx_HAL_Driver/Src/stm32l4xx_hal_qspi.o
 *fill*         0x0000000008004242        0x2 
 .text.HAL_RCC_OscConfig
                0x0000000008004244      0x7dc Drivers/STM32L4xx_HAL_Driver/Src/stm32l4xx_hal_rcc.o
                0x0000000008004244                HAL_RCC_OscConfig
 .text.HAL_RCC_ClockConfig
                0x0000000008004a20      0x1c4 Drivers/STM32L4xx_HAL_Driver/Src/stm32l4xx_hal_rcc.o
                0x0000000008004a20                HAL_RCC_ClockConfig
 .text.HAL_RCC_GetSysClockFreq
                0x0000000008004be4      0x114 Drivers/STM32L4xx_HAL_Driver/Src/stm32l4xx_hal_rcc.o
                0x0000000008004be4                HAL_RCC_GetSysClockFreq
 .text.HAL_RCC_GetHCLKFreq
                0x0000000008004cf8       0x18 Drivers/STM32L4xx_HAL_Driver/Src/stm32l4xx_hal_rcc.o
                0x0000000008004cf8                HAL_RCC_GetHCLKFreq
 .text.HAL_RCC_GetPCLK1Freq
                0x0000000008004d10       0x2c Drivers/STM32L4xx_HAL_Driver/Src/stm32l4xx_hal_rcc.o
                0x0000000008004d10                HAL_RCC_GetPCLK1Freq
 .text.HAL_RCC_GetPCLK2Freq
                0x0000000008004d3c       0x2c Drivers/STM32L4xx_HAL_Driver/Src/stm32l4xx_hal_rcc.o
                0x0000000008004d3c                HAL_RCC_GetPCLK2Freq
 .text.RCC_SetFlashLatencyFromMSIRange
                0x0000000008004d68       0xc0 Drivers/STM32L4xx_HAL_Driver/Src/stm32l4xx_hal_rcc.o
 .text.HAL_RCCEx_PeriphCLKConfig
                0x0000000008004e28      0x5f0 Drivers/STM32L4xx_HAL_Driver/Src/stm32l4xx_hal_rcc_ex.o
                0x0000000008004e28                HAL_RCCEx_PeriphCLKConfig
 .text.HAL_RCCEx_GetPeriphCLKFreq
                0x0000000008005418      0x96c Drivers/STM32L4xx_HAL_Driver/Src/stm32l4xx_hal_rcc_ex.o
                0x0000000008005418                HAL_RCCEx_GetPeriphCLKFreq
 .text.HAL_RCCEx_EnableMSIPLLMode
                0x0000000008005d84       0x20 Drivers/STM32L4xx_HAL_Driver/Src/stm32l4xx_hal_rcc_ex.o
                0x0000000008005d84                HAL_RCCEx_EnableMSIPLLMode
 .text.RCCEx_PLLSAI1_Config
                0x0000000008005da4      0x1e0 Drivers/STM32L4xx_HAL_Driver/Src/stm32l4xx_hal_rcc_ex.o
 .text.RCCEx_PLLSAI2_Config
                0x0000000008005f84      0x1b4 Drivers/STM32L4xx_HAL_Driver/Src/stm32l4xx_hal_rcc_ex.o
 .text.RCCEx_GetSAIxPeriphCLKFreq
                0x0000000008006138      0x1d4 Drivers/STM32L4xx_HAL_Driver/Src/stm32l4xx_hal_rcc_ex.o
 .text.HAL_SAI_Init
                0x000000000800630c      0x2cc Drivers/STM32L4xx_HAL_Driver/Src/stm32l4xx_hal_sai.o
                0x000000000800630c                HAL_SAI_Init
 .text.SAI_Disable
                0x00000000080065d8       0x68 Drivers/STM32L4xx_HAL_Driver/Src/stm32l4xx_hal_sai.o
 .text.HAL_SD_Init
                0x0000000008006640       0x60 Drivers/STM32L4xx_HAL_Driver/Src/stm32l4xx_hal_sd.o
                0x0000000008006640                HAL_SD_Init
 .text.HAL_SD_InitCard
                0x00000000080066a0       0xe2 Drivers/STM32L4xx_HAL_Driver/Src/stm32l4xx_hal_sd.o
                0x00000000080066a0                HAL_SD_InitCard
 *fill*         0x0000000008006782        0x2 
 .text.HAL_SD_GetCardCSD
                0x0000000008006784      0x348 Drivers/STM32L4xx_HAL_Driver/Src/stm32l4xx_hal_sd.o
                0x0000000008006784                HAL_SD_GetCardCSD
 .text.HAL_SD_ConfigWideBusOperation
                0x0000000008006acc       0xf8 Drivers/STM32L4xx_HAL_Driver/Src/stm32l4xx_hal_sd.o
                0x0000000008006acc                HAL_SD_ConfigWideBusOperation
 .text.SD_InitCard
                0x0000000008006bc4      0x19a Drivers/STM32L4xx_HAL_Driver/Src/stm32l4xx_hal_sd.o
 *fill*         0x0000000008006d5e        0x2 
 .text.SD_PowerON
                0x0000000008006d60      0x11c Drivers/STM32L4xx_HAL_Driver/Src/stm32l4xx_hal_sd.o
 .text.SD_WideBus_Enable
                0x0000000008006e7c       0x96 Drivers/STM32L4xx_HAL_Driver/Src/stm32l4xx_hal_sd.o
 .text.SD_WideBus_Disable
                0x0000000008006f12       0x96 Drivers/STM32L4xx_HAL_Driver/Src/stm32l4xx_hal_sd.o
 .text.SD_FindSCR
                0x0000000008006fa8      0x194 Drivers/STM32L4xx_HAL_Driver/Src/stm32l4xx_hal_sd.o
 .text.HAL_SPI_Init
                0x000000000800713c      0x114 Drivers/STM32L4xx_HAL_Driver/Src/stm32l4xx_hal_spi.o
                0x000000000800713c                HAL_SPI_Init
 .text.HAL_SRAM_Init
                0x0000000008007250       0x88 Drivers/STM32L4xx_HAL_Driver/Src/stm32l4xx_hal_sram.o
                0x0000000008007250                HAL_SRAM_Init
 .text.HAL_UART_Init
                0x00000000080072d8       0x9c Drivers/STM32L4xx_HAL_Driver/Src/stm32l4xx_hal_uart.o
                0x00000000080072d8                HAL_UART_Init
 .text.HAL_UART_Transmit
                0x0000000008007374      0x126 Drivers/STM32L4xx_HAL_Driver/Src/stm32l4xx_hal_uart.o
                0x0000000008007374                HAL_UART_Transmit
 .text.HAL_UART_Receive
                0x000000000800749a      0x19a Drivers/STM32L4xx_HAL_Driver/Src/stm32l4xx_hal_uart.o
                0x000000000800749a                HAL_UART_Receive
 .text.HAL_UART_Receive_IT
                0x0000000008007634      0x144 Drivers/STM32L4xx_HAL_Driver/Src/stm32l4xx_hal_uart.o
                0x0000000008007634                HAL_UART_Receive_IT
 .text.HAL_UART_IRQHandler
                0x0000000008007778      0x260 Drivers/STM32L4xx_HAL_Driver/Src/stm32l4xx_hal_uart.o
                0x0000000008007778                HAL_UART_IRQHandler
 .text.HAL_UART_TxCpltCallback
                0x00000000080079d8       0x14 Drivers/STM32L4xx_HAL_Driver/Src/stm32l4xx_hal_uart.o
                0x00000000080079d8                HAL_UART_TxCpltCallback
 .text.HAL_UART_ErrorCallback
                0x00000000080079ec       0x14 Drivers/STM32L4xx_HAL_Driver/Src/stm32l4xx_hal_uart.o
                0x00000000080079ec                HAL_UART_ErrorCallback
 .text.UART_SetConfig
                0x0000000008007a00      0x690 Drivers/STM32L4xx_HAL_Driver/Src/stm32l4xx_hal_uart.o
                0x0000000008007a00                UART_SetConfig
 .text.UART_AdvFeatureConfig
                0x0000000008008090      0x144 Drivers/STM32L4xx_HAL_Driver/Src/stm32l4xx_hal_uart.o
                0x0000000008008090                UART_AdvFeatureConfig
 .text.UART_CheckIdleState
                0x00000000080081d4       0x8a Drivers/STM32L4xx_HAL_Driver/Src/stm32l4xx_hal_uart.o
                0x00000000080081d4                UART_CheckIdleState
 .text.UART_WaitOnFlagUntilTimeout
                0x000000000800825e       0x90 Drivers/STM32L4xx_HAL_Driver/Src/stm32l4xx_hal_uart.o
                0x000000000800825e                UART_WaitOnFlagUntilTimeout
 .text.UART_EndRxTransfer
                0x00000000080082ee       0x40 Drivers/STM32L4xx_HAL_Driver/Src/stm32l4xx_hal_uart.o
 .text.UART_DMAAbortOnError
                0x000000000800832e       0x2c Drivers/STM32L4xx_HAL_Driver/Src/stm32l4xx_hal_uart.o
 .text.UART_EndTransmit_IT
                0x000000000800835a       0x32 Drivers/STM32L4xx_HAL_Driver/Src/stm32l4xx_hal_uart.o
 .text.UART_RxISR_8BIT
                0x000000000800838c       0xaa Drivers/STM32L4xx_HAL_Driver/Src/stm32l4xx_hal_uart.o
 .text.UART_RxISR_16BIT
                0x0000000008008436       0xaa Drivers/STM32L4xx_HAL_Driver/Src/stm32l4xx_hal_uart.o
 .text.HAL_UARTEx_WakeupCallback
                0x00000000080084e0       0x14 Drivers/STM32L4xx_HAL_Driver/Src/stm32l4xx_hal_uart_ex.o
                0x00000000080084e0                HAL_UARTEx_WakeupCallback
 .text.FMC_NORSRAM_Init
                0x00000000080084f4       0xf0 Drivers/STM32L4xx_HAL_Driver/Src/stm32l4xx_ll_fmc.o
                0x00000000080084f4                FMC_NORSRAM_Init
 .text.FMC_NORSRAM_Timing_Init
                0x00000000080085e4       0xa4 Drivers/STM32L4xx_HAL_Driver/Src/stm32l4xx_ll_fmc.o
                0x00000000080085e4                FMC_NORSRAM_Timing_Init
 .text.FMC_NORSRAM_Extended_Timing_Init
                0x0000000008008688       0x70 Drivers/STM32L4xx_HAL_Driver/Src/stm32l4xx_ll_fmc.o
                0x0000000008008688                FMC_NORSRAM_Extended_Timing_Init
 .text.SDMMC_Init
                0x00000000080086f8       0x5a Drivers/STM32L4xx_HAL_Driver/Src/stm32l4xx_ll_sdmmc.o
                0x00000000080086f8                SDMMC_Init
 .text.SDMMC_ReadFIFO
                0x0000000008008752       0x1a Drivers/STM32L4xx_HAL_Driver/Src/stm32l4xx_ll_sdmmc.o
                0x0000000008008752                SDMMC_ReadFIFO
 .text.SDMMC_PowerState_ON
                0x000000000800876c       0x1e Drivers/STM32L4xx_HAL_Driver/Src/stm32l4xx_ll_sdmmc.o
                0x000000000800876c                SDMMC_PowerState_ON
 .text.SDMMC_GetPowerState
                0x000000000800878a       0x1c Drivers/STM32L4xx_HAL_Driver/Src/stm32l4xx_ll_sdmmc.o
                0x000000000800878a                SDMMC_GetPowerState
 .text.SDMMC_SendCommand
                0x00000000080087a6       0x54 Drivers/STM32L4xx_HAL_Driver/Src/stm32l4xx_ll_sdmmc.o
                0x00000000080087a6                SDMMC_SendCommand
 .text.SDMMC_GetCommandResponse
                0x00000000080087fa       0x1a Drivers/STM32L4xx_HAL_Driver/Src/stm32l4xx_ll_sdmmc.o
                0x00000000080087fa                SDMMC_GetCommandResponse
 .text.SDMMC_GetResponse
                0x0000000008008814       0x26 Drivers/STM32L4xx_HAL_Driver/Src/stm32l4xx_ll_sdmmc.o
                0x0000000008008814                SDMMC_GetResponse
 .text.SDMMC_ConfigData
                0x000000000800883a       0x58 Drivers/STM32L4xx_HAL_Driver/Src/stm32l4xx_ll_sdmmc.o
                0x000000000800883a                SDMMC_ConfigData
 .text.SDMMC_CmdBlockLength
                0x0000000008008892       0x44 Drivers/STM32L4xx_HAL_Driver/Src/stm32l4xx_ll_sdmmc.o
                0x0000000008008892                SDMMC_CmdBlockLength
 .text.SDMMC_CmdSelDesel
                0x00000000080088d6       0x46 Drivers/STM32L4xx_HAL_Driver/Src/stm32l4xx_ll_sdmmc.o
                0x00000000080088d6                SDMMC_CmdSelDesel
 .text.SDMMC_CmdGoIdleState
                0x000000000800891c       0x3c Drivers/STM32L4xx_HAL_Driver/Src/stm32l4xx_ll_sdmmc.o
                0x000000000800891c                SDMMC_CmdGoIdleState
 .text.SDMMC_CmdOperCond
                0x0000000008008958       0x3e Drivers/STM32L4xx_HAL_Driver/Src/stm32l4xx_ll_sdmmc.o
                0x0000000008008958                SDMMC_CmdOperCond
 .text.SDMMC_CmdAppCommand
                0x0000000008008996       0x44 Drivers/STM32L4xx_HAL_Driver/Src/stm32l4xx_ll_sdmmc.o
                0x0000000008008996                SDMMC_CmdAppCommand
 .text.SDMMC_CmdAppOperCommand
                0x00000000080089da       0x46 Drivers/STM32L4xx_HAL_Driver/Src/stm32l4xx_ll_sdmmc.o
                0x00000000080089da                SDMMC_CmdAppOperCommand
 .text.SDMMC_CmdBusWidth
                0x0000000008008a20       0x44 Drivers/STM32L4xx_HAL_Driver/Src/stm32l4xx_ll_sdmmc.o
                0x0000000008008a20                SDMMC_CmdBusWidth
 .text.SDMMC_CmdSendSCR
                0x0000000008008a64       0x42 Drivers/STM32L4xx_HAL_Driver/Src/stm32l4xx_ll_sdmmc.o
                0x0000000008008a64                SDMMC_CmdSendSCR
 .text.SDMMC_CmdSendCID
                0x0000000008008aa6       0x3c Drivers/STM32L4xx_HAL_Driver/Src/stm32l4xx_ll_sdmmc.o
                0x0000000008008aa6                SDMMC_CmdSendCID
 .text.SDMMC_CmdSendCSD
                0x0000000008008ae2       0x3e Drivers/STM32L4xx_HAL_Driver/Src/stm32l4xx_ll_sdmmc.o
                0x0000000008008ae2                SDMMC_CmdSendCSD
 .text.SDMMC_CmdSetRelAdd
                0x0000000008008b20       0x42 Drivers/STM32L4xx_HAL_Driver/Src/stm32l4xx_ll_sdmmc.o
                0x0000000008008b20                SDMMC_CmdSetRelAdd
 *fill*         0x0000000008008b62        0x2 
 .text.SDMMC_GetCmdError
                0x0000000008008b64       0x50 Drivers/STM32L4xx_HAL_Driver/Src/stm32l4xx_ll_sdmmc.o
 .text.SDMMC_GetCmdResp1
                0x0000000008008bb4      0x1d8 Drivers/STM32L4xx_HAL_Driver/Src/stm32l4xx_ll_sdmmc.o
 .text.SDMMC_GetCmdResp2
                0x0000000008008d8c       0x8c Drivers/STM32L4xx_HAL_Driver/Src/stm32l4xx_ll_sdmmc.o
 .text.SDMMC_GetCmdResp3
                0x0000000008008e18       0x74 Drivers/STM32L4xx_HAL_Driver/Src/stm32l4xx_ll_sdmmc.o
 .text.SDMMC_GetCmdResp6
                0x0000000008008e8c       0xe8 Drivers/STM32L4xx_HAL_Driver/Src/stm32l4xx_ll_sdmmc.o
 .text.SDMMC_GetCmdResp7
                0x0000000008008f74       0x98 Drivers/STM32L4xx_HAL_Driver/Src/stm32l4xx_ll_sdmmc.o
 .text.USB_CoreInit
                0x000000000800900c       0xa4 Drivers/STM32L4xx_HAL_Driver/Src/stm32l4xx_ll_usb.o
                0x000000000800900c                USB_CoreInit
 .text.USB_SetTurnaroundTime
                0x00000000080090b0      0x138 Drivers/STM32L4xx_HAL_Driver/Src/stm32l4xx_ll_usb.o
                0x00000000080090b0                USB_SetTurnaroundTime
 .text.USB_EnableGlobalInt
                0x00000000080091e8       0x22 Drivers/STM32L4xx_HAL_Driver/Src/stm32l4xx_ll_usb.o
                0x00000000080091e8                USB_EnableGlobalInt
 .text.USB_DisableGlobalInt
                0x000000000800920a       0x22 Drivers/STM32L4xx_HAL_Driver/Src/stm32l4xx_ll_usb.o
                0x000000000800920a                USB_DisableGlobalInt
 .text.USB_SetCurrentMode
                0x000000000800922c       0x54 Drivers/STM32L4xx_HAL_Driver/Src/stm32l4xx_ll_usb.o
                0x000000000800922c                USB_SetCurrentMode
 .text.USB_DevInit
                0x0000000008009280      0x284 Drivers/STM32L4xx_HAL_Driver/Src/stm32l4xx_ll_usb.o
                0x0000000008009280                USB_DevInit
 .text.USB_FlushTxFifo
                0x0000000008009504       0x4c Drivers/STM32L4xx_HAL_Driver/Src/stm32l4xx_ll_usb.o
                0x0000000008009504                USB_FlushTxFifo
 .text.USB_FlushRxFifo
                0x0000000008009550       0x44 Drivers/STM32L4xx_HAL_Driver/Src/stm32l4xx_ll_usb.o
                0x0000000008009550                USB_FlushRxFifo
 .text.USB_SetDevSpeed
                0x0000000008009594       0x32 Drivers/STM32L4xx_HAL_Driver/Src/stm32l4xx_ll_usb.o
                0x0000000008009594                USB_SetDevSpeed
 .text.USB_GetDevSpeed
                0x00000000080095c6       0x3e Drivers/STM32L4xx_HAL_Driver/Src/stm32l4xx_ll_usb.o
                0x00000000080095c6                USB_GetDevSpeed
 .text.USB_ActivateEndpoint
                0x0000000008009604      0x10e Drivers/STM32L4xx_HAL_Driver/Src/stm32l4xx_ll_usb.o
                0x0000000008009604                USB_ActivateEndpoint
 *fill*         0x0000000008009712        0x2 
 .text.USB_DeactivateEndpoint
                0x0000000008009714      0x108 Drivers/STM32L4xx_HAL_Driver/Src/stm32l4xx_ll_usb.o
                0x0000000008009714                USB_DeactivateEndpoint
 .text.USB_EPStartXfer
                0x000000000800981c      0x3b8 Drivers/STM32L4xx_HAL_Driver/Src/stm32l4xx_ll_usb.o
                0x000000000800981c                USB_EPStartXfer
 .text.USB_EP0StartXfer
                0x0000000008009bd4      0x23c Drivers/STM32L4xx_HAL_Driver/Src/stm32l4xx_ll_usb.o
                0x0000000008009bd4                USB_EP0StartXfer
 .text.USB_WritePacket
                0x0000000008009e10       0x62 Drivers/STM32L4xx_HAL_Driver/Src/stm32l4xx_ll_usb.o
                0x0000000008009e10                USB_WritePacket
 .text.USB_ReadPacket
                0x0000000008009e72       0x52 Drivers/STM32L4xx_HAL_Driver/Src/stm32l4xx_ll_usb.o
                0x0000000008009e72                USB_ReadPacket
 .text.USB_EPSetStall
                0x0000000008009ec4       0xdc Drivers/STM32L4xx_HAL_Driver/Src/stm32l4xx_ll_usb.o
                0x0000000008009ec4                USB_EPSetStall
 .text.USB_EPClearStall
                0x0000000008009fa0       0xcc Drivers/STM32L4xx_HAL_Driver/Src/stm32l4xx_ll_usb.o
                0x0000000008009fa0                USB_EPClearStall
 .text.USB_SetDevAddress
                0x000000000800a06c       0x4c Drivers/STM32L4xx_HAL_Driver/Src/stm32l4xx_ll_usb.o
                0x000000000800a06c                USB_SetDevAddress
 .text.USB_DevConnect
                0x000000000800a0b8       0x30 Drivers/STM32L4xx_HAL_Driver/Src/stm32l4xx_ll_usb.o
                0x000000000800a0b8                USB_DevConnect
 .text.USB_DevDisconnect
                0x000000000800a0e8       0x30 Drivers/STM32L4xx_HAL_Driver/Src/stm32l4xx_ll_usb.o
                0x000000000800a0e8                USB_DevDisconnect
 .text.USB_ReadInterrupts
                0x000000000800a118       0x26 Drivers/STM32L4xx_HAL_Driver/Src/stm32l4xx_ll_usb.o
                0x000000000800a118                USB_ReadInterrupts
 .text.USB_ReadDevAllOutEpInterrupt
                0x000000000800a13e       0x34 Drivers/STM32L4xx_HAL_Driver/Src/stm32l4xx_ll_usb.o
                0x000000000800a13e                USB_ReadDevAllOutEpInterrupt
 .text.USB_ReadDevAllInEpInterrupt
                0x000000000800a172       0x34 Drivers/STM32L4xx_HAL_Driver/Src/stm32l4xx_ll_usb.o
                0x000000000800a172                USB_ReadDevAllInEpInterrupt
 .text.USB_ReadDevOutEPInterrupt
                0x000000000800a1a6       0x3c Drivers/STM32L4xx_HAL_Driver/Src/stm32l4xx_ll_usb.o
                0x000000000800a1a6                USB_ReadDevOutEPInterrupt
 .text.USB_ReadDevInEPInterrupt
                0x000000000800a1e2       0x5c Drivers/STM32L4xx_HAL_Driver/Src/stm32l4xx_ll_usb.o
                0x000000000800a1e2                USB_ReadDevInEPInterrupt
 .text.USB_GetMode
                0x000000000800a23e       0x1c Drivers/STM32L4xx_HAL_Driver/Src/stm32l4xx_ll_usb.o
                0x000000000800a23e                USB_GetMode
 .text.USB_ActivateSetup
                0x000000000800a25a       0x6a Drivers/STM32L4xx_HAL_Driver/Src/stm32l4xx_ll_usb.o
                0x000000000800a25a                USB_ActivateSetup
 .text.USB_EP0_OutStart
                0x000000000800a2c4       0x90 Drivers/STM32L4xx_HAL_Driver/Src/stm32l4xx_ll_usb.o
                0x000000000800a2c4                USB_EP0_OutStart
 .text.USB_CoreReset
                0x000000000800a354       0x68 Drivers/STM32L4xx_HAL_Driver/Src/stm32l4xx_ll_usb.o
 .text.USBD_CDC_Init
                0x000000000800a3bc       0xf4 Middlewares/ST/STM32_USB_Device_Library/Class/CDC/Src/usbd_cdc.o
 .text.USBD_CDC_DeInit
                0x000000000800a4b0       0x6e Middlewares/ST/STM32_USB_Device_Library/Class/CDC/Src/usbd_cdc.o
 .text.USBD_CDC_Setup
                0x000000000800a51e      0x140 Middlewares/ST/STM32_USB_Device_Library/Class/CDC/Src/usbd_cdc.o
 .text.USBD_CDC_DataIn
                0x000000000800a65e       0xa6 Middlewares/ST/STM32_USB_Device_Library/Class/CDC/Src/usbd_cdc.o
 .text.USBD_CDC_DataOut
                0x000000000800a704       0x56 Middlewares/ST/STM32_USB_Device_Library/Class/CDC/Src/usbd_cdc.o
 .text.USBD_CDC_EP0_RxReady
                0x000000000800a75a       0x50 Middlewares/ST/STM32_USB_Device_Library/Class/CDC/Src/usbd_cdc.o
 *fill*         0x000000000800a7aa        0x2 
 .text.USBD_CDC_GetFSCfgDesc
                0x000000000800a7ac       0x20 Middlewares/ST/STM32_USB_Device_Library/Class/CDC/Src/usbd_cdc.o
 .text.USBD_CDC_GetHSCfgDesc
                0x000000000800a7cc       0x20 Middlewares/ST/STM32_USB_Device_Library/Class/CDC/Src/usbd_cdc.o
 .text.USBD_CDC_GetOtherSpeedCfgDesc
                0x000000000800a7ec       0x20 Middlewares/ST/STM32_USB_Device_Library/Class/CDC/Src/usbd_cdc.o
 .text.USBD_CDC_GetDeviceQualifierDescriptor
                0x000000000800a80c       0x20 Middlewares/ST/STM32_USB_Device_Library/Class/CDC/Src/usbd_cdc.o
                0x000000000800a80c                USBD_CDC_GetDeviceQualifierDescriptor
 .text.USBD_CDC_RegisterInterface
                0x000000000800a82c       0x2e Middlewares/ST/STM32_USB_Device_Library/Class/CDC/Src/usbd_cdc.o
                0x000000000800a82c                USBD_CDC_RegisterInterface
 .text.USBD_CDC_SetTxBuffer
                0x000000000800a85a       0x34 Middlewares/ST/STM32_USB_Device_Library/Class/CDC/Src/usbd_cdc.o
                0x000000000800a85a                USBD_CDC_SetTxBuffer
 .text.USBD_CDC_SetRxBuffer
                0x000000000800a88e       0x28 Middlewares/ST/STM32_USB_Device_Library/Class/CDC/Src/usbd_cdc.o
                0x000000000800a88e                USBD_CDC_SetRxBuffer
 .text.USBD_CDC_ReceivePacket
                0x000000000800a8b6       0x54 Middlewares/ST/STM32_USB_Device_Library/Class/CDC/Src/usbd_cdc.o
                0x000000000800a8b6                USBD_CDC_ReceivePacket
 .text.USBD_Init
                0x000000000800a90a       0x56 Middlewares/ST/STM32_USB_Device_Library/Core/Src/usbd_core.o
                0x000000000800a90a                USBD_Init
 .text.USBD_RegisterClass
                0x000000000800a960       0x34 Middlewares/ST/STM32_USB_Device_Library/Core/Src/usbd_core.o
                0x000000000800a960                USBD_RegisterClass
 .text.USBD_Start
                0x000000000800a994       0x18 Middlewares/ST/STM32_USB_Device_Library/Core/Src/usbd_core.o
                0x000000000800a994                USBD_Start
 .text.USBD_RunTestMode
                0x000000000800a9ac       0x16 Middlewares/ST/STM32_USB_Device_Library/Core/Src/usbd_core.o
                0x000000000800a9ac                USBD_RunTestMode
 .text.USBD_SetClassConfig
                0x000000000800a9c2       0x3e Middlewares/ST/STM32_USB_Device_Library/Core/Src/usbd_core.o
                0x000000000800a9c2                USBD_SetClassConfig
 .text.USBD_ClrClassConfig
                0x000000000800aa00       0x26 Middlewares/ST/STM32_USB_Device_Library/Core/Src/usbd_core.o
                0x000000000800aa00                USBD_ClrClassConfig
 .text.USBD_LL_SetupStage
                0x000000000800aa26       0x96 Middlewares/ST/STM32_USB_Device_Library/Core/Src/usbd_core.o
                0x000000000800aa26                USBD_LL_SetupStage
 .text.USBD_LL_DataOutStage
                0x000000000800aabc       0xe2 Middlewares/ST/STM32_USB_Device_Library/Core/Src/usbd_core.o
                0x000000000800aabc                USBD_LL_DataOutStage
 .text.USBD_LL_DataInStage
                0x000000000800ab9e      0x14a Middlewares/ST/STM32_USB_Device_Library/Core/Src/usbd_core.o
                0x000000000800ab9e                USBD_LL_DataInStage
 .text.USBD_LL_Reset
                0x000000000800ace8       0x82 Middlewares/ST/STM32_USB_Device_Library/Core/Src/usbd_core.o
                0x000000000800ace8                USBD_LL_Reset
 .text.USBD_LL_SetSpeed
                0x000000000800ad6a       0x20 Middlewares/ST/STM32_USB_Device_Library/Core/Src/usbd_core.o
                0x000000000800ad6a                USBD_LL_SetSpeed
 .text.USBD_LL_Suspend
                0x000000000800ad8a       0x2a Middlewares/ST/STM32_USB_Device_Library/Core/Src/usbd_core.o
                0x000000000800ad8a                USBD_LL_Suspend
 .text.USBD_LL_Resume
                0x000000000800adb4       0x22 Middlewares/ST/STM32_USB_Device_Library/Core/Src/usbd_core.o
                0x000000000800adb4                USBD_LL_Resume
 .text.USBD_LL_SOF
                0x000000000800add6       0x34 Middlewares/ST/STM32_USB_Device_Library/Core/Src/usbd_core.o
                0x000000000800add6                USBD_LL_SOF
 .text.USBD_LL_IsoINIncomplete
                0x000000000800ae0a       0x1a Middlewares/ST/STM32_USB_Device_Library/Core/Src/usbd_core.o
                0x000000000800ae0a                USBD_LL_IsoINIncomplete
 .text.USBD_LL_IsoOUTIncomplete
                0x000000000800ae24       0x1a Middlewares/ST/STM32_USB_Device_Library/Core/Src/usbd_core.o
                0x000000000800ae24                USBD_LL_IsoOUTIncomplete
 .text.USBD_LL_DevConnected
                0x000000000800ae3e       0x16 Middlewares/ST/STM32_USB_Device_Library/Core/Src/usbd_core.o
                0x000000000800ae3e                USBD_LL_DevConnected
 .text.USBD_LL_DevDisconnected
                0x000000000800ae54       0x2e Middlewares/ST/STM32_USB_Device_Library/Core/Src/usbd_core.o
                0x000000000800ae54                USBD_LL_DevDisconnected
 *fill*         0x000000000800ae82        0x2 
 .text.USBD_StdDevReq
                0x000000000800ae84       0xd4 Middlewares/ST/STM32_USB_Device_Library/Core/Src/usbd_ctlreq.o
                0x000000000800ae84                USBD_StdDevReq
 .text.USBD_StdItfReq
                0x000000000800af58       0x8c Middlewares/ST/STM32_USB_Device_Library/Core/Src/usbd_ctlreq.o
                0x000000000800af58                USBD_StdItfReq
 .text.USBD_StdEPReq
                0x000000000800afe4      0x2b6 Middlewares/ST/STM32_USB_Device_Library/Core/Src/usbd_ctlreq.o
                0x000000000800afe4                USBD_StdEPReq
 *fill*         0x000000000800b29a        0x2 
 .text.USBD_GetDescriptor
                0x000000000800b29c      0x22c Middlewares/ST/STM32_USB_Device_Library/Core/Src/usbd_ctlreq.o
 .text.USBD_SetAddress
                0x000000000800b4c8       0x84 Middlewares/ST/STM32_USB_Device_Library/Core/Src/usbd_ctlreq.o
 .text.USBD_SetConfig
                0x000000000800b54c      0x11c Middlewares/ST/STM32_USB_Device_Library/Core/Src/usbd_ctlreq.o
 .text.USBD_GetConfig
                0x000000000800b668       0x68 Middlewares/ST/STM32_USB_Device_Library/Core/Src/usbd_ctlreq.o
 .text.USBD_GetStatus
                0x000000000800b6d0       0x66 Middlewares/ST/STM32_USB_Device_Library/Core/Src/usbd_ctlreq.o
 .text.USBD_SetFeature
                0x000000000800b736       0x28 Middlewares/ST/STM32_USB_Device_Library/Core/Src/usbd_ctlreq.o
 .text.USBD_ClrFeature
                0x000000000800b75e       0x42 Middlewares/ST/STM32_USB_Device_Library/Core/Src/usbd_ctlreq.o
 .text.USBD_ParseSetupRequest
                0x000000000800b7a0       0x7a Middlewares/ST/STM32_USB_Device_Library/Core/Src/usbd_ctlreq.o
                0x000000000800b7a0                USBD_ParseSetupRequest
 .text.USBD_CtlError
                0x000000000800b81a       0x22 Middlewares/ST/STM32_USB_Device_Library/Core/Src/usbd_ctlreq.o
                0x000000000800b81a                USBD_CtlError
 .text.USBD_GetString
                0x000000000800b83c       0x84 Middlewares/ST/STM32_USB_Device_Library/Core/Src/usbd_ctlreq.o
                0x000000000800b83c                USBD_GetString
 .text.USBD_GetLen
                0x000000000800b8c0       0x30 Middlewares/ST/STM32_USB_Device_Library/Core/Src/usbd_ctlreq.o
 .text.USBD_CtlSendData
                0x000000000800b8f0       0x38 Middlewares/ST/STM32_USB_Device_Library/Core/Src/usbd_ioreq.o
                0x000000000800b8f0                USBD_CtlSendData
 .text.USBD_CtlContinueSendData
                0x000000000800b928       0x24 Middlewares/ST/STM32_USB_Device_Library/Core/Src/usbd_ioreq.o
                0x000000000800b928                USBD_CtlContinueSendData
 .text.USBD_CtlPrepareRx
                0x000000000800b94c       0x3c Middlewares/ST/STM32_USB_Device_Library/Core/Src/usbd_ioreq.o
                0x000000000800b94c                USBD_CtlPrepareRx
 .text.USBD_CtlContinueRx
                0x000000000800b988       0x24 Middlewares/ST/STM32_USB_Device_Library/Core/Src/usbd_ioreq.o
                0x000000000800b988                USBD_CtlContinueRx
 .text.USBD_CtlSendStatus
                0x000000000800b9ac       0x26 Middlewares/ST/STM32_USB_Device_Library/Core/Src/usbd_ioreq.o
                0x000000000800b9ac                USBD_CtlSendStatus
 .text.USBD_CtlReceiveStatus
                0x000000000800b9d2       0x26 Middlewares/ST/STM32_USB_Device_Library/Core/Src/usbd_ioreq.o
                0x000000000800b9d2                USBD_CtlReceiveStatus
 .text.rsam_init
                0x000000000800b9f8       0x3c Src/main.o
                0x000000000800b9f8                rsam_init
 .text.rsam_calculate
                0x000000000800ba34      0x138 Src/main.o
                0x000000000800ba34                rsam_calculate
 .text.HAL_DFSDM_FilterRegConvCpltCallback
                0x000000000800bb6c       0x78 Src/main.o
                0x000000000800bb6c                HAL_DFSDM_FilterRegConvCpltCallback
 .text.HAL_DFSDM_FilterRegConvHalfCpltCallback
                0x000000000800bbe4       0x14 Src/main.o
                0x000000000800bbe4                HAL_DFSDM_FilterRegConvHalfCpltCallback
 .text.HAL_UART_RxCpltCallback
                0x000000000800bbf8       0x20 Src/main.o
                0x000000000800bbf8                HAL_UART_RxCpltCallback
 .text.main     0x000000000800bc18      0x3a0 Src/main.o
                0x000000000800bc18                main
 .text.SystemClock_Config
                0x000000000800bfb8      0x164 Src/main.o
                0x000000000800bfb8                SystemClock_Config
 .text.MX_ADC1_Init
                0x000000000800c11c       0xf0 Src/main.o
 .text.MX_ADC2_Init
                0x000000000800c20c       0xc8 Src/main.o
 .text.MX_ADC3_Init
                0x000000000800c2d4       0xc8 Src/main.o
 .text.MX_DCMI_Init
                0x000000000800c39c       0x68 Src/main.o
 .text.MX_DFSDM1_Init
                0x000000000800c404       0xcc Src/main.o
 .text.MX_I2C1_Init
                0x000000000800c4d0       0x80 Src/main.o
 .text.MX_I2C2_Init
                0x000000000800c550       0x80 Src/main.o
 .text.MX_LPUART1_UART_Init
                0x000000000800c5d0       0x5c Src/main.o
 .text.MX_USART1_UART_Init
                0x000000000800c62c       0x60 Src/main.o
 .text.MX_USART2_UART_Init
                0x000000000800c68c       0x60 Src/main.o
 .text.MX_QUADSPI_Init
                0x000000000800c6ec       0x58 Src/main.o
 .text.MX_SAI1_Init
                0x000000000800c744      0x150 Src/main.o
 .text.MX_SDMMC1_SD_Init
                0x000000000800c894       0x60 Src/main.o
 .text.MX_SPI1_Init
                0x000000000800c8f4       0x7c Src/main.o
 .text.MX_SPI2_Init
                0x000000000800c970       0x7c Src/main.o
 .text.MX_DMA_Init
                0x000000000800c9ec       0x3c Src/main.o
 .text.MX_FMC_Init
                0x000000000800ca28      0x164 Src/main.o
 .text.MX_GPIO_Init
                0x000000000800cb8c      0x2ec Src/main.o
 .text.Error_Handler
                0x000000000800ce78        0xe Src/main.o
                0x000000000800ce78                Error_Handler
 *fill*         0x000000000800ce86        0x2 
 .text.HAL_MspInit
                0x000000000800ce88       0x48 Src/stm32l4xx_hal_msp.o
                0x000000000800ce88                HAL_MspInit
 .text.HAL_ADC_MspInit
                0x000000000800ced0      0x1a0 Src/stm32l4xx_hal_msp.o
                0x000000000800ced0                HAL_ADC_MspInit
 .text.HAL_DCMI_MspInit
                0x000000000800d070      0x100 Src/stm32l4xx_hal_msp.o
                0x000000000800d070                HAL_DCMI_MspInit
 .text.HAL_DFSDM_FilterMspInit
                0x000000000800d170      0x164 Src/stm32l4xx_hal_msp.o
                0x000000000800d170                HAL_DFSDM_FilterMspInit
 .text.HAL_DFSDM_ChannelMspInit
                0x000000000800d2d4       0xd8 Src/stm32l4xx_hal_msp.o
                0x000000000800d2d4                HAL_DFSDM_ChannelMspInit
 .text.HAL_I2C_MspInit
                0x000000000800d3ac      0x128 Src/stm32l4xx_hal_msp.o
                0x000000000800d3ac                HAL_I2C_MspInit
 .text.HAL_UART_MspInit
                0x000000000800d4d4      0x1dc Src/stm32l4xx_hal_msp.o
                0x000000000800d4d4                HAL_UART_MspInit
 .text.HAL_QSPI_MspInit
                0x000000000800d6b0       0xc4 Src/stm32l4xx_hal_msp.o
                0x000000000800d6b0                HAL_QSPI_MspInit
 .text.HAL_SD_MspInit
                0x000000000800d774       0xc4 Src/stm32l4xx_hal_msp.o
                0x000000000800d774                HAL_SD_MspInit
 .text.HAL_SPI_MspInit
                0x000000000800d838      0x160 Src/stm32l4xx_hal_msp.o
                0x000000000800d838                HAL_SPI_MspInit
 .text.HAL_FMC_MspInit
                0x000000000800d998       0xdc Src/stm32l4xx_hal_msp.o
 .text.HAL_SRAM_MspInit
                0x000000000800da74       0x14 Src/stm32l4xx_hal_msp.o
                0x000000000800da74                HAL_SRAM_MspInit
 .text.HAL_SAI_MspInit
                0x000000000800da88       0xf4 Src/stm32l4xx_hal_msp.o
                0x000000000800da88                HAL_SAI_MspInit
 .text.NMI_Handler
                0x000000000800db7c        0xe Src/stm32l4xx_it.o
                0x000000000800db7c                NMI_Handler
 .text.HardFault_Handler
                0x000000000800db8a        0x6 Src/stm32l4xx_it.o
                0x000000000800db8a                HardFault_Handler
 .text.MemManage_Handler
                0x000000000800db90        0x6 Src/stm32l4xx_it.o
                0x000000000800db90                MemManage_Handler
 .text.BusFault_Handler
                0x000000000800db96        0x6 Src/stm32l4xx_it.o
                0x000000000800db96                BusFault_Handler
 .text.UsageFault_Handler
                0x000000000800db9c        0x6 Src/stm32l4xx_it.o
                0x000000000800db9c                UsageFault_Handler
 .text.SVC_Handler
                0x000000000800dba2        0xe Src/stm32l4xx_it.o
                0x000000000800dba2                SVC_Handler
 .text.DebugMon_Handler
                0x000000000800dbb0        0xe Src/stm32l4xx_it.o
                0x000000000800dbb0                DebugMon_Handler
 .text.PendSV_Handler
                0x000000000800dbbe        0xe Src/stm32l4xx_it.o
                0x000000000800dbbe                PendSV_Handler
 .text.SysTick_Handler
                0x000000000800dbcc        0xc Src/stm32l4xx_it.o
                0x000000000800dbcc                SysTick_Handler
 .text.DMA1_Channel4_IRQHandler
                0x000000000800dbd8       0x14 Src/stm32l4xx_it.o
                0x000000000800dbd8                DMA1_Channel4_IRQHandler
 .text.USART2_IRQHandler
                0x000000000800dbec       0x14 Src/stm32l4xx_it.o
                0x000000000800dbec                USART2_IRQHandler
 .text.DFSDM1_FLT0_IRQHandler
                0x000000000800dc00       0x14 Src/stm32l4xx_it.o
                0x000000000800dc00                DFSDM1_FLT0_IRQHandler
 .text.OTG_FS_IRQHandler
                0x000000000800dc14       0x14 Src/stm32l4xx_it.o
                0x000000000800dc14                OTG_FS_IRQHandler
 .text._sbrk    0x000000000800dc28       0x58 Src/sysmem.o
                0x000000000800dc28                _sbrk
 .text.SystemInit
                0x000000000800dc80       0x6c Src/system_stm32l4xx.o
                0x000000000800dc80                SystemInit
 .text.MX_USB_DEVICE_Init
                0x000000000800dcec       0x60 Src/usb_device.o
                0x000000000800dcec                MX_USB_DEVICE_Init
 .text.CDC_Init_FS
                0x000000000800dd4c       0x28 Src/usbd_cdc_if.o
 .text.CDC_DeInit_FS
                0x000000000800dd74       0x10 Src/usbd_cdc_if.o
 .text.CDC_Control_FS
                0x000000000800dd84       0xbc Src/usbd_cdc_if.o
 .text.CDC_Receive_FS
                0x000000000800de40       0x28 Src/usbd_cdc_if.o
 .text.HAL_PCD_MspInit
                0x000000000800de68       0xcc Src/usbd_conf.o
                0x000000000800de68                HAL_PCD_MspInit
 .text.HAL_PCD_SetupStageCallback
                0x000000000800df34       0x24 Src/usbd_conf.o
                0x000000000800df34                HAL_PCD_SetupStageCallback
 .text.HAL_PCD_DataOutStageCallback
                0x000000000800df58       0x36 Src/usbd_conf.o
                0x000000000800df58                HAL_PCD_DataOutStageCallback
 .text.HAL_PCD_DataInStageCallback
                0x000000000800df8e       0x34 Src/usbd_conf.o
                0x000000000800df8e                HAL_PCD_DataInStageCallback
 .text.HAL_PCD_SOFCallback
                0x000000000800dfc2       0x1c Src/usbd_conf.o
                0x000000000800dfc2                HAL_PCD_SOFCallback
 .text.HAL_PCD_ResetCallback
                0x000000000800dfde       0x3c Src/usbd_conf.o
                0x000000000800dfde                HAL_PCD_ResetCallback
 *fill*         0x000000000800e01a        0x2 
 .text.HAL_PCD_SuspendCallback
                0x000000000800e01c       0x4c Src/usbd_conf.o
                0x000000000800e01c                HAL_PCD_SuspendCallback
 .text.HAL_PCD_ResumeCallback
                0x000000000800e068       0x50 Src/usbd_conf.o
                0x000000000800e068                HAL_PCD_ResumeCallback
 .text.HAL_PCD_ISOOUTIncompleteCallback
                0x000000000800e0b8       0x24 Src/usbd_conf.o
                0x000000000800e0b8                HAL_PCD_ISOOUTIncompleteCallback
 .text.HAL_PCD_ISOINIncompleteCallback
                0x000000000800e0dc       0x24 Src/usbd_conf.o
                0x000000000800e0dc                HAL_PCD_ISOINIncompleteCallback
 .text.HAL_PCD_ConnectCallback
                0x000000000800e100       0x1c Src/usbd_conf.o
                0x000000000800e100                HAL_PCD_ConnectCallback
 .text.HAL_PCD_DisconnectCallback
                0x000000000800e11c       0x1c Src/usbd_conf.o
                0x000000000800e11c                HAL_PCD_DisconnectCallback
 .text.USBD_LL_Init
                0x000000000800e138       0x98 Src/usbd_conf.o
                0x000000000800e138                USBD_LL_Init
 .text.USBD_LL_Start
                0x000000000800e1d0       0x64 Src/usbd_conf.o
                0x000000000800e1d0                USBD_LL_Start
 .text.USBD_LL_OpenEP
                0x000000000800e234       0x7c Src/usbd_conf.o
                0x000000000800e234                USBD_LL_OpenEP
 .text.USBD_LL_CloseEP
                0x000000000800e2b0       0x6c Src/usbd_conf.o
                0x000000000800e2b0                USBD_LL_CloseEP
 .text.USBD_LL_StallEP
                0x000000000800e31c       0x6c Src/usbd_conf.o
                0x000000000800e31c                USBD_LL_StallEP
 .text.USBD_LL_ClearStallEP
                0x000000000800e388       0x6c Src/usbd_conf.o
                0x000000000800e388                USBD_LL_ClearStallEP
 .text.USBD_LL_IsStallEP
                0x000000000800e3f4       0x58 Src/usbd_conf.o
                0x000000000800e3f4                USBD_LL_IsStallEP
 .text.USBD_LL_SetUSBAddress
                0x000000000800e44c       0x6c Src/usbd_conf.o
                0x000000000800e44c                USBD_LL_SetUSBAddress
 .text.USBD_LL_Transmit
                0x000000000800e4b8       0x74 Src/usbd_conf.o
                0x000000000800e4b8                USBD_LL_Transmit
 .text.USBD_LL_PrepareReceive
                0x000000000800e52c       0x74 Src/usbd_conf.o
                0x000000000800e52c                USBD_LL_PrepareReceive
 .text.USBD_LL_GetRxDataSize
                0x000000000800e5a0       0x26 Src/usbd_conf.o
                0x000000000800e5a0                USBD_LL_GetRxDataSize
 *fill*         0x000000000800e5c6        0x2 
 .text.HAL_PCDEx_LPM_Callback
                0x000000000800e5c8       0x9c Src/usbd_conf.o
                0x000000000800e5c8                HAL_PCDEx_LPM_Callback
 .text.USBD_static_malloc
                0x000000000800e664       0x1c Src/usbd_conf.o
                0x000000000800e664                USBD_static_malloc
 .text.USBD_static_free
                0x000000000800e680       0x14 Src/usbd_conf.o
                0x000000000800e680                USBD_static_free
 .text.SystemClockConfig_Resume
                0x000000000800e694        0xc Src/usbd_conf.o
 .text.USBD_FS_DeviceDescriptor
                0x000000000800e6a0       0x24 Src/usbd_desc.o
                0x000000000800e6a0                USBD_FS_DeviceDescriptor
 .text.USBD_FS_LangIDStrDescriptor
                0x000000000800e6c4       0x24 Src/usbd_desc.o
                0x000000000800e6c4                USBD_FS_LangIDStrDescriptor
 .text.USBD_FS_ProductStrDescriptor
                0x000000000800e6e8       0x3c Src/usbd_desc.o
                0x000000000800e6e8                USBD_FS_ProductStrDescriptor
 .text.USBD_FS_ManufacturerStrDescriptor
                0x000000000800e724       0x28 Src/usbd_desc.o
                0x000000000800e724                USBD_FS_ManufacturerStrDescriptor
 .text.USBD_FS_SerialStrDescriptor
                0x000000000800e74c       0x24 Src/usbd_desc.o
                0x000000000800e74c                USBD_FS_SerialStrDescriptor
 .text.USBD_FS_ConfigStrDescriptor
                0x000000000800e770       0x3c Src/usbd_desc.o
                0x000000000800e770                USBD_FS_ConfigStrDescriptor
 .text.USBD_FS_InterfaceStrDescriptor
                0x000000000800e7ac       0x3c Src/usbd_desc.o
                0x000000000800e7ac                USBD_FS_InterfaceStrDescriptor
 .text.USBD_FS_USR_BOSDescriptor
                0x000000000800e7e8       0x24 Src/usbd_desc.o
                0x000000000800e7e8                USBD_FS_USR_BOSDescriptor
 .text.Get_SerialNum
                0x000000000800e80c       0x58 Src/usbd_desc.o
 .text.IntToUnicode
                0x000000000800e864       0x7c Src/usbd_desc.o
 .text.Reset_Handler
                0x000000000800e8e0       0x50 Startup/startup_stm32l496agix.o
                0x000000000800e8e0                Reset_Handler
 .text.Default_Handler
                0x000000000800e930        0x2 Startup/startup_stm32l496agix.o
                0x000000000800e930                RTC_Alarm_IRQHandler
                0x000000000800e930                EXTI2_IRQHandler
                0x000000000800e930                TIM8_TRG_COM_IRQHandler
                0x000000000800e930                TIM8_CC_IRQHandler
                0x000000000800e930                TIM1_CC_IRQHandler
                0x000000000800e930                TSC_IRQHandler
                0x000000000800e930                TAMP_STAMP_IRQHandler
                0x000000000800e930                CAN2_RX1_IRQHandler
                0x000000000800e930                EXTI3_IRQHandler
                0x000000000800e930                LPTIM2_IRQHandler
                0x000000000800e930                DFSDM1_FLT1_IRQHandler
                0x000000000800e930                I2C3_ER_IRQHandler
                0x000000000800e930                DFSDM1_FLT2_IRQHandler
                0x000000000800e930                EXTI0_IRQHandler
                0x000000000800e930                I2C2_EV_IRQHandler
                0x000000000800e930                CAN1_RX0_IRQHandler
                0x000000000800e930                FPU_IRQHandler
                0x000000000800e930                TIM1_UP_TIM16_IRQHandler
                0x000000000800e930                CAN2_SCE_IRQHandler
                0x000000000800e930                ADC1_2_IRQHandler
                0x000000000800e930                SPI1_IRQHandler
                0x000000000800e930                TIM6_DAC_IRQHandler
                0x000000000800e930                DCMI_IRQHandler
                0x000000000800e930                CAN2_RX0_IRQHandler
                0x000000000800e930                TIM8_UP_IRQHandler
                0x000000000800e930                DMA2_Channel2_IRQHandler
                0x000000000800e930                SAI2_IRQHandler
                0x000000000800e930                DFSDM1_FLT3_IRQHandler
                0x000000000800e930                USART3_IRQHandler
                0x000000000800e930                DMA1_Channel7_IRQHandler
                0x000000000800e930                CAN1_RX1_IRQHandler
                0x000000000800e930                LCD_IRQHandler
                0x000000000800e930                UART5_IRQHandler
                0x000000000800e930                ADC3_IRQHandler
                0x000000000800e930                TIM4_IRQHandler
                0x000000000800e930                DMA2_Channel1_IRQHandler
                0x000000000800e930                QUADSPI_IRQHandler
                0x000000000800e930                I2C1_EV_IRQHandler
                0x000000000800e930                DMA1_Channel6_IRQHandler
                0x000000000800e930                UART4_IRQHandler
                0x000000000800e930                DMA2_Channel4_IRQHandler
                0x000000000800e930                TIM3_IRQHandler
                0x000000000800e930                RCC_IRQHandler
                0x000000000800e930                DMA1_Channel1_IRQHandler
                0x000000000800e930                Default_Handler
                0x000000000800e930                DMA2_Channel7_IRQHandler
                0x000000000800e930                EXTI15_10_IRQHandler
                0x000000000800e930                TIM7_IRQHandler
                0x000000000800e930                SDMMC1_IRQHandler
                0x000000000800e930                CAN2_TX_IRQHandler
                0x000000000800e930                TIM5_IRQHandler
                0x000000000800e930                I2C3_EV_IRQHandler
                0x000000000800e930                EXTI9_5_IRQHandler
                0x000000000800e930                RTC_WKUP_IRQHandler
                0x000000000800e930                PVD_PVM_IRQHandler
                0x000000000800e930                SPI2_IRQHandler
                0x000000000800e930                CAN1_TX_IRQHandler
                0x000000000800e930                DMA2_Channel5_IRQHandler
                0x000000000800e930                CRS_IRQHandler
                0x000000000800e930                DMA1_Channel5_IRQHandler
                0x000000000800e930                EXTI4_IRQHandler
                0x000000000800e930                RNG_IRQHandler
                0x000000000800e930                TIM1_TRG_COM_TIM17_IRQHandler
                0x000000000800e930                DMA1_Channel3_IRQHandler
                0x000000000800e930                COMP_IRQHandler
                0x000000000800e930                WWDG_IRQHandler
                0x000000000800e930                I2C4_EV_IRQHandler
                0x000000000800e930                LPUART1_IRQHandler
                0x000000000800e930                DMA2_Channel6_IRQHandler
                0x000000000800e930                TIM2_IRQHandler
                0x000000000800e930                EXTI1_IRQHandler
                0x000000000800e930                I2C2_ER_IRQHandler
                0x000000000800e930                DMA1_Channel2_IRQHandler
                0x000000000800e930                TIM8_BRK_IRQHandler
                0x000000000800e930                CAN1_SCE_IRQHandler
                0x000000000800e930                FLASH_IRQHandler
                0x000000000800e930                USART1_IRQHandler
                0x000000000800e930                SPI3_IRQHandler
                0x000000000800e930                I2C1_ER_IRQHandler
                0x000000000800e930                FMC_IRQHandler
                0x000000000800e930                SWPMI1_IRQHandler
                0x000000000800e930                LPTIM1_IRQHandler
                0x000000000800e930                I2C4_ER_IRQHandler
                0x000000000800e930                SAI1_IRQHandler
                0x000000000800e930                DMA2_Channel3_IRQHandler
                0x000000000800e930                TIM1_BRK_TIM15_IRQHandler
 *fill*         0x000000000800e932        0x2 
 .text.arm_max_f32
                0x000000000800e934       0xd0 /home/klukomski/workspace/stm32/CMSIS/CMSIS/Lib/GCC/libarm_cortexM4lf_math.a(arm_max_f32.o)
                0x000000000800e934                arm_max_f32
 .text.arm_rfft_fast_init_f32
                0x000000000800ea04      0x108 /home/klukomski/workspace/stm32/CMSIS/CMSIS/Lib/GCC/libarm_cortexM4lf_math.a(arm_rfft_fast_init_f32.o)
                0x000000000800ea04                arm_rfft_fast_init_f32
 .text.arm_rfft_fast_f32
                0x000000000800eb0c      0x188 /home/klukomski/workspace/stm32/CMSIS/CMSIS/Lib/GCC/libarm_cortexM4lf_math.a(arm_rfft_fast_f32.o)
                0x000000000800eb0c                arm_rfft_fast_f32
 .text.arm_cfft_radix8by2_f32
                0x000000000800ec94      0x1a4 /home/klukomski/workspace/stm32/CMSIS/CMSIS/Lib/GCC/libarm_cortexM4lf_math.a(arm_cfft_f32.o)
                0x000000000800ec94                arm_cfft_radix8by2_f32
 .text.arm_cfft_radix8by4_f32
                0x000000000800ee38      0x4bc /home/klukomski/workspace/stm32/CMSIS/CMSIS/Lib/GCC/libarm_cortexM4lf_math.a(arm_cfft_f32.o)
                0x000000000800ee38                arm_cfft_radix8by4_f32
 .text.arm_cfft_f32
                0x000000000800f2f4       0xf4 /home/klukomski/workspace/stm32/CMSIS/CMSIS/Lib/GCC/libarm_cortexM4lf_math.a(arm_cfft_f32.o)
                0x000000000800f2f4                arm_cfft_f32
 .text.arm_rfft_init_q15
                0x000000000800f3e8      0x110 /home/klukomski/workspace/stm32/CMSIS/CMSIS/Lib/GCC/libarm_cortexM4lf_math.a(arm_rfft_init_q15.o)
                0x000000000800f3e8                arm_rfft_init_q15
 .text.arm_cmplx_mag_squared_f32
                0x000000000800f4f8       0xb0 /home/klukomski/workspace/stm32/CMSIS/CMSIS/Lib/GCC/libarm_cortexM4lf_math.a(arm_cmplx_mag_squared_f32.o)
                0x000000000800f4f8                arm_cmplx_mag_squared_f32
 .text.arm_radix8_butterfly_f32
                0x000000000800f5a8      0x5c4 /home/klukomski/workspace/stm32/CMSIS/CMSIS/Lib/GCC/libarm_cortexM4lf_math.a(arm_cfft_radix8_f32.o)
                0x000000000800f5a8                arm_radix8_butterfly_f32
 .text.__errno  0x000000000800fb6c        0xc /opt/st/stm32cubeide_1.0.0/plugins/com.st.stm32cube.ide.mcu.externaltools.gnu-tools-for-stm32.7-2018-q2-update.linux64_1.0.0.201904181610/tools/bin/../lib/gcc/arm-none-eabi/7.3.1/../../../../arm-none-eabi/lib/thumb/v7e-m/fpv4-sp/hard/libc_nano.a(lib_a-errno.o)
                0x000000000800fb6c                __errno
 .text.__libc_init_array
                0x000000000800fb78       0x48 /opt/st/stm32cubeide_1.0.0/plugins/com.st.stm32cube.ide.mcu.externaltools.gnu-tools-for-stm32.7-2018-q2-update.linux64_1.0.0.201904181610/tools/bin/../lib/gcc/arm-none-eabi/7.3.1/../../../../arm-none-eabi/lib/thumb/v7e-m/fpv4-sp/hard/libc_nano.a(lib_a-init.o)
                0x000000000800fb78                __libc_init_array
 .text.memcpy   0x000000000800fbc0       0x16 /opt/st/stm32cubeide_1.0.0/plugins/com.st.stm32cube.ide.mcu.externaltools.gnu-tools-for-stm32.7-2018-q2-update.linux64_1.0.0.201904181610/tools/bin/../lib/gcc/arm-none-eabi/7.3.1/../../../../arm-none-eabi/lib/thumb/v7e-m/fpv4-sp/hard/libc_nano.a(lib_a-memcpy-stub.o)
                0x000000000800fbc0                memcpy
 .text.memset   0x000000000800fbd6       0x10 /opt/st/stm32cubeide_1.0.0/plugins/com.st.stm32cube.ide.mcu.externaltools.gnu-tools-for-stm32.7-2018-q2-update.linux64_1.0.0.201904181610/tools/bin/../lib/gcc/arm-none-eabi/7.3.1/../../../../arm-none-eabi/lib/thumb/v7e-m/fpv4-sp/hard/libc_nano.a(lib_a-memset.o)
                0x000000000800fbd6                memset
 *fill*         0x000000000800fbe6        0x2 
 .text.sprintf  0x000000000800fbe8       0x40 /opt/st/stm32cubeide_1.0.0/plugins/com.st.stm32cube.ide.mcu.externaltools.gnu-tools-for-stm32.7-2018-q2-update.linux64_1.0.0.201904181610/tools/bin/../lib/gcc/arm-none-eabi/7.3.1/../../../../arm-none-eabi/lib/thumb/v7e-m/fpv4-sp/hard/libc_nano.a(lib_a-sprintf.o)
                0x000000000800fbe8                sprintf
                0x000000000800fbe8                siprintf
 .text.__ssputs_r
                0x000000000800fc28       0xb4 /opt/st/stm32cubeide_1.0.0/plugins/com.st.stm32cube.ide.mcu.externaltools.gnu-tools-for-stm32.7-2018-q2-update.linux64_1.0.0.201904181610/tools/bin/../lib/gcc/arm-none-eabi/7.3.1/../../../../arm-none-eabi/lib/thumb/v7e-m/fpv4-sp/hard/libc_nano.a(lib_a-nano-svfprintf.o)
                0x000000000800fc28                __ssputs_r
 .text._svfprintf_r
                0x000000000800fcdc      0x1f0 /opt/st/stm32cubeide_1.0.0/plugins/com.st.stm32cube.ide.mcu.externaltools.gnu-tools-for-stm32.7-2018-q2-update.linux64_1.0.0.201904181610/tools/bin/../lib/gcc/arm-none-eabi/7.3.1/../../../../arm-none-eabi/lib/thumb/v7e-m/fpv4-sp/hard/libc_nano.a(lib_a-nano-svfprintf.o)
                0x000000000800fcdc                _svfprintf_r
                0x000000000800fcdc                _svfiprintf_r
 .text._printf_common
                0x000000000800fecc       0xea /opt/st/stm32cubeide_1.0.0/plugins/com.st.stm32cube.ide.mcu.externaltools.gnu-tools-for-stm32.7-2018-q2-update.linux64_1.0.0.201904181610/tools/bin/../lib/gcc/arm-none-eabi/7.3.1/../../../../arm-none-eabi/lib/thumb/v7e-m/fpv4-sp/hard/libc_nano.a(lib_a-nano-vfprintf_i.o)
                0x000000000800fecc                _printf_common
 *fill*         0x000000000800ffb6        0x2 
 .text._printf_i
                0x000000000800ffb8      0x224 /opt/st/stm32cubeide_1.0.0/plugins/com.st.stm32cube.ide.mcu.externaltools.gnu-tools-for-stm32.7-2018-q2-update.linux64_1.0.0.201904181610/tools/bin/../lib/gcc/arm-none-eabi/7.3.1/../../../../arm-none-eabi/lib/thumb/v7e-m/fpv4-sp/hard/libc_nano.a(lib_a-nano-vfprintf_i.o)
                0x000000000800ffb8                _printf_i
 .text.memmove  0x00000000080101dc       0x32 /opt/st/stm32cubeide_1.0.0/plugins/com.st.stm32cube.ide.mcu.externaltools.gnu-tools-for-stm32.7-2018-q2-update.linux64_1.0.0.201904181610/tools/bin/../lib/gcc/arm-none-eabi/7.3.1/../../../../arm-none-eabi/lib/thumb/v7e-m/fpv4-sp/hard/libc_nano.a(lib_a-memmove.o)
                0x00000000080101dc                memmove
 *fill*         0x000000000801020e        0x2 
 .text._free_r  0x0000000008010210       0x9c /opt/st/stm32cubeide_1.0.0/plugins/com.st.stm32cube.ide.mcu.externaltools.gnu-tools-for-stm32.7-2018-q2-update.linux64_1.0.0.201904181610/tools/bin/../lib/gcc/arm-none-eabi/7.3.1/../../../../arm-none-eabi/lib/thumb/v7e-m/fpv4-sp/hard/libc_nano.a(lib_a-nano-freer.o)
                0x0000000008010210                _free_r
 .text._malloc_r
                0x00000000080102ac       0xb4 /opt/st/stm32cubeide_1.0.0/plugins/com.st.stm32cube.ide.mcu.externaltools.gnu-tools-for-stm32.7-2018-q2-update.linux64_1.0.0.201904181610/tools/bin/../lib/gcc/arm-none-eabi/7.3.1/../../../../arm-none-eabi/lib/thumb/v7e-m/fpv4-sp/hard/libc_nano.a(lib_a-nano-mallocr.o)
                0x00000000080102ac                _malloc_r
 .text._realloc_r
                0x0000000008010360       0x4c /opt/st/stm32cubeide_1.0.0/plugins/com.st.stm32cube.ide.mcu.externaltools.gnu-tools-for-stm32.7-2018-q2-update.linux64_1.0.0.201904181610/tools/bin/../lib/gcc/arm-none-eabi/7.3.1/../../../../arm-none-eabi/lib/thumb/v7e-m/fpv4-sp/hard/libc_nano.a(lib_a-nano-reallocr.o)
                0x0000000008010360                _realloc_r
 .text._sbrk_r  0x00000000080103ac       0x20 /opt/st/stm32cubeide_1.0.0/plugins/com.st.stm32cube.ide.mcu.externaltools.gnu-tools-for-stm32.7-2018-q2-update.linux64_1.0.0.201904181610/tools/bin/../lib/gcc/arm-none-eabi/7.3.1/../../../../arm-none-eabi/lib/thumb/v7e-m/fpv4-sp/hard/libc_nano.a(lib_a-sbrkr.o)
                0x00000000080103ac                _sbrk_r
 .text.__malloc_lock
                0x00000000080103cc        0x2 /opt/st/stm32cubeide_1.0.0/plugins/com.st.stm32cube.ide.mcu.externaltools.gnu-tools-for-stm32.7-2018-q2-update.linux64_1.0.0.201904181610/tools/bin/../lib/gcc/arm-none-eabi/7.3.1/../../../../arm-none-eabi/lib/thumb/v7e-m/fpv4-sp/hard/libc_nano.a(lib_a-mlock.o)
                0x00000000080103cc                __malloc_lock
 .text.__malloc_unlock
                0x00000000080103ce        0x2 /opt/st/stm32cubeide_1.0.0/plugins/com.st.stm32cube.ide.mcu.externaltools.gnu-tools-for-stm32.7-2018-q2-update.linux64_1.0.0.201904181610/tools/bin/../lib/gcc/arm-none-eabi/7.3.1/../../../../arm-none-eabi/lib/thumb/v7e-m/fpv4-sp/hard/libc_nano.a(lib_a-mlock.o)
                0x00000000080103ce                __malloc_unlock
 .text._malloc_usable_size_r
                0x00000000080103d0       0x10 /opt/st/stm32cubeide_1.0.0/plugins/com.st.stm32cube.ide.mcu.externaltools.gnu-tools-for-stm32.7-2018-q2-update.linux64_1.0.0.201904181610/tools/bin/../lib/gcc/arm-none-eabi/7.3.1/../../../../arm-none-eabi/lib/thumb/v7e-m/fpv4-sp/hard/libc_nano.a(lib_a-nano-msizer.o)
                0x00000000080103d0                _malloc_usable_size_r
 *(.glue_7)
 .glue_7        0x00000000080103e0        0x0 linker stubs
 *(.glue_7t)
 .glue_7t       0x00000000080103e0        0x0 linker stubs
 *(.eh_frame)
 .eh_frame      0x00000000080103e0        0x0 /opt/st/stm32cubeide_1.0.0/plugins/com.st.stm32cube.ide.mcu.externaltools.gnu-tools-for-stm32.7-2018-q2-update.linux64_1.0.0.201904181610/tools/bin/../lib/gcc/arm-none-eabi/7.3.1/thumb/v7e-m/fpv4-sp/hard/crtbegin.o
 *(.init)
 .init          0x00000000080103e0        0x4 /opt/st/stm32cubeide_1.0.0/plugins/com.st.stm32cube.ide.mcu.externaltools.gnu-tools-for-stm32.7-2018-q2-update.linux64_1.0.0.201904181610/tools/bin/../lib/gcc/arm-none-eabi/7.3.1/thumb/v7e-m/fpv4-sp/hard/crti.o
                0x00000000080103e0                _init
 .init          0x00000000080103e4        0x8 /opt/st/stm32cubeide_1.0.0/plugins/com.st.stm32cube.ide.mcu.externaltools.gnu-tools-for-stm32.7-2018-q2-update.linux64_1.0.0.201904181610/tools/bin/../lib/gcc/arm-none-eabi/7.3.1/thumb/v7e-m/fpv4-sp/hard/crtn.o
 *(.fini)
 .fini          0x00000000080103ec        0x4 /opt/st/stm32cubeide_1.0.0/plugins/com.st.stm32cube.ide.mcu.externaltools.gnu-tools-for-stm32.7-2018-q2-update.linux64_1.0.0.201904181610/tools/bin/../lib/gcc/arm-none-eabi/7.3.1/thumb/v7e-m/fpv4-sp/hard/crti.o
                0x00000000080103ec                _fini
 .fini          0x00000000080103f0        0x8 /opt/st/stm32cubeide_1.0.0/plugins/com.st.stm32cube.ide.mcu.externaltools.gnu-tools-for-stm32.7-2018-q2-update.linux64_1.0.0.201904181610/tools/bin/../lib/gcc/arm-none-eabi/7.3.1/thumb/v7e-m/fpv4-sp/hard/crtn.o
                0x00000000080103f8                . = ALIGN (0x4)
                0x00000000080103f8                _etext = .

.vfp11_veneer   0x00000000080103f8        0x0
 .vfp11_veneer  0x00000000080103f8        0x0 linker stubs

.v4_bx          0x00000000080103f8        0x0
 .v4_bx         0x00000000080103f8        0x0 linker stubs

.iplt           0x00000000080103f8        0x0
 .iplt          0x00000000080103f8        0x0 /opt/st/stm32cubeide_1.0.0/plugins/com.st.stm32cube.ide.mcu.externaltools.gnu-tools-for-stm32.7-2018-q2-update.linux64_1.0.0.201904181610/tools/bin/../lib/gcc/arm-none-eabi/7.3.1/thumb/v7e-m/fpv4-sp/hard/crtbegin.o

.rodata         0x00000000080103f8    0x25450
                0x00000000080103f8                . = ALIGN (0x4)
 *(.rodata)
 .rodata        0x00000000080103f8       0xd9 Src/main.o
 *fill*         0x00000000080104d1        0x3 
 .rodata        0x00000000080104d4       0x46 Src/usbd_desc.o
 *(.rodata*)
 *fill*         0x000000000801051a        0x2 
 .rodata.AHBPrescTable
                0x000000000801051c       0x10 Src/system_stm32l4xx.o
                0x000000000801051c                AHBPrescTable
 .rodata.APBPrescTable
                0x000000000801052c        0x8 Src/system_stm32l4xx.o
                0x000000000801052c                APBPrescTable
 .rodata.MSIRangeTable
                0x0000000008010534       0x30 Src/system_stm32l4xx.o
                0x0000000008010534                MSIRangeTable
 .rodata.realCoefAQ15
                0x0000000008010564     0x4000 /home/klukomski/workspace/stm32/CMSIS/CMSIS/Lib/GCC/libarm_cortexM4lf_math.a(arm_rfft_init_q15.o)
 .rodata.realCoefBQ15
                0x0000000008014564     0x4000 /home/klukomski/workspace/stm32/CMSIS/CMSIS/Lib/GCC/libarm_cortexM4lf_math.a(arm_rfft_init_q15.o)
 .rodata.arm_cfft_sR_q15_len1024
                0x0000000008018564       0x10 /home/klukomski/workspace/stm32/CMSIS/CMSIS/Lib/GCC/libarm_cortexM4lf_math.a(arm_const_structs.o)
                0x0000000008018564                arm_cfft_sR_q15_len1024
 .rodata.arm_cfft_sR_q15_len16
                0x0000000008018574       0x10 /home/klukomski/workspace/stm32/CMSIS/CMSIS/Lib/GCC/libarm_cortexM4lf_math.a(arm_const_structs.o)
                0x0000000008018574                arm_cfft_sR_q15_len16
 .rodata.arm_cfft_sR_q15_len32
                0x0000000008018584       0x10 /home/klukomski/workspace/stm32/CMSIS/CMSIS/Lib/GCC/libarm_cortexM4lf_math.a(arm_const_structs.o)
                0x0000000008018584                arm_cfft_sR_q15_len32
 .rodata.arm_cfft_sR_q15_len4096
                0x0000000008018594       0x10 /home/klukomski/workspace/stm32/CMSIS/CMSIS/Lib/GCC/libarm_cortexM4lf_math.a(arm_const_structs.o)
                0x0000000008018594                arm_cfft_sR_q15_len4096
 .rodata.arm_cfft_sR_q15_len512
                0x00000000080185a4       0x10 /home/klukomski/workspace/stm32/CMSIS/CMSIS/Lib/GCC/libarm_cortexM4lf_math.a(arm_const_structs.o)
                0x00000000080185a4                arm_cfft_sR_q15_len512
 .rodata.arm_cfft_sR_q15_len64
                0x00000000080185b4       0x10 /home/klukomski/workspace/stm32/CMSIS/CMSIS/Lib/GCC/libarm_cortexM4lf_math.a(arm_const_structs.o)
                0x00000000080185b4                arm_cfft_sR_q15_len64
 .rodata.arm_cfft_sR_q15_len256
                0x00000000080185c4       0x10 /home/klukomski/workspace/stm32/CMSIS/CMSIS/Lib/GCC/libarm_cortexM4lf_math.a(arm_const_structs.o)
                0x00000000080185c4                arm_cfft_sR_q15_len256
 .rodata.arm_cfft_sR_q15_len128
                0x00000000080185d4       0x10 /home/klukomski/workspace/stm32/CMSIS/CMSIS/Lib/GCC/libarm_cortexM4lf_math.a(arm_const_structs.o)
                0x00000000080185d4                arm_cfft_sR_q15_len128
 .rodata.arm_cfft_sR_q15_len2048
                0x00000000080185e4       0x10 /home/klukomski/workspace/stm32/CMSIS/CMSIS/Lib/GCC/libarm_cortexM4lf_math.a(arm_const_structs.o)
                0x00000000080185e4                arm_cfft_sR_q15_len2048
 .rodata.armBitRevIndexTable_fixed_128
                0x00000000080185f4       0xe0 /home/klukomski/workspace/stm32/CMSIS/CMSIS/Lib/GCC/libarm_cortexM4lf_math.a(arm_common_tables.o)
                0x00000000080185f4                armBitRevIndexTable_fixed_128
 .rodata.twiddleCoef_2048
                0x00000000080186d4     0x4000 /home/klukomski/workspace/stm32/CMSIS/CMSIS/Lib/GCC/libarm_cortexM4lf_math.a(arm_common_tables.o)
                0x00000000080186d4                twiddleCoef_2048
 .rodata.armBitRevIndexTable_fixed_2048
                0x000000000801c6d4      0xf80 /home/klukomski/workspace/stm32/CMSIS/CMSIS/Lib/GCC/libarm_cortexM4lf_math.a(arm_common_tables.o)
                0x000000000801c6d4                armBitRevIndexTable_fixed_2048
 .rodata.armBitRevIndexTable_fixed_4096
                0x000000000801d654     0x1f80 /home/klukomski/workspace/stm32/CMSIS/CMSIS/Lib/GCC/libarm_cortexM4lf_math.a(arm_common_tables.o)
                0x000000000801d654                armBitRevIndexTable_fixed_4096
 .rodata.twiddleCoef_rfft_64
                0x000000000801f5d4      0x100 /home/klukomski/workspace/stm32/CMSIS/CMSIS/Lib/GCC/libarm_cortexM4lf_math.a(arm_common_tables.o)
                0x000000000801f5d4                twiddleCoef_rfft_64
 .rodata.armBitRevIndexTable64
                0x000000000801f6d4       0x70 /home/klukomski/workspace/stm32/CMSIS/CMSIS/Lib/GCC/libarm_cortexM4lf_math.a(arm_common_tables.o)
                0x000000000801f6d4                armBitRevIndexTable64
 .rodata.twiddleCoef_rfft_2048
                0x000000000801f744     0x2000 /home/klukomski/workspace/stm32/CMSIS/CMSIS/Lib/GCC/libarm_cortexM4lf_math.a(arm_common_tables.o)
                0x000000000801f744                twiddleCoef_rfft_2048
 .rodata.armBitRevIndexTable_fixed_1024
                0x0000000008021744      0x7c0 /home/klukomski/workspace/stm32/CMSIS/CMSIS/Lib/GCC/libarm_cortexM4lf_math.a(arm_common_tables.o)
                0x0000000008021744                armBitRevIndexTable_fixed_1024
 .rodata.twiddleCoef_rfft_4096
                0x0000000008021f04     0x4000 /home/klukomski/workspace/stm32/CMSIS/CMSIS/Lib/GCC/libarm_cortexM4lf_math.a(arm_common_tables.o)
                0x0000000008021f04                twiddleCoef_rfft_4096
 .rodata.twiddleCoef_256
                0x0000000008025f04      0x800 /home/klukomski/workspace/stm32/CMSIS/CMSIS/Lib/GCC/libarm_cortexM4lf_math.a(arm_common_tables.o)
                0x0000000008025f04                twiddleCoef_256
 .rodata.twiddleCoef_1024_q15
                0x0000000008026704      0xc00 /home/klukomski/workspace/stm32/CMSIS/CMSIS/Lib/GCC/libarm_cortexM4lf_math.a(arm_common_tables.o)
                0x0000000008026704                twiddleCoef_1024_q15
 .rodata.twiddleCoef_32_q15
                0x0000000008027304       0x60 /home/klukomski/workspace/stm32/CMSIS/CMSIS/Lib/GCC/libarm_cortexM4lf_math.a(arm_common_tables.o)
                0x0000000008027304                twiddleCoef_32_q15
 .rodata.twiddleCoef_16
                0x0000000008027364       0x80 /home/klukomski/workspace/stm32/CMSIS/CMSIS/Lib/GCC/libarm_cortexM4lf_math.a(arm_common_tables.o)
                0x0000000008027364                twiddleCoef_16
 .rodata.twiddleCoef_4096_q15
                0x00000000080273e4     0x3000 /home/klukomski/workspace/stm32/CMSIS/CMSIS/Lib/GCC/libarm_cortexM4lf_math.a(arm_common_tables.o)
                0x00000000080273e4                twiddleCoef_4096_q15
 .rodata.twiddleCoef_1024
                0x000000000802a3e4     0x2000 /home/klukomski/workspace/stm32/CMSIS/CMSIS/Lib/GCC/libarm_cortexM4lf_math.a(arm_common_tables.o)
                0x000000000802a3e4                twiddleCoef_1024
 .rodata.twiddleCoef_32
                0x000000000802c3e4      0x100 /home/klukomski/workspace/stm32/CMSIS/CMSIS/Lib/GCC/libarm_cortexM4lf_math.a(arm_common_tables.o)
                0x000000000802c3e4                twiddleCoef_32
 .rodata.armBitRevIndexTable1024
                0x000000000802c4e4      0xe10 /home/klukomski/workspace/stm32/CMSIS/CMSIS/Lib/GCC/libarm_cortexM4lf_math.a(arm_common_tables.o)
                0x000000000802c4e4                armBitRevIndexTable1024
 .rodata.twiddleCoef_16_q15
                0x000000000802d2f4       0x30 /home/klukomski/workspace/stm32/CMSIS/CMSIS/Lib/GCC/libarm_cortexM4lf_math.a(arm_common_tables.o)
                0x000000000802d2f4                twiddleCoef_16_q15
 .rodata.armBitRevIndexTable16
                0x000000000802d324       0x28 /home/klukomski/workspace/stm32/CMSIS/CMSIS/Lib/GCC/libarm_cortexM4lf_math.a(arm_common_tables.o)
                0x000000000802d324                armBitRevIndexTable16
 .rodata.twiddleCoef_rfft_32
                0x000000000802d34c       0x80 /home/klukomski/workspace/stm32/CMSIS/CMSIS/Lib/GCC/libarm_cortexM4lf_math.a(arm_common_tables.o)
                0x000000000802d34c                twiddleCoef_rfft_32
 .rodata.armBitRevIndexTable32
                0x000000000802d3cc       0x60 /home/klukomski/workspace/stm32/CMSIS/CMSIS/Lib/GCC/libarm_cortexM4lf_math.a(arm_common_tables.o)
                0x000000000802d3cc                armBitRevIndexTable32
 .rodata.twiddleCoef_128
                0x000000000802d42c      0x400 /home/klukomski/workspace/stm32/CMSIS/CMSIS/Lib/GCC/libarm_cortexM4lf_math.a(arm_common_tables.o)
                0x000000000802d42c                twiddleCoef_128
 .rodata.twiddleCoef_64_q15
                0x000000000802d82c       0xc0 /home/klukomski/workspace/stm32/CMSIS/CMSIS/Lib/GCC/libarm_cortexM4lf_math.a(arm_common_tables.o)
                0x000000000802d82c                twiddleCoef_64_q15
 .rodata.twiddleCoef_2048_q15
                0x000000000802d8ec     0x1800 /home/klukomski/workspace/stm32/CMSIS/CMSIS/Lib/GCC/libarm_cortexM4lf_math.a(arm_common_tables.o)
                0x000000000802d8ec                twiddleCoef_2048_q15
 .rodata.twiddleCoef_256_q15
                0x000000000802f0ec      0x300 /home/klukomski/workspace/stm32/CMSIS/CMSIS/Lib/GCC/libarm_cortexM4lf_math.a(arm_common_tables.o)
                0x000000000802f0ec                twiddleCoef_256_q15
 .rodata.twiddleCoef_512_q15
                0x000000000802f3ec      0x600 /home/klukomski/workspace/stm32/CMSIS/CMSIS/Lib/GCC/libarm_cortexM4lf_math.a(arm_common_tables.o)
                0x000000000802f3ec                twiddleCoef_512_q15
 .rodata.twiddleCoef_512
                0x000000000802f9ec     0x1000 /home/klukomski/workspace/stm32/CMSIS/CMSIS/Lib/GCC/libarm_cortexM4lf_math.a(arm_common_tables.o)
                0x000000000802f9ec                twiddleCoef_512
 .rodata.armBitRevIndexTable2048
                0x00000000080309ec     0x1dc0 /home/klukomski/workspace/stm32/CMSIS/CMSIS/Lib/GCC/libarm_cortexM4lf_math.a(arm_common_tables.o)