main.c:118:6:HAL_DFSDM_FilterRegConvCpltCallback	16	static
main.c:150:6:HAL_DFSDM_FilterRegConvHalfCpltCallback	16	static
main.c:155:6:HAL_UART_RxCpltCallback	16	static
main.c:171:5:main	24	static
main.c:292:6:SystemClock_Config	240	static
main.c:376:13:MX_ADC1_Init	48	static
main.c:440:13:MX_ADC2_Init	32	static
main.c:496:13:MX_ADC3_Init	32	static
main.c:552:13:MX_DCMI_Init	8	static
main.c:589:13:MX_DFSDM1_Init	8	static
main.c:642:13:MX_I2C1_Init	8	static
main.c:688:13:MX_I2C2_Init	8	static
main.c:734:13:MX_LPUART1_UART_Init	8	static
main.c:768:13:MX_USART1_UART_Init	8	static
main.c:803:13:MX_USART2_UART_Init	8	static
main.c:838:13:MX_QUADSPI_Init	8	static
main.c:873:13:MX_SAI1_Init	8	static
main.c:948:13:MX_SDMMC1_SD_Init	8	static
main.c:984:13:MX_SPI1_Init	8	static
main.c:1024:13:MX_SPI2_Init	8	static
main.c:1062:13:MX_DMA_Init	16	static
main.c:1074:13:MX_FMC_Init	40	static
main.c:1167:13:MX_GPIO_Init	64	static
main.c:1307:6:Error_Handler	4	static
