Archive member included to satisfy reference by file (symbol)

/opt/st/stm32cubeide_1.0.0/plugins/com.st.stm32cube.ide.mcu.externaltools.gnu-tools-for-stm32.7-2018-q2-update.linux64_1.0.0.201904181610/tools/bin/../lib/gcc/arm-none-eabi/7.3.1/../../../../arm-none-eabi/lib/thumb/v7e-m/fpv4-sp/hard/libc_nano.a(lib_a-errno.o)
                              Src/syscalls.o (__errno)
/opt/st/stm32cubeide_1.0.0/plugins/com.st.stm32cube.ide.mcu.externaltools.gnu-tools-for-stm32.7-2018-q2-update.linux64_1.0.0.201904181610/tools/bin/../lib/gcc/arm-none-eabi/7.3.1/../../../../arm-none-eabi/lib/thumb/v7e-m/fpv4-sp/hard/libc_nano.a(lib_a-exit.o)
                              /opt/st/stm32cubeide_1.0.0/plugins/com.st.stm32cube.ide.mcu.externaltools.gnu-tools-for-stm32.7-2018-q2-update.linux64_1.0.0.201904181610/tools/bin/../lib/gcc/arm-none-eabi/7.3.1/../../../../arm-none-eabi/lib/thumb/v7e-m/fpv4-sp/hard/crt0.o (exit)
/opt/st/stm32cubeide_1.0.0/plugins/com.st.stm32cube.ide.mcu.externaltools.gnu-tools-for-stm32.7-2018-q2-update.linux64_1.0.0.201904181610/tools/bin/../lib/gcc/arm-none-eabi/7.3.1/../../../../arm-none-eabi/lib/thumb/v7e-m/fpv4-sp/hard/libc_nano.a(lib_a-impure.o)
                              /opt/st/stm32cubeide_1.0.0/plugins/com.st.stm32cube.ide.mcu.externaltools.gnu-tools-for-stm32.7-2018-q2-update.linux64_1.0.0.201904181610/tools/bin/../lib/gcc/arm-none-eabi/7.3.1/../../../../arm-none-eabi/lib/thumb/v7e-m/fpv4-sp/hard/libc_nano.a(lib_a-exit.o) (_global_impure_ptr)
/opt/st/stm32cubeide_1.0.0/plugins/com.st.stm32cube.ide.mcu.externaltools.gnu-tools-for-stm32.7-2018-q2-update.linux64_1.0.0.201904181610/tools/bin/../lib/gcc/arm-none-eabi/7.3.1/../../../../arm-none-eabi/lib/thumb/v7e-m/fpv4-sp/hard/libc_nano.a(lib_a-init.o)
                              /opt/st/stm32cubeide_1.0.0/plugins/com.st.stm32cube.ide.mcu.externaltools.gnu-tools-for-stm32.7-2018-q2-update.linux64_1.0.0.201904181610/tools/bin/../lib/gcc/arm-none-eabi/7.3.1/../../../../arm-none-eabi/lib/thumb/v7e-m/fpv4-sp/hard/crt0.o (__libc_init_array)
/opt/st/stm32cubeide_1.0.0/plugins/com.st.stm32cube.ide.mcu.externaltools.gnu-tools-for-stm32.7-2018-q2-update.linux64_1.0.0.201904181610/tools/bin/../lib/gcc/arm-none-eabi/7.3.1/../../../../arm-none-eabi/lib/thumb/v7e-m/fpv4-sp/hard/libc_nano.a(lib_a-memset.o)
                              /opt/st/stm32cubeide_1.0.0/plugins/com.st.stm32cube.ide.mcu.externaltools.gnu-tools-for-stm32.7-2018-q2-update.linux64_1.0.0.201904181610/tools/bin/../lib/gcc/arm-none-eabi/7.3.1/../../../../arm-none-eabi/lib/thumb/v7e-m/fpv4-sp/hard/crt0.o (memset)
/opt/st/stm32cubeide_1.0.0/plugins/com.st.stm32cube.ide.mcu.externaltools.gnu-tools-for-stm32.7-2018-q2-update.linux64_1.0.0.201904181610/tools/bin/../lib/gcc/arm-none-eabi/7.3.1/../../../../arm-none-eabi/lib/thumb/v7e-m/fpv4-sp/hard/libc_nano.a(lib_a-strlen.o)
                              Core/Src/main.o (strlen)
/opt/st/stm32cubeide_1.0.0/plugins/com.st.stm32cube.ide.mcu.externaltools.gnu-tools-for-stm32.7-2018-q2-update.linux64_1.0.0.201904181610/tools/bin/../lib/gcc/arm-none-eabi/7.3.1/thumb/v7e-m/fpv4-sp/hard/libgcc.a(_aeabi_uldivmod.o)
                              Drivers/STM32L4xx_HAL_Driver/Src/stm32l4xx_hal_uart.o (__aeabi_uldivmod)
/opt/st/stm32cubeide_1.0.0/plugins/com.st.stm32cube.ide.mcu.externaltools.gnu-tools-for-stm32.7-2018-q2-update.linux64_1.0.0.201904181610/tools/bin/../lib/gcc/arm-none-eabi/7.3.1/thumb/v7e-m/fpv4-sp/hard/libgcc.a(_udivmoddi4.o)
                              /opt/st/stm32cubeide_1.0.0/plugins/com.st.stm32cube.ide.mcu.externaltools.gnu-tools-for-stm32.7-2018-q2-update.linux64_1.0.0.201904181610/tools/bin/../lib/gcc/arm-none-eabi/7.3.1/thumb/v7e-m/fpv4-sp/hard/libgcc.a(_aeabi_uldivmod.o) (__udivmoddi4)
/opt/st/stm32cubeide_1.0.0/plugins/com.st.stm32cube.ide.mcu.externaltools.gnu-tools-for-stm32.7-2018-q2-update.linux64_1.0.0.201904181610/tools/bin/../lib/gcc/arm-none-eabi/7.3.1/thumb/v7e-m/fpv4-sp/hard/libgcc.a(_dvmd_tls.o)
                              /opt/st/stm32cubeide_1.0.0/plugins/com.st.stm32cube.ide.mcu.externaltools.gnu-tools-for-stm32.7-2018-q2-update.linux64_1.0.0.201904181610/tools/bin/../lib/gcc/arm-none-eabi/7.3.1/thumb/v7e-m/fpv4-sp/hard/libgcc.a(_aeabi_uldivmod.o) (__aeabi_ldiv0)

Allocating common symbols
Common symbol       size              file

hdfsdm1_channel1    0x38              Core/Src/main.o
hUsbDeviceFS        0x29c             USB_DEVICE/App/usb_device.o
hspi2               0x64              Core/Src/main.o
hadc2               0x68              Core/Src/main.o
hi2c1               0x4c              Core/Src/main.o
hpcd_USB_OTG_FS     0x408             USB_DEVICE/Target/usbd_conf.o
hi2c2               0x4c              Core/Src/main.o
hdfsdm1_filter0     0x54              Core/Src/main.o
hsd1                0x84              Core/Src/main.o
uwTick              0x4               Drivers/STM32L4xx_HAL_Driver/Src/stm32l4xx_hal.o
UserRxBufferFS      0x800             USB_DEVICE/App/usbd_cdc_if.o
[...]
Memory Configuration

Name             Origin             Length             Attributes
FLASH            0x0000000008000000 0x0000000000100000 xr
RAM              0x0000000020000000 0x0000000000050000 xrw
*default*        0x0000000000000000 0xffffffffffffffff

Linker script and memory map

LOAD /opt/st/stm32cubeide_1.0.0/plugins/com.st.stm32cube.ide.mcu.externaltools.gnu-tools-for-stm32.7-2018-q2-update.linux64_1.0.0.201904181610/tools/bin/../lib/gcc/arm-none-eabi/7.3.1/thumb/v7e-m/fpv4-sp/hard/crti.o
LOAD /opt/st/stm32cubeide_1.0.0/plugins/com.st.stm32cube.ide.mcu.externaltools.gnu-tools-for-stm32.7-2018-q2-update.linux64_1.0.0.201904181610/tools/bin/../lib/gcc/arm-none-eabi/7.3.1/thumb/v7e-m/fpv4-sp/hard/crtbegin.o
LOAD /opt/st/stm32cubeide_1.0.0/plugins/com.st.stm32cube.ide.mcu.externaltools.gnu-tools-for-stm32.7-2018-q2-update.linux64_1.0.0.201904181610/tools/bin/../lib/gcc/arm-none-eabi/7.3.1/../../../../arm-none-eabi/lib/thumb/v7e-m/fpv4-sp/hard/crt0.o
LOAD Core/Src/main.o
LOAD Core/Src/stm32l4xx_hal_msp.o
LOAD Core/Src/stm32l4xx_it.o
LOAD Core/Src/system_stm32l4xx.o
LOAD Drivers/STM32L4xx_HAL_Driver/Src/stm32l4xx_hal.o
LOAD Drivers/STM32L4xx_HAL_Driver/Src/stm32l4xx_hal_adc.o
LOAD Drivers/STM32L4xx_HAL_Driver/Src/stm32l4xx_hal_adc_ex.o
LOAD Drivers/STM32L4xx_HAL_Driver/Src/stm32l4xx_hal_cortex.o
LOAD Drivers/STM32L4xx_HAL_Driver/Src/stm32l4xx_hal_dcmi.o
LOAD Drivers/STM32L4xx_HAL_Driver/Src/stm32l4xx_hal_dfsdm.o
LOAD Drivers/STM32L4xx_HAL_Driver/Src/stm32l4xx_hal_dma.o
LOAD Drivers/STM32L4xx_HAL_Driver/Src/stm32l4xx_hal_dma_ex.o
LOAD Drivers/STM32L4xx_HAL_Driver/Src/stm32l4xx_hal_exti.o
LOAD Drivers/STM32L4xx_HAL_Driver/Src/stm32l4xx_hal_flash.o
LOAD Drivers/STM32L4xx_HAL_Driver/Src/stm32l4xx_hal_flash_ex.o
LOAD Drivers/STM32L4xx_HAL_Driver/Src/stm32l4xx_hal_flash_ramfunc.o
LOAD Drivers/STM32L4xx_HAL_Driver/Src/stm32l4xx_hal_gpio.o
LOAD Drivers/STM32L4xx_HAL_Driver/Src/stm32l4xx_hal_i2c.o
LOAD Drivers/STM32L4xx_HAL_Driver/Src/stm32l4xx_hal_i2c_ex.o
LOAD Drivers/STM32L4xx_HAL_Driver/Src/stm32l4xx_hal_pcd.o
LOAD Drivers/STM32L4xx_HAL_Driver/Src/stm32l4xx_hal_pcd_ex.o
LOAD Drivers/STM32L4xx_HAL_Driver/Src/stm32l4xx_hal_pwr.o
LOAD Drivers/STM32L4xx_HAL_Driver/Src/stm32l4xx_hal_pwr_ex.o
LOAD Drivers/STM32L4xx_HAL_Driver/Src/stm32l4xx_hal_qspi.o
LOAD Drivers/STM32L4xx_HAL_Driver/Src/stm32l4xx_hal_rcc.o
LOAD Drivers/STM32L4xx_HAL_Driver/Src/stm32l4xx_hal_rcc_ex.o
LOAD Drivers/STM32L4xx_HAL_Driver/Src/stm32l4xx_hal_sai.o
LOAD Drivers/STM32L4xx_HAL_Driver/Src/stm32l4xx_hal_sai_ex.o
LOAD Drivers/STM32L4xx_HAL_Driver/Src/stm32l4xx_hal_sd.o
LOAD Drivers/STM32L4xx_HAL_Driver/Src/stm32l4xx_hal_sd_ex.o
LOAD Drivers/STM32L4xx_HAL_Driver/Src/stm32l4xx_hal_spi.o
LOAD Drivers/STM32L4xx_HAL_Driver/Src/stm32l4xx_hal_spi_ex.o
LOAD Drivers/STM32L4xx_HAL_Driver/Src/stm32l4xx_hal_sram.o
LOAD Drivers/STM32L4xx_HAL_Driver/Src/stm32l4xx_hal_tim.o
LOAD Drivers/STM32L4xx_HAL_Driver/Src/stm32l4xx_hal_tim_ex.o
LOAD Drivers/STM32L4xx_HAL_Driver/Src/stm32l4xx_hal_uart.o
LOAD Drivers/STM32L4xx_HAL_Driver/Src/stm32l4xx_hal_uart_ex.o
LOAD Drivers/STM32L4xx_HAL_Driver/Src/stm32l4xx_ll_fmc.o
LOAD Drivers/STM32L4xx_HAL_Driver/Src/stm32l4xx_ll_sdmmc.o
LOAD Drivers/STM32L4xx_HAL_Driver/Src/stm32l4xx_ll_usb.o
LOAD Middlewares/ST/STM32_USB_Device_Library/Class/CDC/Src/usbd_cdc.o
LOAD Middlewares/ST/STM32_USB_Device_Library/Core/Src/usbd_core.o
LOAD Middlewares/ST/STM32_USB_Device_Library/Core/Src/usbd_ctlreq.o
LOAD Middlewares/ST/STM32_USB_Device_Library/Core/Src/usbd_ioreq.o
LOAD Src/syscalls.o
LOAD Src/sysmem.o
LOAD Startup/startup_stm32l496agix.o
LOAD USB_DEVICE/App/usb_device.o
LOAD USB_DEVICE/App/usbd_cdc_if.o
LOAD USB_DEVICE/App/usbd_desc.o
LOAD USB_DEVICE/Target/usbd_conf.o
START GROUP
LOAD /opt/st/stm32cubeide_1.0.0/plugins/com.st.stm32cube.ide.mcu.externaltools.gnu-tools-for-stm32.7-2018-q2-update.linux64_1.0.0.201904181610/tools/bin/../lib/gcc/arm-none-eabi/7.3.1/../../../../arm-none-eabi/lib/thumb/v7e-m/fpv4-sp/hard/libc_nano.a
LOAD /opt/st/stm32cubeide_1.0.0/plugins/com.st.stm32cube.ide.mcu.externaltools.gnu-tools-for-stm32.7-2018-q2-update.linux64_1.0.0.201904181610/tools/bin/../lib/gcc/arm-none-eabi/7.3.1/../../../../arm-none-eabi/lib/thumb/v7e-m/fpv4-sp/hard/libm.a
END GROUP
START GROUP
LOAD /opt/st/stm32cubeide_1.0.0/plugins/com.st.stm32cube.ide.mcu.externaltools.gnu-tools-for-stm32.7-2018-q2-update.linux64_1.0.0.201904181610/tools/bin/../lib/gcc/arm-none-eabi/7.3.1/thumb/v7e-m/fpv4-sp/hard/libgcc.a
LOAD /opt/st/stm32cubeide_1.0.0/plugins/com.st.stm32cube.ide.mcu.externaltools.gnu-tools-for-stm32.7-2018-q2-update.linux64_1.0.0.201904181610/tools/bin/../lib/gcc/arm-none-eabi/7.3.1/../../../../arm-none-eabi/lib/thumb/v7e-m/fpv4-sp/hard/libc_nano.a
END GROUP
START GROUP
LOAD /opt/st/stm32cubeide_1.0.0/plugins/com.st.stm32cube.ide.mcu.externaltools.gnu-tools-for-stm32.7-2018-q2-update.linux64_1.0.0.201904181610/tools/bin/../lib/gcc/arm-none-eabi/7.3.1/thumb/v7e-m/fpv4-sp/hard/libgcc.a
LOAD /opt/st/stm32cubeide_1.0.0/plugins/com.st.stm32cube.ide.mcu.externaltools.gnu-tools-for-stm32.7-2018-q2-update.linux64_1.0.0.201904181610/tools/bin/../lib/gcc/arm-none-eabi/7.3.1/../../../../arm-none-eabi/lib/thumb/v7e-m/fpv4-sp/hard/libc_nano.a
LOAD /opt/st/stm32cubeide_1.0.0/plugins/com.st.stm32cube.ide.mcu.externaltools.gnu-tools-for-stm32.7-2018-q2-update.linux64_1.0.0.201904181610/tools/bin/../lib/gcc/arm-none-eabi/7.3.1/../../../../arm-none-eabi/lib/thumb/v7e-m/fpv4-sp/hard/libnosys.a
END GROUP
START GROUP
LOAD /opt/st/stm32cubeide_1.0.0/plugins/com.st.stm32cube.ide.mcu.externaltools.gnu-tools-for-stm32.7-2018-q2-update.linux64_1.0.0.201904181610/tools/bin/../lib/gcc/arm-none-eabi/7.3.1/thumb/v7e-m/fpv4-sp/hard/libgcc.a
LOAD /opt/st/stm32cubeide_1.0.0/plugins/com.st.stm32cube.ide.mcu.externaltools.gnu-tools-for-stm32.7-2018-q2-update.linux64_1.0.0.201904181610/tools/bin/../lib/gcc/arm-none-eabi/7.3.1/../../../../arm-none-eabi/lib/thumb/v7e-m/fpv4-sp/hard/libc_nano.a
LOAD /opt/st/stm32cubeide_1.0.0/plugins/com.st.stm32cube.ide.mcu.externaltools.gnu-tools-for-stm32.7-2018-q2-update.linux64_1.0.0.201904181610/tools/bin/../lib/gcc/arm-none-eabi/7.3.1/../../../../arm-none-eabi/lib/thumb/v7e-m/fpv4-sp/hard/libnosys.a
END GROUP
LOAD /opt/st/stm32cubeide_1.0.0/plugins/com.st.stm32cube.ide.mcu.externaltools.gnu-tools-for-stm32.7-2018-q2-update.linux64_1.0.0.201904181610/tools/bin/../lib/gcc/arm-none-eabi/7.3.1/thumb/v7e-m/fpv4-sp/hard/crtend.o
LOAD /opt/st/stm32cubeide_1.0.0/plugins/com.st.stm32cube.ide.mcu.externaltools.gnu-tools-for-stm32.7-2018-q2-update.linux64_1.0.0.201904181610/tools/bin/../lib/gcc/arm-none-eabi/7.3.1/thumb/v7e-m/fpv4-sp/hard/crtn.o
                0x000000002004ffff                _estack = 0x2004ffff
                0x0000000000000200                _Min_Heap_Size = 0x200
                0x0000000000000400                _Min_Stack_Size = 0x400

.isr_vector     0x0000000008000000      0x1ac
                0x0000000008000000                . = ALIGN (0x4)
 *(.isr_vector)
 .isr_vector    0x0000000008000000      0x1ac Startup/startup_stm32l496agix.o
                0x0000000008000000                g_pfnVectors
                0x00000000080001ac                . = ALIGN (0x4)

.text           0x00000000080001ac     0xe0b4
                0x00000000080001ac                . = ALIGN (0x4)
 *(.text)
 .text          0x00000000080001ac       0x40 /opt/st/stm32cubeide_1.0.0/plugins/com.st.stm32cube.ide.mcu.externaltools.gnu-tools-for-stm32.7-2018-q2-update.linux64_1.0.0.201904181610/tools/bin/../lib/gcc/arm-none-eabi/7.3.1/thumb/v7e-m/fpv4-sp/hard/crtbegin.o
 .text          0x00000000080001ec       0x10 /opt/st/stm32cubeide_1.0.0/plugins/com.st.stm32cube.ide.mcu.externaltools.gnu-tools-for-stm32.7-2018-q2-update.linux64_1.0.0.201904181610/tools/bin/../lib/gcc/arm-none-eabi/7.3.1/../../../../arm-none-eabi/lib/thumb/v7e-m/fpv4-sp/hard/libc_nano.a(lib_a-strlen.o)
                0x00000000080001ec                strlen
 .text          0x00000000080001fc       0x30 /opt/st/stm32cubeide_1.0.0/plugins/com.st.stm32cube.ide.mcu.externaltools.gnu-tools-for-stm32.7-2018-q2-update.linux64_1.0.0.201904181610/tools/bin/../lib/gcc/arm-none-eabi/7.3.1/thumb/v7e-m/fpv4-sp/hard/libgcc.a(_aeabi_uldivmod.o)
                0x00000000080001fc                __aeabi_uldivmod
 .text          0x000000000800022c      0x2cc /opt/st/stm32cubeide_1.0.0/plugins/com.st.stm32cube.ide.mcu.externaltools.gnu-tools-for-stm32.7-2018-q2-update.linux64_1.0.0.201904181610/tools/bin/../lib/gcc/arm-none-eabi/7.3.1/thumb/v7e-m/fpv4-sp/hard/libgcc.a(_udivmoddi4.o)
                0x000000000800022c                __udivmoddi4
 .text          0x00000000080004f8        0x4 /opt/st/stm32cubeide_1.0.0/plugins/com.st.stm32cube.ide.mcu.externaltools.gnu-tools-for-stm32.7-2018-q2-update.linux64_1.0.0.201904181610/tools/bin/../lib/gcc/arm-none-eabi/7.3.1/thumb/v7e-m/fpv4-sp/hard/libgcc.a(_dvmd_tls.o)
                0x00000000080004f8                __aeabi_ldiv0
                0x00000000080004f8                __aeabi_idiv0
 *(.text*)
 .text.HAL_DFSDM_FilterRegConvCpltCallback
                0x00000000080004fc       0x44 Core/Src/main.o
                0x00000000080004fc                HAL_DFSDM_FilterRegConvCpltCallback
 .text.HAL_DFSDM_FilterRegConvHalfCpltCallback
                0x0000000008000540       0x20 Core/Src/main.o
                0x0000000008000540                HAL_DFSDM_FilterRegConvHalfCpltCallback
 .text.main     0x0000000008000560      0x148 Core/Src/main.o
                0x0000000008000560                main
 .text.SystemClock_Config
                0x00000000080006a8      0x164 Core/Src/main.o
                0x00000000080006a8                SystemClock_Config
 .text.MX_ADC1_Init
                0x000000000800080c       0xf0 Core/Src/main.o
 .text.MX_ADC2_Init
                0x00000000080008fc       0xc8 Core/Src/main.o
 .text.MX_ADC3_Init
                0x00000000080009c4       0xc8 Core/Src/main.o
 .text.MX_DCMI_Init
                0x0000000008000a8c       0x68 Core/Src/main.o
 .text.MX_DFSDM1_Init
                0x0000000008000af4      0x134 Core/Src/main.o
 .text.MX_I2C1_Init
                0x0000000008000c28       0x80 Core/Src/main.o
 .text.MX_I2C2_Init
                0x0000000008000ca8       0x80 Core/Src/main.o
 .text.MX_LPUART1_UART_Init
                0x0000000008000d28       0x5c Core/Src/main.o
 .text.MX_USART1_UART_Init
                0x0000000008000d84       0x60 Core/Src/main.o
 .text.MX_USART2_UART_Init
                0x0000000008000de4       0x60 Core/Src/main.o
 .text.MX_QUADSPI_Init
                0x0000000008000e44       0x58 Core/Src/main.o
 .text.MX_SAI1_Init
                0x0000000008000e9c      0x150 Core/Src/main.o
 .text.MX_SDMMC1_SD_Init
                0x0000000008000fec       0x60 Core/Src/main.o
 .text.MX_SPI1_Init
                0x000000000800104c       0x7c Core/Src/main.o
 .text.MX_SPI2_Init
                0x00000000080010c8       0x7c Core/Src/main.o
 .text.MX_DMA_Init
                0x0000000008001144       0x4c Core/Src/main.o
 .text.MX_FMC_Init
                0x0000000008001190      0x164 Core/Src/main.o
 .text.MX_GPIO_Init
                0x00000000080012f4      0x2ec Core/Src/main.o
 .text.Error_Handler
                0x00000000080015e0        0xe Core/Src/main.o
                0x00000000080015e0                Error_Handler
 *fill*         0x00000000080015ee        0x2 
 .text.HAL_MspInit
                0x00000000080015f0       0x48 Core/Src/stm32l4xx_hal_msp.o
                0x00000000080015f0                HAL_MspInit
 .text.HAL_ADC_MspInit
                0x0000000008001638      0x1a0 Core/Src/stm32l4xx_hal_msp.o
                0x0000000008001638                HAL_ADC_MspInit
 .text.HAL_DCMI_MspInit
                0x00000000080017d8      0x100 Core/Src/stm32l4xx_hal_msp.o
                0x00000000080017d8                HAL_DCMI_MspInit
 .text.HAL_DFSDM_FilterMspInit
                0x00000000080018d8      0x164 Core/Src/stm32l4xx_hal_msp.o
                0x00000000080018d8                HAL_DFSDM_FilterMspInit
 .text.HAL_DFSDM_ChannelMspInit
                0x0000000008001a3c       0xd8 Core/Src/stm32l4xx_hal_msp.o
                0x0000000008001a3c                HAL_DFSDM_ChannelMspInit
 .text.HAL_I2C_MspInit
                0x0000000008001b14      0x128 Core/Src/stm32l4xx_hal_msp.o
                0x0000000008001b14                HAL_I2C_MspInit
 .text.HAL_UART_MspInit
                0x0000000008001c3c      0x238 Core/Src/stm32l4xx_hal_msp.o
                0x0000000008001c3c                HAL_UART_MspInit
 .text.HAL_QSPI_MspInit
                0x0000000008001e74       0xc4 Core/Src/stm32l4xx_hal_msp.o
                0x0000000008001e74                HAL_QSPI_MspInit
 .text.HAL_SD_MspInit
                0x0000000008001f38       0xc4 Core/Src/stm32l4xx_hal_msp.o
                0x0000000008001f38                HAL_SD_MspInit
 .text.HAL_SPI_MspInit
                0x0000000008001ffc      0x160 Core/Src/stm32l4xx_hal_msp.o
                0x0000000008001ffc                HAL_SPI_MspInit
 .text.HAL_FMC_MspInit
                0x000000000800215c       0xdc Core/Src/stm32l4xx_hal_msp.o
 .text.HAL_SRAM_MspInit
                0x0000000008002238       0x14 Core/Src/stm32l4xx_hal_msp.o
                0x0000000008002238                HAL_SRAM_MspInit
 .text.HAL_SAI_MspInit
                0x000000000800224c       0xf4 Core/Src/stm32l4xx_hal_msp.o
                0x000000000800224c                HAL_SAI_MspInit
 .text.NMI_Handler
                0x0000000008002340        0xe Core/Src/stm32l4xx_it.o
                0x0000000008002340                NMI_Handler
 .text.HardFault_Handler
                0x000000000800234e        0x6 Core/Src/stm32l4xx_it.o
                0x000000000800234e                HardFault_Handler
 .text.MemManage_Handler
                0x0000000008002354        0x6 Core/Src/stm32l4xx_it.o
                0x0000000008002354                MemManage_Handler
 .text.BusFault_Handler
                0x000000000800235a        0x6 Core/Src/stm32l4xx_it.o
                0x000000000800235a                BusFault_Handler
 .text.UsageFault_Handler
                0x0000000008002360        0x6 Core/Src/stm32l4xx_it.o
                0x0000000008002360                UsageFault_Handler
 .text.SVC_Handler
                0x0000000008002366        0xe Core/Src/stm32l4xx_it.o
                0x0000000008002366                SVC_Handler
 .text.DebugMon_Handler
                0x0000000008002374        0xe Core/Src/stm32l4xx_it.o
                0x0000000008002374                DebugMon_Handler
 .text.PendSV_Handler
                0x0000000008002382        0xe Core/Src/stm32l4xx_it.o
                0x0000000008002382                PendSV_Handler
 .text.SysTick_Handler
                0x0000000008002390        0xc Core/Src/stm32l4xx_it.o
                0x0000000008002390                SysTick_Handler
 .text.DMA1_Channel4_IRQHandler
                0x000000000800239c       0x14 Core/Src/stm32l4xx_it.o
                0x000000000800239c                DMA1_Channel4_IRQHandler
 .text.DMA1_Channel7_IRQHandler
                0x00000000080023b0       0x14 Core/Src/stm32l4xx_it.o
                0x00000000080023b0                DMA1_Channel7_IRQHandler
 .text.USART2_IRQHandler
                0x00000000080023c4       0x14 Core/Src/stm32l4xx_it.o
                0x00000000080023c4                USART2_IRQHandler
 .text.DFSDM1_FLT0_IRQHandler
                0x00000000080023d8       0x14 Core/Src/stm32l4xx_it.o
                0x00000000080023d8                DFSDM1_FLT0_IRQHandler
 .text.OTG_FS_IRQHandler
                0x00000000080023ec       0x14 Core/Src/stm32l4xx_it.o
                0x00000000080023ec                OTG_FS_IRQHandler
 .text.SystemInit
                0x0000000008002400       0x6c Core/Src/system_stm32l4xx.o
                0x0000000008002400                SystemInit
 .text.HAL_Init
                0x000000000800246c       0x30 Drivers/STM32L4xx_HAL_Driver/Src/stm32l4xx_hal.o
                0x000000000800246c                HAL_Init
 .text.HAL_InitTick
                0x000000000800249c       0x74 Drivers/STM32L4xx_HAL_Driver/Src/stm32l4xx_hal.o
                0x000000000800249c                HAL_InitTick
 .text.HAL_IncTick
                0x0000000008002510       0x24 Drivers/STM32L4xx_HAL_Driver/Src/stm32l4xx_hal.o
                0x0000000008002510                HAL_IncTick
 .text.HAL_GetTick
                0x0000000008002534       0x18 Drivers/STM32L4xx_HAL_Driver/Src/stm32l4xx_hal.o
                0x0000000008002534                HAL_GetTick
 .text.HAL_Delay
                0x000000000800254c       0x44 Drivers/STM32L4xx_HAL_Driver/Src/stm32l4xx_hal.o
                0x000000000800254c                HAL_Delay
 .text.LL_ADC_SetCommonClock
                0x0000000008002590       0x26 Drivers/STM32L4xx_HAL_Driver/Src/stm32l4xx_hal_adc.o
 .text.LL_ADC_SetCommonPathInternalCh
                0x00000000080025b6       0x26 Drivers/STM32L4xx_HAL_Driver/Src/stm32l4xx_hal_adc.o
 .text.LL_ADC_GetCommonPathInternalCh
                0x00000000080025dc       0x1c Drivers/STM32L4xx_HAL_Driver/Src/stm32l4xx_hal_adc.o
 .text.LL_ADC_SetOffset
                0x00000000080025f8       0x44 Drivers/STM32L4xx_HAL_Driver/Src/stm32l4xx_hal_adc.o
 .text.LL_ADC_GetOffsetChannel
                0x000000000800263c       0x28 Drivers/STM32L4xx_HAL_Driver/Src/stm32l4xx_hal_adc.o
 .text.LL_ADC_SetOffsetState
                0x0000000008002664       0x30 Drivers/STM32L4xx_HAL_Driver/Src/stm32l4xx_hal_adc.o
 .text.LL_ADC_SetSamplingTimeCommonConfig
                0x0000000008002694       0x26 Drivers/STM32L4xx_HAL_Driver/Src/stm32l4xx_hal_adc.o
 .text.LL_ADC_REG_SetSequencerRanks
                0x00000000080026ba       0x52 Drivers/STM32L4xx_HAL_Driver/Src/stm32l4xx_hal_adc.o
 .text.LL_ADC_SetChannelSamplingTime
                0x000000000800270c       0x50 Drivers/STM32L4xx_HAL_Driver/Src/stm32l4xx_hal_adc.o
 .text.LL_ADC_SetChannelSingleDiff
                0x000000000800275c       0x48 Drivers/STM32L4xx_HAL_Driver/Src/stm32l4xx_hal_adc.o
 .text.LL_ADC_DisableDeepPowerDown
                0x00000000080027a4       0x24 Drivers/STM32L4xx_HAL_Driver/Src/stm32l4xx_hal_adc.o
 .text.LL_ADC_IsDeepPowerDownEnabled
                0x00000000080027c8       0x28 Drivers/STM32L4xx_HAL_Driver/Src/stm32l4xx_hal_adc.o
 .text.LL_ADC_EnableInternalRegulator
                0x00000000080027f0       0x28 Drivers/STM32L4xx_HAL_Driver/Src/stm32l4xx_hal_adc.o
 .text.LL_ADC_IsInternalRegulatorEnabled
                0x0000000008002818       0x28 Drivers/STM32L4xx_HAL_Driver/Src/stm32l4xx_hal_adc.o
 .text.LL_ADC_IsEnabled
                0x0000000008002840       0x26 Drivers/STM32L4xx_HAL_Driver/Src/stm32l4xx_hal_adc.o
 .text.LL_ADC_REG_IsConversionOngoing
                0x0000000008002866       0x26 Drivers/STM32L4xx_HAL_Driver/Src/stm32l4xx_hal_adc.o
 .text.LL_ADC_INJ_IsConversionOngoing
                0x000000000800288c       0x26 Drivers/STM32L4xx_HAL_Driver/Src/stm32l4xx_hal_adc.o
 *fill*         0x00000000080028b2        0x2 
 .text.HAL_ADC_Init
                0x00000000080028b4      0x2b0 Drivers/STM32L4xx_HAL_Driver/Src/stm32l4xx_hal_adc.o
                0x00000000080028b4                HAL_ADC_Init
 .text.HAL_ADC_ConfigChannel
                0x0000000008002b64      0x700 Drivers/STM32L4xx_HAL_Driver/Src/stm32l4xx_hal_adc.o
                0x0000000008002b64                HAL_ADC_ConfigChannel
 .text.LL_ADC_IsEnabled
                0x0000000008003264       0x26 Drivers/STM32L4xx_HAL_Driver/Src/stm32l4xx_hal_adc_ex.o
 .text.LL_ADC_REG_IsConversionOngoing
                0x000000000800328a       0x26 Drivers/STM32L4xx_HAL_Driver/Src/stm32l4xx_hal_adc_ex.o
 .text.HAL_ADCEx_MultiModeConfigChannel
                0x00000000080032b0      0x158 Drivers/STM32L4xx_HAL_Driver/Src/stm32l4xx_hal_adc_ex.o
                0x00000000080032b0                HAL_ADCEx_MultiModeConfigChannel
 .text.__NVIC_SetPriorityGrouping
                0x0000000008003408       0x48 Drivers/STM32L4xx_HAL_Driver/Src/stm32l4xx_hal_cortex.o
 .text.__NVIC_GetPriorityGrouping
                0x0000000008003450       0x1c Drivers/STM32L4xx_HAL_Driver/Src/stm32l4xx_hal_cortex.o
 .text.__NVIC_EnableIRQ
                0x000000000800346c       0x3c Drivers/STM32L4xx_HAL_Driver/Src/stm32l4xx_hal_cortex.o
 .text.__NVIC_SetPriority
                0x00000000080034a8       0x54 Drivers/STM32L4xx_HAL_Driver/Src/stm32l4xx_hal_cortex.o
 .text.NVIC_EncodePriority
                0x00000000080034fc       0x66 Drivers/STM32L4xx_HAL_Driver/Src/stm32l4xx_hal_cortex.o
 *fill*         0x0000000008003562        0x2 
 .text.SysTick_Config
                0x0000000008003564       0x44 Drivers/STM32L4xx_HAL_Driver/Src/stm32l4xx_hal_cortex.o
 .text.HAL_NVIC_SetPriorityGrouping
                0x00000000080035a8       0x16 Drivers/STM32L4xx_HAL_Driver/Src/stm32l4xx_hal_cortex.o
                0x00000000080035a8                HAL_NVIC_SetPriorityGrouping
 .text.HAL_NVIC_SetPriority
                0x00000000080035be       0x38 Drivers/STM32L4xx_HAL_Driver/Src/stm32l4xx_hal_cortex.o
                0x00000000080035be                HAL_NVIC_SetPriority
 .text.HAL_NVIC_EnableIRQ
                0x00000000080035f6       0x1c Drivers/STM32L4xx_HAL_Driver/Src/stm32l4xx_hal_cortex.o
                0x00000000080035f6                HAL_NVIC_EnableIRQ
 .text.HAL_SYSTICK_Config
                0x0000000008003612       0x18 Drivers/STM32L4xx_HAL_Driver/Src/stm32l4xx_hal_cortex.o
                0x0000000008003612                HAL_SYSTICK_Config
 *fill*         0x000000000800362a        0x2 
 .text.HAL_DCMI_Init
                0x000000000800362c      0x10c Drivers/STM32L4xx_HAL_Driver/Src/stm32l4xx_hal_dcmi.o
                0x000000000800362c                HAL_DCMI_Init
 .text.HAL_DFSDM_ChannelInit
                0x0000000008003738      0x180 Drivers/STM32L4xx_HAL_Driver/Src/stm32l4xx_hal_dfsdm.o
                0x0000000008003738                HAL_DFSDM_ChannelInit
 .text.HAL_DFSDM_ChannelCkabCallback
                0x00000000080038b8       0x14 Drivers/STM32L4xx_HAL_Driver/Src/stm32l4xx_hal_dfsdm.o
                0x00000000080038b8                HAL_DFSDM_ChannelCkabCallback
 .text.HAL_DFSDM_ChannelScdCallback
                0x00000000080038cc       0x14 Drivers/STM32L4xx_HAL_Driver/Src/stm32l4xx_hal_dfsdm.o
                0x00000000080038cc                HAL_DFSDM_ChannelScdCallback
 .text.HAL_DFSDM_FilterInit
                0x00000000080038e0      0x1b4 Drivers/STM32L4xx_HAL_Driver/Src/stm32l4xx_hal_dfsdm.o
                0x00000000080038e0                HAL_DFSDM_FilterInit
 .text.HAL_DFSDM_FilterConfigRegChannel
                0x0000000008003a94       0x8a Drivers/STM32L4xx_HAL_Driver/Src/stm32l4xx_hal_dfsdm.o
                0x0000000008003a94                HAL_DFSDM_FilterConfigRegChannel
 .text.HAL_DFSDM_FilterRegularStart
                0x0000000008003b1e       0x36 Drivers/STM32L4xx_HAL_Driver/Src/stm32l4xx_hal_dfsdm.o
                0x0000000008003b1e                HAL_DFSDM_FilterRegularStart
 .text.HAL_DFSDM_FilterPollForRegConversion
                0x0000000008003b54       0xac Drivers/STM32L4xx_HAL_Driver/Src/stm32l4xx_hal_dfsdm.o
                0x0000000008003b54                HAL_DFSDM_FilterPollForRegConversion
 .text.HAL_DFSDM_FilterRegularStart_DMA
                0x0000000008003c00      0x104 Drivers/STM32L4xx_HAL_Driver/Src/stm32l4xx_hal_dfsdm.o
                0x0000000008003c00                HAL_DFSDM_FilterRegularStart_DMA
 .text.HAL_DFSDM_FilterGetRegularValue
                0x0000000008003d04       0x3e Drivers/STM32L4xx_HAL_Driver/Src/stm32l4xx_hal_dfsdm.o
                0x0000000008003d04                HAL_DFSDM_FilterGetRegularValue
 *fill*         0x0000000008003d42        0x2 
 .text.HAL_DFSDM_IRQHandler
                0x0000000008003d44      0x2cc Drivers/STM32L4xx_HAL_Driver/Src/stm32l4xx_hal_dfsdm.o
                0x0000000008003d44                HAL_DFSDM_IRQHandler
 .text.HAL_DFSDM_FilterInjConvCpltCallback
                0x0000000008004010       0x14 Drivers/STM32L4xx_HAL_Driver/Src/stm32l4xx_hal_dfsdm.o
                0x0000000008004010                HAL_DFSDM_FilterInjConvCpltCallback
 .text.HAL_DFSDM_FilterAwdCallback
                0x0000000008004024       0x18 Drivers/STM32L4xx_HAL_Driver/Src/stm32l4xx_hal_dfsdm.o
                0x0000000008004024                HAL_DFSDM_FilterAwdCallback
 .text.HAL_DFSDM_FilterErrorCallback
                0x000000000800403c       0x14 Drivers/STM32L4xx_HAL_Driver/Src/stm32l4xx_hal_dfsdm.o
                0x000000000800403c                HAL_DFSDM_FilterErrorCallback
 .text.DFSDM_DMARegularHalfConvCplt
                0x0000000008004050       0x1c Drivers/STM32L4xx_HAL_Driver/Src/stm32l4xx_hal_dfsdm.o
 .text.DFSDM_DMARegularConvCplt
                0x000000000800406c       0x1c Drivers/STM32L4xx_HAL_Driver/Src/stm32l4xx_hal_dfsdm.o
 .text.DFSDM_DMAError
                0x0000000008004088       0x22 Drivers/STM32L4xx_HAL_Driver/Src/stm32l4xx_hal_dfsdm.o
 *fill*         0x00000000080040aa        0x2 
 .text.DFSDM_GetChannelFromInstance
                0x00000000080040ac       0xac Drivers/STM32L4xx_HAL_Driver/Src/stm32l4xx_hal_dfsdm.o
 .text.DFSDM_RegConvStart
                0x0000000008004158       0xac Drivers/STM32L4xx_HAL_Driver/Src/stm32l4xx_hal_dfsdm.o
 .text.HAL_DMA_Init
                0x0000000008004204      0x170 Drivers/STM32L4xx_HAL_Driver/Src/stm32l4xx_hal_dma.o
                0x0000000008004204                HAL_DMA_Init
 .text.HAL_DMA_Start_IT
                0x0000000008004374       0xc0 Drivers/STM32L4xx_HAL_Driver/Src/stm32l4xx_hal_dma.o
                0x0000000008004374                HAL_DMA_Start_IT
 .text.HAL_DMA_Abort_IT
                0x0000000008004434       0x82 Drivers/STM32L4xx_HAL_Driver/Src/stm32l4xx_hal_dma.o
                0x0000000008004434                HAL_DMA_Abort_IT
 .text.HAL_DMA_IRQHandler
                0x00000000080044b6      0x15e Drivers/STM32L4xx_HAL_Driver/Src/stm32l4xx_hal_dma.o
                0x00000000080044b6                HAL_DMA_IRQHandler
 .text.DMA_SetConfig
                0x0000000008004614       0x60 Drivers/STM32L4xx_HAL_Driver/Src/stm32l4xx_hal_dma.o
 .text.HAL_GPIO_Init
                0x0000000008004674      0x324 Drivers/STM32L4xx_HAL_Driver/Src/stm32l4xx_hal_gpio.o
                0x0000000008004674                HAL_GPIO_Init
 .text.HAL_GPIO_WritePin
                0x0000000008004998       0x30 Drivers/STM32L4xx_HAL_Driver/Src/stm32l4xx_hal_gpio.o
                0x0000000008004998                HAL_GPIO_WritePin
 .text.HAL_GPIO_TogglePin
                0x00000000080049c8       0x32 Drivers/STM32L4xx_HAL_Driver/Src/stm32l4xx_hal_gpio.o
                0x00000000080049c8                HAL_GPIO_TogglePin
 .text.HAL_I2C_Init
                0x00000000080049fa      0x11e Drivers/STM32L4xx_HAL_Driver/Src/stm32l4xx_hal_i2c.o
                0x00000000080049fa                HAL_I2C_Init
 .text.HAL_I2CEx_ConfigAnalogFilter
                0x0000000008004b18       0x96 Drivers/STM32L4xx_HAL_Driver/Src/stm32l4xx_hal_i2c_ex.o
                0x0000000008004b18                HAL_I2CEx_ConfigAnalogFilter
 .text.HAL_I2CEx_ConfigDigitalFilter
                0x0000000008004bae       0x98 Drivers/STM32L4xx_HAL_Driver/Src/stm32l4xx_hal_i2c_ex.o
                0x0000000008004bae                HAL_I2CEx_ConfigDigitalFilter
 .text.HAL_PCD_Init
                0x0000000008004c46      0x248 Drivers/STM32L4xx_HAL_Driver/Src/stm32l4xx_hal_pcd.o
                0x0000000008004c46                HAL_PCD_Init
 .text.HAL_PCD_Start
                0x0000000008004e8e       0x5e Drivers/STM32L4xx_HAL_Driver/Src/stm32l4xx_hal_pcd.o
                0x0000000008004e8e                HAL_PCD_Start
 .text.HAL_PCD_IRQHandler
                0x0000000008004eec      0x704 Drivers/STM32L4xx_HAL_Driver/Src/stm32l4xx_hal_pcd.o
                0x0000000008004eec                HAL_PCD_IRQHandler
 .text.HAL_PCD_SetAddress
                0x00000000080055f0       0x4a Drivers/STM32L4xx_HAL_Driver/Src/stm32l4xx_hal_pcd.o
                0x00000000080055f0                HAL_PCD_SetAddress
 .text.HAL_PCD_EP_Open
                0x000000000800563a       0xd0 Drivers/STM32L4xx_HAL_Driver/Src/stm32l4xx_hal_pcd.o
                0x000000000800563a                HAL_PCD_EP_Open
 .text.HAL_PCD_EP_Close
                0x000000000800570a       0x94 Drivers/STM32L4xx_HAL_Driver/Src/stm32l4xx_hal_pcd.o
                0x000000000800570a                HAL_PCD_EP_Close
 .text.HAL_PCD_EP_Receive
                0x000000000800579e       0x7c Drivers/STM32L4xx_HAL_Driver/Src/stm32l4xx_hal_pcd.o
                0x000000000800579e                HAL_PCD_EP_Receive
 .text.HAL_PCD_EP_GetRxCount
                0x000000000800581a       0x30 Drivers/STM32L4xx_HAL_Driver/Src/stm32l4xx_hal_pcd.o
                0x000000000800581a                HAL_PCD_EP_GetRxCount
 .text.HAL_PCD_EP_Transmit
                0x000000000800584a       0x7a Drivers/STM32L4xx_HAL_Driver/Src/stm32l4xx_hal_pcd.o
                0x000000000800584a                HAL_PCD_EP_Transmit
 .text.HAL_PCD_EP_SetStall
                0x00000000080058c4       0xc4 Drivers/STM32L4xx_HAL_Driver/Src/stm32l4xx_hal_pcd.o
                0x00000000080058c4                HAL_PCD_EP_SetStall
 .text.HAL_PCD_EP_ClrStall
                0x0000000008005988       0xac Drivers/STM32L4xx_HAL_Driver/Src/stm32l4xx_hal_pcd.o
                0x0000000008005988                HAL_PCD_EP_ClrStall
 .text.PCD_WriteEmptyTxFifo
                0x0000000008005a34      0x110 Drivers/STM32L4xx_HAL_Driver/Src/stm32l4xx_hal_pcd.o
 .text.PCD_EP_OutXfrComplete_int
                0x0000000008005b44       0x9c Drivers/STM32L4xx_HAL_Driver/Src/stm32l4xx_hal_pcd.o
 .text.PCD_EP_OutSetupPacket_int
                0x0000000008005be0       0x68 Drivers/STM32L4xx_HAL_Driver/Src/stm32l4xx_hal_pcd.o
 .text.HAL_PCDEx_SetTxFiFo
                0x0000000008005c48       0x8e Drivers/STM32L4xx_HAL_Driver/Src/stm32l4xx_hal_pcd_ex.o
                0x0000000008005c48                HAL_PCDEx_SetTxFiFo
 .text.HAL_PCDEx_SetRxFiFo
                0x0000000008005cd6       0x22 Drivers/STM32L4xx_HAL_Driver/Src/stm32l4xx_hal_pcd_ex.o
                0x0000000008005cd6                HAL_PCDEx_SetRxFiFo
 .text.HAL_PCDEx_ActivateLPM
                0x0000000008005cf8       0x48 Drivers/STM32L4xx_HAL_Driver/Src/stm32l4xx_hal_pcd_ex.o
                0x0000000008005cf8                HAL_PCDEx_ActivateLPM
 .text.HAL_PWR_EnableBkUpAccess
                0x0000000008005d40       0x20 Drivers/STM32L4xx_HAL_Driver/Src/stm32l4xx_hal_pwr.o
                0x0000000008005d40                HAL_PWR_EnableBkUpAccess
 .text.HAL_PWREx_GetVoltageRange
                0x0000000008005d60       0x1c Drivers/STM32L4xx_HAL_Driver/Src/stm32l4xx_hal_pwr_ex.o
                0x0000000008005d60                HAL_PWREx_GetVoltageRange
 .text.HAL_PWREx_ControlVoltageScaling
                0x0000000008005d7c       0xac Drivers/STM32L4xx_HAL_Driver/Src/stm32l4xx_hal_pwr_ex.o
                0x0000000008005d7c                HAL_PWREx_ControlVoltageScaling
 .text.HAL_PWREx_EnableVddUSB
                0x0000000008005e28       0x20 Drivers/STM32L4xx_HAL_Driver/Src/stm32l4xx_hal_pwr_ex.o
                0x0000000008005e28                HAL_PWREx_EnableVddUSB
 .text.HAL_PWREx_EnableVddIO2
                0x0000000008005e48       0x20 Drivers/STM32L4xx_HAL_Driver/Src/stm32l4xx_hal_pwr_ex.o
                0x0000000008005e48                HAL_PWREx_EnableVddIO2
 .text.HAL_QSPI_Init
                0x0000000008005e68      0x110 Drivers/STM32L4xx_HAL_Driver/Src/stm32l4xx_hal_qspi.o
                0x0000000008005e68                HAL_QSPI_Init
 .text.HAL_QSPI_SetTimeout
                0x0000000008005f78       0x1c Drivers/STM32L4xx_HAL_Driver/Src/stm32l4xx_hal_qspi.o
                0x0000000008005f78                HAL_QSPI_SetTimeout
 .text.QSPI_WaitFlagStateUntilTimeout
                0x0000000008005f94       0x6e Drivers/STM32L4xx_HAL_Driver/Src/stm32l4xx_hal_qspi.o
 *fill*         0x0000000008006002        0x2 
 .text.HAL_RCC_OscConfig
                0x0000000008006004      0x7dc Drivers/STM32L4xx_HAL_Driver/Src/stm32l4xx_hal_rcc.o
                0x0000000008006004                HAL_RCC_OscConfig
 .text.HAL_RCC_ClockConfig
                0x00000000080067e0      0x1c4 Drivers/STM32L4xx_HAL_Driver/Src/stm32l4xx_hal_rcc.o
                0x00000000080067e0                HAL_RCC_ClockConfig
 .text.HAL_RCC_GetSysClockFreq
                0x00000000080069a4      0x114 Drivers/STM32L4xx_HAL_Driver/Src/stm32l4xx_hal_rcc.o
                0x00000000080069a4                HAL_RCC_GetSysClockFreq
 .text.HAL_RCC_GetHCLKFreq
                0x0000000008006ab8       0x18 Drivers/STM32L4xx_HAL_Driver/Src/stm32l4xx_hal_rcc.o
                0x0000000008006ab8                HAL_RCC_GetHCLKFreq
 .text.HAL_RCC_GetPCLK1Freq
                0x0000000008006ad0       0x2c Drivers/STM32L4xx_HAL_Driver/Src/stm32l4xx_hal_rcc.o
                0x0000000008006ad0                HAL_RCC_GetPCLK1Freq
 .text.HAL_RCC_GetPCLK2Freq
                0x0000000008006afc       0x2c Drivers/STM32L4xx_HAL_Driver/Src/stm32l4xx_hal_rcc.o
                0x0000000008006afc                HAL_RCC_GetPCLK2Freq
 .text.RCC_SetFlashLatencyFromMSIRange
                0x0000000008006b28       0xc0 Drivers/STM32L4xx_HAL_Driver/Src/stm32l4xx_hal_rcc.o
 .text.HAL_RCCEx_PeriphCLKConfig
                0x0000000008006be8      0x5f0 Drivers/STM32L4xx_HAL_Driver/Src/stm32l4xx_hal_rcc_ex.o
                0x0000000008006be8                HAL_RCCEx_PeriphCLKConfig
 .text.HAL_RCCEx_GetPeriphCLKFreq
                0x00000000080071d8      0x96c Drivers/STM32L4xx_HAL_Driver/Src/stm32l4xx_hal_rcc_ex.o
                0x00000000080071d8                HAL_RCCEx_GetPeriphCLKFreq
 .text.HAL_RCCEx_EnableMSIPLLMode
                0x0000000008007b44       0x20 Drivers/STM32L4xx_HAL_Driver/Src/stm32l4xx_hal_rcc_ex.o
                0x0000000008007b44                HAL_RCCEx_EnableMSIPLLMode
 .text.RCCEx_PLLSAI1_Config
                0x0000000008007b64      0x1e0 Drivers/STM32L4xx_HAL_Driver/Src/stm32l4xx_hal_rcc_ex.o
 .text.RCCEx_PLLSAI2_Config
                0x0000000008007d44      0x1b4 Drivers/STM32L4xx_HAL_Driver/Src/stm32l4xx_hal_rcc_ex.o
 .text.RCCEx_GetSAIxPeriphCLKFreq
                0x0000000008007ef8      0x1d4 Drivers/STM32L4xx_HAL_Driver/Src/stm32l4xx_hal_rcc_ex.o
 .text.HAL_SAI_Init
                0x00000000080080cc      0x2cc Drivers/STM32L4xx_HAL_Driver/Src/stm32l4xx_hal_sai.o
                0x00000000080080cc                HAL_SAI_Init
 .text.SAI_Disable
                0x0000000008008398       0x68 Drivers/STM32L4xx_HAL_Driver/Src/stm32l4xx_hal_sai.o
 .text.HAL_SD_Init
                0x0000000008008400       0x60 Drivers/STM32L4xx_HAL_Driver/Src/stm32l4xx_hal_sd.o
                0x0000000008008400                HAL_SD_Init
 .text.HAL_SD_InitCard
                0x0000000008008460       0xe2 Drivers/STM32L4xx_HAL_Driver/Src/stm32l4xx_hal_sd.o
                0x0000000008008460                HAL_SD_InitCard
 *fill*         0x0000000008008542        0x2 
 .text.HAL_SD_GetCardCSD
                0x0000000008008544      0x348 Drivers/STM32L4xx_HAL_Driver/Src/stm32l4xx_hal_sd.o
                0x0000000008008544                HAL_SD_GetCardCSD
 .text.HAL_SD_ConfigWideBusOperation
                0x000000000800888c       0xf8 Drivers/STM32L4xx_HAL_Driver/Src/stm32l4xx_hal_sd.o
                0x000000000800888c                HAL_SD_ConfigWideBusOperation
 .text.SD_InitCard
                0x0000000008008984      0x19a Drivers/STM32L4xx_HAL_Driver/Src/stm32l4xx_hal_sd.o
 *fill*         0x0000000008008b1e        0x2 
 .text.SD_PowerON
                0x0000000008008b20      0x11c Drivers/STM32L4xx_HAL_Driver/Src/stm32l4xx_hal_sd.o
 .text.SD_WideBus_Enable
                0x0000000008008c3c       0x96 Drivers/STM32L4xx_HAL_Driver/Src/stm32l4xx_hal_sd.o
 .text.SD_WideBus_Disable
                0x0000000008008cd2       0x96 Drivers/STM32L4xx_HAL_Driver/Src/stm32l4xx_hal_sd.o
 .text.SD_FindSCR
                0x0000000008008d68      0x194 Drivers/STM32L4xx_HAL_Driver/Src/stm32l4xx_hal_sd.o
 .text.HAL_SPI_Init
                0x0000000008008efc      0x114 Drivers/STM32L4xx_HAL_Driver/Src/stm32l4xx_hal_spi.o
                0x0000000008008efc                HAL_SPI_Init
 .text.HAL_SRAM_Init
                0x0000000008009010       0x88 Drivers/STM32L4xx_HAL_Driver/Src/stm32l4xx_hal_sram.o
                0x0000000008009010                HAL_SRAM_Init
 .text.HAL_UART_Init
                0x0000000008009098       0x9c Drivers/STM32L4xx_HAL_Driver/Src/stm32l4xx_hal_uart.o
                0x0000000008009098                HAL_UART_Init
 .text.HAL_UART_Transmit
                0x0000000008009134      0x126 Drivers/STM32L4xx_HAL_Driver/Src/stm32l4xx_hal_uart.o
                0x0000000008009134                HAL_UART_Transmit
 *fill*         0x000000000800925a        0x2 
 .text.HAL_UART_Transmit_DMA
                0x000000000800925c       0xf8 Drivers/STM32L4xx_HAL_Driver/Src/stm32l4xx_hal_uart.o
                0x000000000800925c                HAL_UART_Transmit_DMA
 .text.HAL_UART_IRQHandler
                0x0000000008009354      0x260 Drivers/STM32L4xx_HAL_Driver/Src/stm32l4xx_hal_uart.o
                0x0000000008009354                HAL_UART_IRQHandler
 .text.HAL_UART_TxCpltCallback
                0x00000000080095b4       0x14 Drivers/STM32L4xx_HAL_Driver/Src/stm32l4xx_hal_uart.o
                0x00000000080095b4                HAL_UART_TxCpltCallback
 .text.HAL_UART_TxHalfCpltCallback
                0x00000000080095c8       0x14 Drivers/STM32L4xx_HAL_Driver/Src/stm32l4xx_hal_uart.o
                0x00000000080095c8                HAL_UART_TxHalfCpltCallback
 .text.HAL_UART_ErrorCallback
                0x00000000080095dc       0x14 Drivers/STM32L4xx_HAL_Driver/Src/stm32l4xx_hal_uart.o
                0x00000000080095dc                HAL_UART_ErrorCallback
 .text.UART_SetConfig
                0x00000000080095f0      0x690 Drivers/STM32L4xx_HAL_Driver/Src/stm32l4xx_hal_uart.o
                0x00000000080095f0                UART_SetConfig
 .text.UART_AdvFeatureConfig
                0x0000000008009c80      0x144 Drivers/STM32L4xx_HAL_Driver/Src/stm32l4xx_hal_uart.o
                0x0000000008009c80                UART_AdvFeatureConfig
 .text.UART_CheckIdleState
                0x0000000008009dc4       0x8a Drivers/STM32L4xx_HAL_Driver/Src/stm32l4xx_hal_uart.o
                0x0000000008009dc4                UART_CheckIdleState
 .text.UART_WaitOnFlagUntilTimeout
                0x0000000008009e4e       0x90 Drivers/STM32L4xx_HAL_Driver/Src/stm32l4xx_hal_uart.o
                0x0000000008009e4e                UART_WaitOnFlagUntilTimeout
 .text.UART_EndTxTransfer
                0x0000000008009ede       0x2a Drivers/STM32L4xx_HAL_Driver/Src/stm32l4xx_hal_uart.o
 .text.UART_EndRxTransfer
                0x0000000008009f08       0x40 Drivers/STM32L4xx_HAL_Driver/Src/stm32l4xx_hal_uart.o
 .text.UART_DMATransmitCplt
                0x0000000008009f48       0x54 Drivers/STM32L4xx_HAL_Driver/Src/stm32l4xx_hal_uart.o
 .text.UART_DMATxHalfCplt
                0x0000000008009f9c       0x1c Drivers/STM32L4xx_HAL_Driver/Src/stm32l4xx_hal_uart.o
 .text.UART_DMAError
                0x0000000008009fb8       0x78 Drivers/STM32L4xx_HAL_Driver/Src/stm32l4xx_hal_uart.o
 .text.UART_DMAAbortOnError
                0x000000000800a030       0x2c Drivers/STM32L4xx_HAL_Driver/Src/stm32l4xx_hal_uart.o
 .text.UART_EndTransmit_IT
                0x000000000800a05c       0x32 Drivers/STM32L4xx_HAL_Driver/Src/stm32l4xx_hal_uart.o
 .text.HAL_UARTEx_WakeupCallback
                0x000000000800a08e       0x14 Drivers/STM32L4xx_HAL_Driver/Src/stm32l4xx_hal_uart_ex.o
                0x000000000800a08e                HAL_UARTEx_WakeupCallback
 *fill*         0x000000000800a0a2        0x2 
 .text.FMC_NORSRAM_Init
                0x000000000800a0a4       0xf0 Drivers/STM32L4xx_HAL_Driver/Src/stm32l4xx_ll_fmc.o
                0x000000000800a0a4                FMC_NORSRAM_Init
 .text.FMC_NORSRAM_Timing_Init
                0x000000000800a194       0xa4 Drivers/STM32L4xx_HAL_Driver/Src/stm32l4xx_ll_fmc.o
                0x000000000800a194                FMC_NORSRAM_Timing_Init
 .text.FMC_NORSRAM_Extended_Timing_Init
                0x000000000800a238       0x70 Drivers/STM32L4xx_HAL_Driver/Src/stm32l4xx_ll_fmc.o
                0x000000000800a238                FMC_NORSRAM_Extended_Timing_Init
 .text.SDMMC_Init
                0x000000000800a2a8       0x5a Drivers/STM32L4xx_HAL_Driver/Src/stm32l4xx_ll_sdmmc.o
                0x000000000800a2a8                SDMMC_Init
 .text.SDMMC_ReadFIFO
                0x000000000800a302       0x1a Drivers/STM32L4xx_HAL_Driver/Src/stm32l4xx_ll_sdmmc.o
                0x000000000800a302                SDMMC_ReadFIFO
 .text.SDMMC_PowerState_ON
                0x000000000800a31c       0x1e Drivers/STM32L4xx_HAL_Driver/Src/stm32l4xx_ll_sdmmc.o
                0x000000000800a31c                SDMMC_PowerState_ON
 .text.SDMMC_GetPowerState
                0x000000000800a33a       0x1c Drivers/STM32L4xx_HAL_Driver/Src/stm32l4xx_ll_sdmmc.o
                0x000000000800a33a                SDMMC_GetPowerState
 .text.SDMMC_SendCommand
                0x000000000800a356       0x54 Drivers/STM32L4xx_HAL_Driver/Src/stm32l4xx_ll_sdmmc.o
                0x000000000800a356                SDMMC_SendCommand
 .text.SDMMC_GetCommandResponse
                0x000000000800a3aa       0x1a Drivers/STM32L4xx_HAL_Driver/Src/stm32l4xx_ll_sdmmc.o
                0x000000000800a3aa                SDMMC_GetCommandResponse
 .text.SDMMC_GetResponse
                0x000000000800a3c4       0x26 Drivers/STM32L4xx_HAL_Driver/Src/stm32l4xx_ll_sdmmc.o
                0x000000000800a3c4                SDMMC_GetResponse
 .text.SDMMC_ConfigData
                0x000000000800a3ea       0x58 Drivers/STM32L4xx_HAL_Driver/Src/stm32l4xx_ll_sdmmc.o
                0x000000000800a3ea                SDMMC_ConfigData
 .text.SDMMC_CmdBlockLength
                0x000000000800a442       0x44 Drivers/STM32L4xx_HAL_Driver/Src/stm32l4xx_ll_sdmmc.o
                0x000000000800a442                SDMMC_CmdBlockLength
 .text.SDMMC_CmdSelDesel
                0x000000000800a486       0x46 Drivers/STM32L4xx_HAL_Driver/Src/stm32l4xx_ll_sdmmc.o
                0x000000000800a486                SDMMC_CmdSelDesel
 .text.SDMMC_CmdGoIdleState
                0x000000000800a4cc       0x3c Drivers/STM32L4xx_HAL_Driver/Src/stm32l4xx_ll_sdmmc.o
                0x000000000800a4cc                SDMMC_CmdGoIdleState
 .text.SDMMC_CmdOperCond
                0x000000000800a508       0x3e Drivers/STM32L4xx_HAL_Driver/Src/stm32l4xx_ll_sdmmc.o
                0x000000000800a508                SDMMC_CmdOperCond
 .text.SDMMC_CmdAppCommand
                0x000000000800a546       0x44 Drivers/STM32L4xx_HAL_Driver/Src/stm32l4xx_ll_sdmmc.o
                0x000000000800a546                SDMMC_CmdAppCommand
 .text.SDMMC_CmdAppOperCommand
                0x000000000800a58a       0x46 Drivers/STM32L4xx_HAL_Driver/Src/stm32l4xx_ll_sdmmc.o
                0x000000000800a58a                SDMMC_CmdAppOperCommand
 .text.SDMMC_CmdBusWidth
                0x000000000800a5d0       0x44 Drivers/STM32L4xx_HAL_Driver/Src/stm32l4xx_ll_sdmmc.o
                0x000000000800a5d0                SDMMC_CmdBusWidth
 .text.SDMMC_CmdSendSCR
                0x000000000800a614       0x42 Drivers/STM32L4xx_HAL_Driver/Src/stm32l4xx_ll_sdmmc.o
                0x000000000800a614                SDMMC_CmdSendSCR
 .text.SDMMC_CmdSendCID
                0x000000000800a656       0x3c Drivers/STM32L4xx_HAL_Driver/Src/stm32l4xx_ll_sdmmc.o
                0x000000000800a656                SDMMC_CmdSendCID
 .text.SDMMC_CmdSendCSD
                0x000000000800a692       0x3e Drivers/STM32L4xx_HAL_Driver/Src/stm32l4xx_ll_sdmmc.o
                0x000000000800a692                SDMMC_CmdSendCSD
 .text.SDMMC_CmdSetRelAdd
                0x000000000800a6d0       0x42 Drivers/STM32L4xx_HAL_Driver/Src/stm32l4xx_ll_sdmmc.o
                0x000000000800a6d0                SDMMC_CmdSetRelAdd
 *fill*         0x000000000800a712        0x2 
 .text.SDMMC_GetCmdError
                0x000000000800a714       0x50 Drivers/STM32L4xx_HAL_Driver/Src/stm32l4xx_ll_sdmmc.o
 .text.SDMMC_GetCmdResp1
                0x000000000800a764      0x1d8 Drivers/STM32L4xx_HAL_Driver/Src/stm32l4xx_ll_sdmmc.o
 .text.SDMMC_GetCmdResp2
                0x000000000800a93c       0x8c Drivers/STM32L4xx_HAL_Driver/Src/stm32l4xx_ll_sdmmc.o
 .text.SDMMC_GetCmdResp3
                0x000000000800a9c8       0x74 Drivers/STM32L4xx_HAL_Driver/Src/stm32l4xx_ll_sdmmc.o
 .text.SDMMC_GetCmdResp6
                0x000000000800aa3c       0xe8 Drivers/STM32L4xx_HAL_Driver/Src/stm32l4xx_ll_sdmmc.o
 .text.SDMMC_GetCmdResp7
                0x000000000800ab24       0x98 Drivers/STM32L4xx_HAL_Driver/Src/stm32l4xx_ll_sdmmc.o
 .text.USB_CoreInit
                0x000000000800abbc       0xa4 Drivers/STM32L4xx_HAL_Driver/Src/stm32l4xx_ll_usb.o
                0x000000000800abbc                USB_CoreInit
 .text.USB_SetTurnaroundTime
                0x000000000800ac60      0x138 Drivers/STM32L4xx_HAL_Driver/Src/stm32l4xx_ll_usb.o
                0x000000000800ac60                USB_SetTurnaroundTime
 .text.USB_EnableGlobalInt
                0x000000000800ad98       0x22 Drivers/STM32L4xx_HAL_Driver/Src/stm32l4xx_ll_usb.o
                0x000000000800ad98                USB_EnableGlobalInt
 .text.USB_DisableGlobalInt
                0x000000000800adba       0x22 Drivers/STM32L4xx_HAL_Driver/Src/stm32l4xx_ll_usb.o
                0x000000000800adba                USB_DisableGlobalInt
 .text.USB_SetCurrentMode
                0x000000000800addc       0x54 Drivers/STM32L4xx_HAL_Driver/Src/stm32l4xx_ll_usb.o
                0x000000000800addc                USB_SetCurrentMode
 .text.USB_DevInit
                0x000000000800ae30      0x284 Drivers/STM32L4xx_HAL_Driver/Src/stm32l4xx_ll_usb.o
                0x000000000800ae30                USB_DevInit
 .text.USB_FlushTxFifo
                0x000000000800b0b4       0x4c Drivers/STM32L4xx_HAL_Driver/Src/stm32l4xx_ll_usb.o
                0x000000000800b0b4                USB_FlushTxFifo
 .text.USB_FlushRxFifo
                0x000000000800b100       0x44 Drivers/STM32L4xx_HAL_Driver/Src/stm32l4xx_ll_usb.o
                0x000000000800b100                USB_FlushRxFifo
 .text.USB_SetDevSpeed
                0x000000000800b144       0x32 Drivers/STM32L4xx_HAL_Driver/Src/stm32l4xx_ll_usb.o
                0x000000000800b144                USB_SetDevSpeed
 .text.USB_GetDevSpeed
                0x000000000800b176       0x3e Drivers/STM32L4xx_HAL_Driver/Src/stm32l4xx_ll_usb.o
                0x000000000800b176                USB_GetDevSpeed
 .text.USB_ActivateEndpoint
                0x000000000800b1b4      0x10e Drivers/STM32L4xx_HAL_Driver/Src/stm32l4xx_ll_usb.o
                0x000000000800b1b4                USB_ActivateEndpoint
 *fill*         0x000000000800b2c2        0x2 
 .text.USB_DeactivateEndpoint
                0x000000000800b2c4      0x108 Drivers/STM32L4xx_HAL_Driver/Src/stm32l4xx_ll_usb.o
                0x000000000800b2c4                USB_DeactivateEndpoint
 .text.USB_EPStartXfer
                0x000000000800b3cc      0x3b8 Drivers/STM32L4xx_HAL_Driver/Src/stm32l4xx_ll_usb.o
                0x000000000800b3cc                USB_EPStartXfer
 .text.USB_EP0StartXfer
                0x000000000800b784      0x23c Drivers/STM32L4xx_HAL_Driver/Src/stm32l4xx_ll_usb.o
                0x000000000800b784                USB_EP0StartXfer
 .text.USB_WritePacket
                0x000000000800b9c0       0x62 Drivers/STM32L4xx_HAL_Driver/Src/stm32l4xx_ll_usb.o
                0x000000000800b9c0                USB_WritePacket
 .text.USB_ReadPacket
                0x000000000800ba22       0x52 Drivers/STM32L4xx_HAL_Driver/Src/stm32l4xx_ll_usb.o
                0x000000000800ba22                USB_ReadPacket
 .text.USB_EPSetStall
                0x000000000800ba74       0xdc Drivers/STM32L4xx_HAL_Driver/Src/stm32l4xx_ll_usb.o
                0x000000000800ba74                USB_EPSetStall
 .text.USB_EPClearStall
                0x000000000800bb50       0xcc Drivers/STM32L4xx_HAL_Driver/Src/stm32l4xx_ll_usb.o
                0x000000000800bb50                USB_EPClearStall
 .text.USB_SetDevAddress
                0x000000000800bc1c       0x4c Drivers/STM32L4xx_HAL_Driver/Src/stm32l4xx_ll_usb.o
                0x000000000800bc1c                USB_SetDevAddress
 .text.USB_DevConnect
                0x000000000800bc68       0x30 Drivers/STM32L4xx_HAL_Driver/Src/stm32l4xx_ll_usb.o
                0x000000000800bc68                USB_DevConnect
 .text.USB_DevDisconnect
                0x000000000800bc98       0x30 Drivers/STM32L4xx_HAL_Driver/Src/stm32l4xx_ll_usb.o
                0x000000000800bc98                USB_DevDisconnect
 .text.USB_ReadInterrupts
                0x000000000800bcc8       0x26 Drivers/STM32L4xx_HAL_Driver/Src/stm32l4xx_ll_usb.o
                0x000000000800bcc8                USB_ReadInterrupts
 .text.USB_ReadDevAllOutEpInterrupt
                0x000000000800bcee       0x34 Drivers/STM32L4xx_HAL_Driver/Src/stm32l4xx_ll_usb.o
                0x000000000800bcee                USB_ReadDevAllOutEpInterrupt
 .text.USB_ReadDevAllInEpInterrupt
                0x000000000800bd22       0x34 Drivers/STM32L4xx_HAL_Driver/Src/stm32l4xx_ll_usb.o
                0x000000000800bd22                USB_ReadDevAllInEpInterrupt
 .text.USB_ReadDevOutEPInterrupt
                0x000000000800bd56       0x3c Drivers/STM32L4xx_HAL_Driver/Src/stm32l4xx_ll_usb.o
                0x000000000800bd56                USB_ReadDevOutEPInterrupt
 .text.USB_ReadDevInEPInterrupt
                0x000000000800bd92       0x5c Drivers/STM32L4xx_HAL_Driver/Src/stm32l4xx_ll_usb.o
                0x000000000800bd92                USB_ReadDevInEPInterrupt
 .text.USB_GetMode
                0x000000000800bdee       0x1c Drivers/STM32L4xx_HAL_Driver/Src/stm32l4xx_ll_usb.o
                0x000000000800bdee                USB_GetMode
 .text.USB_ActivateSetup
                0x000000000800be0a       0x6a Drivers/STM32L4xx_HAL_Driver/Src/stm32l4xx_ll_usb.o
                0x000000000800be0a                USB_ActivateSetup
 .text.USB_EP0_OutStart
                0x000000000800be74       0x90 Drivers/STM32L4xx_HAL_Driver/Src/stm32l4xx_ll_usb.o
                0x000000000800be74                USB_EP0_OutStart
 .text.USB_CoreReset
                0x000000000800bf04       0x68 Drivers/STM32L4xx_HAL_Driver/Src/stm32l4xx_ll_usb.o
 .text.USBD_CDC_Init
                0x000000000800bf6c       0xf4 Middlewares/ST/STM32_USB_Device_Library/Class/CDC/Src/usbd_cdc.o
 .text.USBD_CDC_DeInit
                0x000000000800c060       0x6e Middlewares/ST/STM32_USB_Device_Library/Class/CDC/Src/usbd_cdc.o
 .text.USBD_CDC_Setup
                0x000000000800c0ce      0x140 Middlewares/ST/STM32_USB_Device_Library/Class/CDC/Src/usbd_cdc.o
 .text.USBD_CDC_DataIn
                0x000000000800c20e       0xa6 Middlewares/ST/STM32_USB_Device_Library/Class/CDC/Src/usbd_cdc.o
 .text.USBD_CDC_DataOut
                0x000000000800c2b4       0x56 Middlewares/ST/STM32_USB_Device_Library/Class/CDC/Src/usbd_cdc.o
 .text.USBD_CDC_EP0_RxReady
                0x000000000800c30a       0x50 Middlewares/ST/STM32_USB_Device_Library/Class/CDC/Src/usbd_cdc.o
 *fill*         0x000000000800c35a        0x2 
 .text.USBD_CDC_GetFSCfgDesc
                0x000000000800c35c       0x20 Middlewares/ST/STM32_USB_Device_Library/Class/CDC/Src/usbd_cdc.o
 .text.USBD_CDC_GetHSCfgDesc
                0x000000000800c37c       0x20 Middlewares/ST/STM32_USB_Device_Library/Class/CDC/Src/usbd_cdc.o
 .text.USBD_CDC_GetOtherSpeedCfgDesc
                0x000000000800c39c       0x20 Middlewares/ST/STM32_USB_Device_Library/Class/CDC/Src/usbd_cdc.o
 .text.USBD_CDC_GetDeviceQualifierDescriptor
                0x000000000800c3bc       0x20 Middlewares/ST/STM32_USB_Device_Library/Class/CDC/Src/usbd_cdc.o
                0x000000000800c3bc                USBD_CDC_GetDeviceQualifierDescriptor
 .text.USBD_CDC_RegisterInterface
                0x000000000800c3dc       0x2e Middlewares/ST/STM32_USB_Device_Library/Class/CDC/Src/usbd_cdc.o
                0x000000000800c3dc                USBD_CDC_RegisterInterface
 .text.USBD_CDC_SetTxBuffer
                0x000000000800c40a       0x34 Middlewares/ST/STM32_USB_Device_Library/Class/CDC/Src/usbd_cdc.o
                0x000000000800c40a                USBD_CDC_SetTxBuffer
 .text.USBD_CDC_SetRxBuffer
                0x000000000800c43e       0x28 Middlewares/ST/STM32_USB_Device_Library/Class/CDC/Src/usbd_cdc.o
                0x000000000800c43e                USBD_CDC_SetRxBuffer
 .text.USBD_CDC_ReceivePacket
                0x000000000800c466       0x54 Middlewares/ST/STM32_USB_Device_Library/Class/CDC/Src/usbd_cdc.o
                0x000000000800c466                USBD_CDC_ReceivePacket
 .text.USBD_Init
                0x000000000800c4ba       0x56 Middlewares/ST/STM32_USB_Device_Library/Core/Src/usbd_core.o
                0x000000000800c4ba                USBD_Init
 .text.USBD_RegisterClass
                0x000000000800c510       0x34 Middlewares/ST/STM32_USB_Device_Library/Core/Src/usbd_core.o
                0x000000000800c510                USBD_RegisterClass
 .text.USBD_Start
                0x000000000800c544       0x18 Middlewares/ST/STM32_USB_Device_Library/Core/Src/usbd_core.o
                0x000000000800c544                USBD_Start
 .text.USBD_RunTestMode
                0x000000000800c55c       0x16 Middlewares/ST/STM32_USB_Device_Library/Core/Src/usbd_core.o
                0x000000000800c55c                USBD_RunTestMode
 .text.USBD_SetClassConfig
                0x000000000800c572       0x3e Middlewares/ST/STM32_USB_Device_Library/Core/Src/usbd_core.o
                0x000000000800c572                USBD_SetClassConfig
 .text.USBD_ClrClassConfig
                0x000000000800c5b0       0x26 Middlewares/ST/STM32_USB_Device_Library/Core/Src/usbd_core.o
                0x000000000800c5b0                USBD_ClrClassConfig
 .text.USBD_LL_SetupStage
                0x000000000800c5d6       0x96 Middlewares/ST/STM32_USB_Device_Library/Core/Src/usbd_core.o
                0x000000000800c5d6                USBD_LL_SetupStage
 .text.USBD_LL_DataOutStage
                0x000000000800c66c       0xe2 Middlewares/ST/STM32_USB_Device_Library/Core/Src/usbd_core.o
                0x000000000800c66c                USBD_LL_DataOutStage
 .text.USBD_LL_DataInStage
                0x000000000800c74e      0x14a Middlewares/ST/STM32_USB_Device_Library/Core/Src/usbd_core.o
                0x000000000800c74e                USBD_LL_DataInStage
 .text.USBD_LL_Reset
                0x000000000800c898       0x82 Middlewares/ST/STM32_USB_Device_Library/Core/Src/usbd_core.o
                0x000000000800c898                USBD_LL_Reset
 .text.USBD_LL_SetSpeed
                0x000000000800c91a       0x20 Middlewares/ST/STM32_USB_Device_Library/Core/Src/usbd_core.o
                0x000000000800c91a                USBD_LL_SetSpeed
 .text.USBD_LL_Suspend
                0x000000000800c93a       0x2a Middlewares/ST/STM32_USB_Device_Library/Core/Src/usbd_core.o
                0x000000000800c93a                USBD_LL_Suspend
 .text.USBD_LL_Resume
                0x000000000800c964       0x22 Middlewares/ST/STM32_USB_Device_Library/Core/Src/usbd_core.o
                0x000000000800c964                USBD_LL_Resume
 .text.USBD_LL_SOF
                0x000000000800c986       0x34 Middlewares/ST/STM32_USB_Device_Library/Core/Src/usbd_core.o
                0x000000000800c986                USBD_LL_SOF
 .text.USBD_LL_IsoINIncomplete
                0x000000000800c9ba       0x1a Middlewares/ST/STM32_USB_Device_Library/Core/Src/usbd_core.o
                0x000000000800c9ba                USBD_LL_IsoINIncomplete
 .text.USBD_LL_IsoOUTIncomplete
                0x000000000800c9d4       0x1a Middlewares/ST/STM32_USB_Device_Library/Core/Src/usbd_core.o
                0x000000000800c9d4                USBD_LL_IsoOUTIncomplete
 .text.USBD_LL_DevConnected
                0x000000000800c9ee       0x16 Middlewares/ST/STM32_USB_Device_Library/Core/Src/usbd_core.o
                0x000000000800c9ee                USBD_LL_DevConnected
 .text.USBD_LL_DevDisconnected
                0x000000000800ca04       0x2e Middlewares/ST/STM32_USB_Device_Library/Core/Src/usbd_core.o
                0x000000000800ca04                USBD_LL_DevDisconnected
 *fill*         0x000000000800ca32        0x2 
 .text.USBD_StdDevReq
                0x000000000800ca34       0xd4 Middlewares/ST/STM32_USB_Device_Library/Core/Src/usbd_ctlreq.o
                0x000000000800ca34                USBD_StdDevReq
 .text.USBD_StdItfReq
                0x000000000800cb08       0x8c Middlewares/ST/STM32_USB_Device_Library/Core/Src/usbd_ctlreq.o
                0x000000000800cb08                USBD_StdItfReq
 .text.USBD_StdEPReq
                0x000000000800cb94      0x2b6 Middlewares/ST/STM32_USB_Device_Library/Core/Src/usbd_ctlreq.o
                0x000000000800cb94                USBD_StdEPReq
 *fill*         0x000000000800ce4a        0x2 
 .text.USBD_GetDescriptor
                0x000000000800ce4c      0x22c Middlewares/ST/STM32_USB_Device_Library/Core/Src/usbd_ctlreq.o
 .text.USBD_SetAddress
                0x000000000800d078       0x84 Middlewares/ST/STM32_USB_Device_Library/Core/Src/usbd_ctlreq.o
 .text.USBD_SetConfig
                0x000000000800d0fc      0x11c Middlewares/ST/STM32_USB_Device_Library/Core/Src/usbd_ctlreq.o
 .text.USBD_GetConfig
                0x000000000800d218       0x68 Middlewares/ST/STM32_USB_Device_Library/Core/Src/usbd_ctlreq.o
 .text.USBD_GetStatus
                0x000000000800d280       0x66 Middlewares/ST/STM32_USB_Device_Library/Core/Src/usbd_ctlreq.o
 .text.USBD_SetFeature
                0x000000000800d2e6       0x28 Middlewares/ST/STM32_USB_Device_Library/Core/Src/usbd_ctlreq.o
 .text.USBD_ClrFeature
                0x000000000800d30e       0x42 Middlewares/ST/STM32_USB_Device_Library/Core/Src/usbd_ctlreq.o
 .text.USBD_ParseSetupRequest
                0x000000000800d350       0x7a Middlewares/ST/STM32_USB_Device_Library/Core/Src/usbd_ctlreq.o
                0x000000000800d350                USBD_ParseSetupRequest
 .text.USBD_CtlError
                0x000000000800d3ca       0x22 Middlewares/ST/STM32_USB_Device_Library/Core/Src/usbd_ctlreq.o
                0x000000000800d3ca                USBD_CtlError
 .text.USBD_GetString
                0x000000000800d3ec       0x84 Middlewares/ST/STM32_USB_Device_Library/Core/Src/usbd_ctlreq.o
                0x000000000800d3ec                USBD_GetString
 .text.USBD_GetLen
                0x000000000800d470       0x30 Middlewares/ST/STM32_USB_Device_Library/Core/Src/usbd_ctlreq.o
 .text.USBD_CtlSendData
                0x000000000800d4a0       0x38 Middlewares/ST/STM32_USB_Device_Library/Core/Src/usbd_ioreq.o
                0x000000000800d4a0                USBD_CtlSendData
 .text.USBD_CtlContinueSendData
                0x000000000800d4d8       0x24 Middlewares/ST/STM32_USB_Device_Library/Core/Src/usbd_ioreq.o
                0x000000000800d4d8                USBD_CtlContinueSendData
 .text.USBD_CtlPrepareRx
                0x000000000800d4fc       0x3c Middlewares/ST/STM32_USB_Device_Library/Core/Src/usbd_ioreq.o
                0x000000000800d4fc                USBD_CtlPrepareRx
 .text.USBD_CtlContinueRx
                0x000000000800d538       0x24 Middlewares/ST/STM32_USB_Device_Library/Core/Src/usbd_ioreq.o
                0x000000000800d538                USBD_CtlContinueRx
 .text.USBD_CtlSendStatus
                0x000000000800d55c       0x26 Middlewares/ST/STM32_USB_Device_Library/Core/Src/usbd_ioreq.o
                0x000000000800d55c                USBD_CtlSendStatus
 .text.USBD_CtlReceiveStatus
                0x000000000800d582       0x26 Middlewares/ST/STM32_USB_Device_Library/Core/Src/usbd_ioreq.o
                0x000000000800d582                USBD_CtlReceiveStatus
 .text.Reset_Handler
                0x000000000800d5a8       0x50 Startup/startup_stm32l496agix.o
                0x000000000800d5a8                Reset_Handler
 .text.Default_Handler
                0x000000000800d5f8        0x2 Startup/startup_stm32l496agix.o
                0x000000000800d5f8                RTC_Alarm_IRQHandler
                0x000000000800d5f8                EXTI2_IRQHandler
                0x000000000800d5f8                TIM8_TRG_COM_IRQHandler
                0x000000000800d5f8                TIM8_CC_IRQHandler
                0x000000000800d5f8                TIM1_CC_IRQHandler
                0x000000000800d5f8                TSC_IRQHandler
                0x000000000800d5f8                TAMP_STAMP_IRQHandler
                0x000000000800d5f8                CAN2_RX1_IRQHandler
                0x000000000800d5f8                EXTI3_IRQHandler
                0x000000000800d5f8                LPTIM2_IRQHandler
                0x000000000800d5f8                DFSDM1_FLT1_IRQHandler
                0x000000000800d5f8                I2C3_ER_IRQHandler
                0x000000000800d5f8                DFSDM1_FLT2_IRQHandler
                0x000000000800d5f8                EXTI0_IRQHandler
                0x000000000800d5f8                I2C2_EV_IRQHandler
                0x000000000800d5f8                CAN1_RX0_IRQHandler
                0x000000000800d5f8                FPU_IRQHandler
                0x000000000800d5f8                TIM1_UP_TIM16_IRQHandler
                0x000000000800d5f8                CAN2_SCE_IRQHandler
                0x000000000800d5f8                ADC1_2_IRQHandler
                0x000000000800d5f8                SPI1_IRQHandler
                0x000000000800d5f8                TIM6_DAC_IRQHandler
                0x000000000800d5f8                DCMI_IRQHandler
                0x000000000800d5f8                CAN2_RX0_IRQHandler
                0x000000000800d5f8                TIM8_UP_IRQHandler
                0x000000000800d5f8                DMA2_Channel2_IRQHandler
                0x000000000800d5f8                SAI2_IRQHandler
                0x000000000800d5f8                DFSDM1_FLT3_IRQHandler
                0x000000000800d5f8                USART3_IRQHandler
                0x000000000800d5f8                CAN1_RX1_IRQHandler
                0x000000000800d5f8                LCD_IRQHandler
                0x000000000800d5f8                UART5_IRQHandler
                0x000000000800d5f8                ADC3_IRQHandler
                0x000000000800d5f8                TIM4_IRQHandler
                0x000000000800d5f8                DMA2_Channel1_IRQHandler
                0x000000000800d5f8                QUADSPI_IRQHandler
                0x000000000800d5f8                I2C1_EV_IRQHandler
                0x000000000800d5f8                DMA1_Channel6_IRQHandler
                0x000000000800d5f8                UART4_IRQHandler
                0x000000000800d5f8                DMA2_Channel4_IRQHandler
                0x000000000800d5f8                TIM3_IRQHandler
                0x000000000800d5f8                RCC_IRQHandler
                0x000000000800d5f8                DMA1_Channel1_IRQHandler
                0x000000000800d5f8                Default_Handler
                0x000000000800d5f8                DMA2_Channel7_IRQHandler
                0x000000000800d5f8                EXTI15_10_IRQHandler
                0x000000000800d5f8                TIM7_IRQHandler
                0x000000000800d5f8                SDMMC1_IRQHandler
                0x000000000800d5f8                CAN2_TX_IRQHandler
                0x000000000800d5f8                TIM5_IRQHandler
                0x000000000800d5f8                I2C3_EV_IRQHandler
                0x000000000800d5f8                EXTI9_5_IRQHandler
                0x000000000800d5f8                RTC_WKUP_IRQHandler
                0x000000000800d5f8                PVD_PVM_IRQHandler
                0x000000000800d5f8                SPI2_IRQHandler
                0x000000000800d5f8                CAN1_TX_IRQHandler
                0x000000000800d5f8                DMA2_Channel5_IRQHandler
                0x000000000800d5f8                CRS_IRQHandler
                0x000000000800d5f8                DMA1_Channel5_IRQHandler
                0x000000000800d5f8                EXTI4_IRQHandler
                0x000000000800d5f8                RNG_IRQHandler
                0x000000000800d5f8                TIM1_TRG_COM_TIM17_IRQHandler
                0x000000000800d5f8                DMA1_Channel3_IRQHandler
                0x000000000800d5f8                COMP_IRQHandler
                0x000000000800d5f8                WWDG_IRQHandler
                0x000000000800d5f8                I2C4_EV_IRQHandler
                0x000000000800d5f8                LPUART1_IRQHandler
                0x000000000800d5f8                DMA2_Channel6_IRQHandler
                0x000000000800d5f8                TIM2_IRQHandler
                0x000000000800d5f8                EXTI1_IRQHandler
                0x000000000800d5f8                I2C2_ER_IRQHandler
                0x000000000800d5f8                DMA1_Channel2_IRQHandler
                0x000000000800d5f8                TIM8_BRK_IRQHandler
                0x000000000800d5f8                CAN1_SCE_IRQHandler
                0x000000000800d5f8                FLASH_IRQHandler
                0x000000000800d5f8                USART1_IRQHandler
                0x000000000800d5f8                SPI3_IRQHandler
                0x000000000800d5f8                I2C1_ER_IRQHandler
                0x000000000800d5f8                FMC_IRQHandler
                0x000000000800d5f8                SWPMI1_IRQHandler
                0x000000000800d5f8                LPTIM1_IRQHandler
                0x000000000800d5f8                I2C4_ER_IRQHandler
                0x000000000800d5f8                SAI1_IRQHandler
                0x000000000800d5f8                DMA2_Channel3_IRQHandler
                0x000000000800d5f8                TIM1_BRK_TIM15_IRQHandler
 *fill*         0x000000000800d5fa        0x2 
 .text.MX_USB_DEVICE_Init
                0x000000000800d5fc       0x60 USB_DEVICE/App/usb_device.o
                0x000000000800d5fc                MX_USB_DEVICE_Init
 .text.CDC_Init_FS
                0x000000000800d65c       0x28 USB_DEVICE/App/usbd_cdc_if.o
 .text.CDC_DeInit_FS
                0x000000000800d684       0x10 USB_DEVICE/App/usbd_cdc_if.o
 .text.CDC_Control_FS
                0x000000000800d694       0xbc USB_DEVICE/App/usbd_cdc_if.o
 .text.CDC_Receive_FS
                0x000000000800d750       0x28 USB_DEVICE/App/usbd_cdc_if.o
 .text.USBD_FS_DeviceDescriptor
                0x000000000800d778       0x24 USB_DEVICE/App/usbd_desc.o
                0x000000000800d778                USBD_FS_DeviceDescriptor
 .text.USBD_FS_LangIDStrDescriptor
                0x000000000800d79c       0x24 USB_DEVICE/App/usbd_desc.o
                0x000000000800d79c                USBD_FS_LangIDStrDescriptor
 .text.USBD_FS_ProductStrDescriptor
                0x000000000800d7c0       0x3c USB_DEVICE/App/usbd_desc.o
                0x000000000800d7c0                USBD_FS_ProductStrDescriptor
 .text.USBD_FS_ManufacturerStrDescriptor
                0x000000000800d7fc       0x28 USB_DEVICE/App/usbd_desc.o
                0x000000000800d7fc                USBD_FS_ManufacturerStrDescriptor
 .text.USBD_FS_SerialStrDescriptor
                0x000000000800d824       0x24 USB_DEVICE/App/usbd_desc.o
                0x000000000800d824                USBD_FS_SerialStrDescriptor
 .text.USBD_FS_ConfigStrDescriptor
                0x000000000800d848       0x3c USB_DEVICE/App/usbd_desc.o
                0x000000000800d848                USBD_FS_ConfigStrDescriptor
 .text.USBD_FS_InterfaceStrDescriptor
                0x000000000800d884       0x3c USB_DEVICE/App/usbd_desc.o
                0x000000000800d884                USBD_FS_InterfaceStrDescriptor
 .text.USBD_FS_USR_BOSDescriptor
                0x000000000800d8c0       0x24 USB_DEVICE/App/usbd_desc.o
                0x000000000800d8c0                USBD_FS_USR_BOSDescriptor
 .text.Get_SerialNum
                0x000000000800d8e4       0x58 USB_DEVICE/App/usbd_desc.o
 .text.IntToUnicode
                0x000000000800d93c       0x7c USB_DEVICE/App/usbd_desc.o
 .text.HAL_PCD_MspInit
                0x000000000800d9b8       0xcc USB_DEVICE/Target/usbd_conf.o
                0x000000000800d9b8                HAL_PCD_MspInit
 .text.HAL_PCD_SetupStageCallback
                0x000000000800da84       0x24 USB_DEVICE/Target/usbd_conf.o
                0x000000000800da84                HAL_PCD_SetupStageCallback
 .text.HAL_PCD_DataOutStageCallback
                0x000000000800daa8       0x36 USB_DEVICE/Target/usbd_conf.o
                0x000000000800daa8                HAL_PCD_DataOutStageCallback
 .text.HAL_PCD_DataInStageCallback
                0x000000000800dade       0x34 USB_DEVICE/Target/usbd_conf.o
                0x000000000800dade                HAL_PCD_DataInStageCallback
 .text.HAL_PCD_SOFCallback
                0x000000000800db12       0x1c USB_DEVICE/Target/usbd_conf.o
                0x000000000800db12                HAL_PCD_SOFCallback
 .text.HAL_PCD_ResetCallback
                0x000000000800db2e       0x3c USB_DEVICE/Target/usbd_conf.o
                0x000000000800db2e                HAL_PCD_ResetCallback
 *fill*         0x000000000800db6a        0x2 
 .text.HAL_PCD_SuspendCallback
                0x000000000800db6c       0x4c USB_DEVICE/Target/usbd_conf.o
                0x000000000800db6c                HAL_PCD_SuspendCallback
 .text.HAL_PCD_ResumeCallback
                0x000000000800dbb8       0x50 USB_DEVICE/Target/usbd_conf.o
                0x000000000800dbb8                HAL_PCD_ResumeCallback
 .text.HAL_PCD_ISOOUTIncompleteCallback
                0x000000000800dc08       0x24 USB_DEVICE/Target/usbd_conf.o
                0x000000000800dc08                HAL_PCD_ISOOUTIncompleteCallback
 .text.HAL_PCD_ISOINIncompleteCallback
                0x000000000800dc2c       0x24 USB_DEVICE/Target/usbd_conf.o
                0x000000000800dc2c                HAL_PCD_ISOINIncompleteCallback
 .text.HAL_PCD_ConnectCallback
                0x000000000800dc50       0x1c USB_DEVICE/Target/usbd_conf.o
                0x000000000800dc50                HAL_PCD_ConnectCallback
 .text.HAL_PCD_DisconnectCallback
                0x000000000800dc6c       0x1c USB_DEVICE/Target/usbd_conf.o
                0x000000000800dc6c                HAL_PCD_DisconnectCallback
 .text.USBD_LL_Init
                0x000000000800dc88       0x98 USB_DEVICE/Target/usbd_conf.o
                0x000000000800dc88                USBD_LL_Init
 .text.USBD_LL_Start
                0x000000000800dd20       0x64 USB_DEVICE/Target/usbd_conf.o
                0x000000000800dd20                USBD_LL_Start
 .text.USBD_LL_OpenEP
                0x000000000800dd84       0x7c USB_DEVICE/Target/usbd_conf.o
                0x000000000800dd84                USBD_LL_OpenEP
 .text.USBD_LL_CloseEP
                0x000000000800de00       0x6c USB_DEVICE/Target/usbd_conf.o
                0x000000000800de00                USBD_LL_CloseEP
 .text.USBD_LL_StallEP
                0x000000000800de6c       0x6c USB_DEVICE/Target/usbd_conf.o
                0x000000000800de6c                USBD_LL_StallEP
 .text.USBD_LL_ClearStallEP
                0x000000000800ded8       0x6c USB_DEVICE/Target/usbd_conf.o
                0x000000000800ded8                USBD_LL_ClearStallEP
 .text.USBD_LL_IsStallEP
                0x000000000800df44       0x58 USB_DEVICE/Target/usbd_conf.o
                0x000000000800df44                USBD_LL_IsStallEP
 .text.USBD_LL_SetUSBAddress
                0x000000000800df9c       0x6c USB_DEVICE/Target/usbd_conf.o
                0x000000000800df9c                USBD_LL_SetUSBAddress
 .text.USBD_LL_Transmit
                0x000000000800e008       0x74 USB_DEVICE/Target/usbd_conf.o
                0x000000000800e008                USBD_LL_Transmit
 .text.USBD_LL_PrepareReceive
                0x000000000800e07c       0x74 USB_DEVICE/Target/usbd_conf.o
                0x000000000800e07c                USBD_LL_PrepareReceive
 .text.USBD_LL_GetRxDataSize
                0x000000000800e0f0       0x26 USB_DEVICE/Target/usbd_conf.o
                0x000000000800e0f0                USBD_LL_GetRxDataSize
 *fill*         0x000000000800e116        0x2 
 .text.HAL_PCDEx_LPM_Callback
                0x000000000800e118       0x9c USB_DEVICE/Target/usbd_conf.o
                0x000000000800e118                HAL_PCDEx_LPM_Callback
 .text.USBD_static_malloc
                0x000000000800e1b4       0x1c USB_DEVICE/Target/usbd_conf.o
                0x000000000800e1b4                USBD_static_malloc
 .text.USBD_static_free
                0x000000000800e1d0       0x14 USB_DEVICE/Target/usbd_conf.o
                0x000000000800e1d0                USBD_static_free
 .text.SystemClockConfig_Resume
                0x000000000800e1e4        0xc USB_DEVICE/Target/usbd_conf.o
 .text.__libc_init_array
                0x000000000800e1f0       0x48 /opt/st/stm32cubeide_1.0.0/plugins/com.st.stm32cube.ide.mcu.externaltools.gnu-tools-for-stm32.7-2018-q2-update.linux64_1.0.0.201904181610/tools/bin/../lib/gcc/arm-none-eabi/7.3.1/../../../../arm-none-eabi/lib/thumb/v7e-m/fpv4-sp/hard/libc_nano.a(lib_a-init.o)
                0x000000000800e1f0                __libc_init_array
 .text.memset   0x000000000800e238       0x10 /opt/st/stm32cubeide_1.0.0/plugins/com.st.stm32cube.ide.mcu.externaltools.gnu-tools-for-stm32.7-2018-q2-update.linux64_1.0.0.201904181610/tools/bin/../lib/gcc/arm-none-eabi/7.3.1/../../../../arm-none-eabi/lib/thumb/v7e-m/fpv4-sp/hard/libc_nano.a(lib_a-memset.o)
                0x000000000800e238                memset
 *(.glue_7)
 .glue_7        0x000000000800e248        0x0 linker stubs
 *(.glue_7t)
 .glue_7t       0x000000000800e248        0x0 linker stubs
 *(.eh_frame)
 .eh_frame      0x000000000800e248        0x0 /opt/st/stm32cubeide_1.0.0/plugins/com.st.stm32cube.ide.mcu.externaltools.gnu-tools-for-stm32.7-2018-q2-update.linux64_1.0.0.201904181610/tools/bin/../lib/gcc/arm-none-eabi/7.3.1/thumb/v7e-m/fpv4-sp/hard/crtbegin.o
 *(.init)
 .init          0x000000000800e248        0x4 /opt/st/stm32cubeide_1.0.0/plugins/com.st.stm32cube.ide.mcu.externaltools.gnu-tools-for-stm32.7-2018-q2-update.linux64_1.0.0.201904181610/tools/bin/../lib/gcc/arm-none-eabi/7.3.1/thumb/v7e-m/fpv4-sp/hard/crti.o
                0x000000000800e248                _init
 .init          0x000000000800e24c        0x8 /opt/st/stm32cubeide_1.0.0/plugins/com.st.stm32cube.ide.mcu.externaltools.gnu-tools-for-stm32.7-2018-q2-update.linux64_1.0.0.201904181610/tools/bin/../lib/gcc/arm-none-eabi/7.3.1/thumb/v7e-m/fpv4-sp/hard/crtn.o
 *(.fini)
 .fini          0x000000000800e254        0x4 /opt/st/stm32cubeide_1.0.0/plugins/com.st.stm32cube.ide.mcu.externaltools.gnu-tools-for-stm32.7-2018-q2-update.linux64_1.0.0.201904181610/tools/bin/../lib/gcc/arm-none-eabi/7.3.1/thumb/v7e-m/fpv4-sp/hard/crti.o
                0x000000000800e254                _fini
 .fini          0x000000000800e258        0x8 /opt/st/stm32cubeide_1.0.0/plugins/com.st.stm32cube.ide.mcu.externaltools.gnu-tools-for-stm32.7-2018-q2-update.linux64_1.0.0.201904181610/tools/bin/../lib/gcc/arm-none-eabi/7.3.1/thumb/v7e-m/fpv4-sp/hard/crtn.o
                0x000000000800e260                . = ALIGN (0x4)
                0x000000000800e260                _etext = .

.vfp11_veneer   0x000000000800e260        0x0
 .vfp11_veneer  0x000000000800e260        0x0 linker stubs

.v4_bx          0x000000000800e260        0x0
 .v4_bx         0x000000000800e260        0x0 linker stubs

.iplt           0x000000000800e260        0x0
 .iplt          0x000000000800e260        0x0 /opt/st/stm32cubeide_1.0.0/plugins/com.st.stm32cube.ide.mcu.externaltools.gnu-tools-for-stm32.7-2018-q2-update.linux64_1.0.0.201904181610/tools/bin/../lib/gcc/arm-none-eabi/7.3.1/thumb/v7e-m/fpv4-sp/hard/crtbegin.o

.rodata         0x000000000800e260       0xcc
                0x000000000800e260                . = ALIGN (0x4)
 *(.rodata)
 .rodata        0x000000000800e260       0x39 Core/Src/main.o
 *fill*         0x000000000800e299        0x3 
 .rodata        0x000000000800e29c       0x46 USB_DEVICE/App/usbd_desc.o
 *(.rodata*)
 *fill*         0x000000000800e2e2        0x2 
 .rodata.AHBPrescTable
                0x000000000800e2e4       0x10 Core/Src/system_stm32l4xx.o
                0x000000000800e2e4                AHBPrescTable
 .rodata.APBPrescTable
                0x000000000800e2f4        0x8 Core/Src/system_stm32l4xx.o
                0x000000000800e2f4                APBPrescTable
 .rodata.MSIRangeTable
                0x000000000800e2fc       0x30 Core/Src/system_stm32l4xx.o
                0x000000000800e2fc                MSIRangeTable
                0x000000000800e32c                . = ALIGN (0x4)

.ARM.extab      0x000000000800e32c        0x0
                0x000000000800e32c                . = ALIGN (0x4)
 *(.ARM.extab* .gnu.linkonce.armextab.*)
                0x000000000800e32c                . = ALIGN (0x4)

.ARM            0x000000000800e32c        0x8
                0x000000000800e32c                . = ALIGN (0x4)
                0x000000000800e32c                __exidx_start = .
 *(.ARM.exidx*)
 .ARM.exidx     0x000000000800e32c        0x8 /opt/st/stm32cubeide_1.0.0/plugins/com.st.stm32cube.ide.mcu.externaltools.gnu-tools-for-stm32.7-2018-q2-update.linux64_1.0.0.201904181610/tools/bin/../lib/gcc/arm-none-eabi/7.3.1/thumb/v7e-m/fpv4-sp/hard/libgcc.a(_udivmoddi4.o)
                0x000000000800e334                __exidx_end = .
                0x000000000800e334                . = ALIGN (0x4)

.rel.dyn        0x000000000800e334        0x0
 .rel.iplt      0x000000000800e334        0x0 /opt/st/stm32cubeide_1.0.0/plugins/com.st.stm32cube.ide.mcu.externaltools.gnu-tools-for-stm32.7-2018-q2-update.linux64_1.0.0.201904181610/tools/bin/../lib/gcc/arm-none-eabi/7.3.1/thumb/v7e-m/fpv4-sp/hard/crtbegin.o

.preinit_array  0x000000000800e334        0x0
                0x000000000800e334                . = ALIGN (0x4)
                0x000000000800e334                PROVIDE (__preinit_array_start = .)
 *(.preinit_array*)
                0x000000000800e334                PROVIDE (__preinit_array_end = .)
                0x000000000800e334                . = ALIGN (0x4)

.init_array     0x000000000800e334        0x4
                0x000000000800e334                . = ALIGN (0x4)
                0x000000000800e334                PROVIDE (__init_array_start = .)
 *(SORT_BY_NAME(.init_array.*))
 *(.init_array*)
 .init_array    0x000000000800e334        0x4 /opt/st/stm32cubeide_1.0.0/plugins/com.st.stm32cube.ide.mcu.externaltools.gnu-tools-for-stm32.7-2018-q2-update.linux64_1.0.0.201904181610/tools/bin/../lib/gcc/arm-none-eabi/7.3.1/thumb/v7e-m/fpv4-sp/hard/crtbegin.o
                0x000000000800e338                PROVIDE (__init_array_end = .)
                0x000000000800e338                . = ALIGN (0x4)

.fini_array     0x000000000800e338        0x4
                0x000000000800e338                . = ALIGN (0x4)
                [!provide]                        PROVIDE (__fini_array_start = .)
 *(SORT_BY_NAME(.fini_array.*))
 *(.fini_array*)
 .fini_array    0x000000000800e338        0x4 /opt/st/stm32cubeide_1.0.0/plugins/com.st.stm32cube.ide.mcu.externaltools.gnu-tools-for-stm32.7-2018-q2-update.linux64_1.0.0.201904181610/tools/bin/../lib/gcc/arm-none-eabi/7.3.1/thumb/v7e-m/fpv4-sp/hard/crtbegin.o
                [!provide]                        PROVIDE (__fini_array_end = .)
                0x000000000800e33c                . = ALIGN (0x4)
                0x000000000800e33c                _sidata = LOADADDR (.data)

.data           0x0000000020000000      0x18c load address 0x000000000800e33c
                0x0000000020000000                . = ALIGN (0x4)
                0x0000000020000000                _sdata = .
 *(.data)
 *(.data*)
 .data.SystemCoreClock
                0x0000000020000000        0x4 Core/Src/system_stm32l4xx.o
                0x0000000020000000                SystemCoreClock
 .data.uwTickPrio
                0x0000000020000004        0x4 Drivers/STM32L4xx_HAL_Driver/Src/stm32l4xx_hal.o
                0x0000000020000004                uwTickPrio
 .data.uwTickFreq
                0x0000000020000008        0x4 Drivers/STM32L4xx_HAL_Driver/Src/stm32l4xx_hal.o
                0x0000000020000008                uwTickFreq
 .data.USBD_CDC_DeviceQualifierDesc
                0x000000002000000c        0xa Middlewares/ST/STM32_USB_Device_Library/Class/CDC/Src/usbd_cdc.o
 *fill*         0x0000000020000016        0x2 
 .data.USBD_CDC
                0x0000000020000018       0x38 Middlewares/ST/STM32_USB_Device_Library/Class/CDC/Src/usbd_cdc.o
                0x0000000020000018                USBD_CDC
 .data.USBD_CDC_CfgHSDesc
                0x0000000020000050       0x43 Middlewares/ST/STM32_USB_Device_Library/Class/CDC/Src/usbd_cdc.o
                0x0000000020000050                USBD_CDC_CfgHSDesc
 *fill*         0x0000000020000093        0x1 
 .data.USBD_CDC_CfgFSDesc
                0x0000000020000094       0x43 Middlewares/ST/STM32_USB_Device_Library/Class/CDC/Src/usbd_cdc.o
                0x0000000020000094                USBD_CDC_CfgFSDesc
 *fill*         0x00000000200000d7        0x1 
 .data.USBD_CDC_OtherSpeedCfgDesc
                0x00000000200000d8       0x43 Middlewares/ST/STM32_USB_Device_Library/Class/CDC/Src/usbd_cdc.o
                0x00000000200000d8                USBD_CDC_OtherSpeedCfgDesc
 *fill*         0x000000002000011b        0x1 
 .data.USBD_Interface_fops_FS
                0x000000002000011c       0x10 USB_DEVICE/App/usbd_cdc_if.o
                0x000000002000011c                USBD_Interface_fops_FS
 .data.FS_Desc  0x000000002000012c       0x20 USB_DEVICE/App/usbd_desc.o
                0x000000002000012c                FS_Desc
 .data.USBD_FS_DeviceDesc
                0x000000002000014c       0x12 USB_DEVICE/App/usbd_desc.o
                0x000000002000014c                USBD_FS_DeviceDesc
 *fill*         0x000000002000015e        0x2 
 .data.USBD_FS_BOSDesc
                0x0000000020000160        0xc USB_DEVICE/App/usbd_desc.o
                0x0000000020000160                USBD_FS_BOSDesc
 .data.USBD_LangIDDesc
                0x000000002000016c        0x4 USB_DEVICE/App/usbd_desc.o
                0x000000002000016c                USBD_LangIDDesc
 .data.USBD_StringSerial
                0x0000000020000170       0x1a USB_DEVICE/App/usbd_desc.o
                0x0000000020000170                USBD_StringSerial
                0x000000002000018c                . = ALIGN (0x4)
 *fill*         0x000000002000018a        0x2 
                0x000000002000018c                _edata = .

.igot.plt       0x000000002000018c        0x0 load address 0x000000000800e4c8
 .igot.plt      0x000000002000018c        0x0 /opt/st/stm32cubeide_1.0.0/plugins/com.st.stm32cube.ide.mcu.externaltools.gnu-tools-for-stm32.7-2018-q2-update.linux64_1.0.0.201904181610/tools/bin/../lib/gcc/arm-none-eabi/7.3.1/thumb/v7e-m/fpv4-sp/hard/crtbegin.o
                0x000000002000018c                . = ALIGN (0x4)

.bss            0x000000002000018c     0x4908 load address 0x000000000800e4c8
                0x000000002000018c                _sbss = .
                0x000000002000018c                __bss_start__ = _sbss
 *(.bss)
 .bss           0x000000002000018c       0x1c /opt/st/stm32cubeide_1.0.0/plugins/com.st.stm32cube.ide.mcu.externaltools.gnu-tools-for-stm32.7-2018-q2-update.linux64_1.0.0.201904181610/tools/bin/../lib/gcc/arm-none-eabi/7.3.1/thumb/v7e-m/fpv4-sp/hard/crtbegin.o
 *(.bss*)
 .bss.HAL_RCC_ADC_CLK_ENABLED
                0x00000000200001a8        0x4 Core/Src/stm32l4xx_hal_msp.o
 .bss.HAL_RCC_DFSDM1_CLK_ENABLED
                0x00000000200001ac        0x4 Core/Src/stm32l4xx_hal_msp.o
 .bss.DFSDM1_Init
                0x00000000200001b0        0x4 Core/Src/stm32l4xx_hal_msp.o
 .bss.FMC_Initialized
                0x00000000200001b4        0x4 Core/Src/stm32l4xx_hal_msp.o
 .bss.SAI1_client
                0x00000000200001b8        0x4 Core/Src/stm32l4xx_hal_msp.o
 .bss.v_dfsdm1ChannelCounter
                0x00000000200001bc        0x4 Drivers/STM32L4xx_HAL_Driver/Src/stm32l4xx_hal_dfsdm.o
 .bss.a_dfsdm1ChannelHandle
                0x00000000200001c0       0x20 Drivers/STM32L4xx_HAL_Driver/Src/stm32l4xx_hal_dfsdm.o
 .bss.cfgidx.12621
                0x00000000200001e0        0x1 Middlewares/ST/STM32_USB_Device_Library/Core/Src/usbd_ctlreq.o
 *fill*         0x00000000200001e1        0x3 
 .bss.mem.12767
                0x00000000200001e4      0x220 USB_DEVICE/Target/usbd_conf.o
 *(COMMON)
 COMMON         0x0000000020000404     0x2de8 Core/Src/main.o
                0x0000000020000404                hdfsdm1_channel1
                0x000000002000043c                hspi2
                0x00000000200004a0                hadc2
                0x0000000020000508                hi2c1
                0x0000000020000554                hi2c2
                0x00000000200005a0                hdfsdm1_filter0
                0x00000000200005f4                hsd1
                0x0000000020000678                hsram1
                0x00000000200006c4                hlpuart1
                0x0000000020000744                hsai_BlockB1
                0x00000000200007c8                tab
                0x00000000200007fc                hadc1
                0x0000000020000864                hadc3
                0x00000000200008cc                hdma_usart2_tx
                0x0000000020000914                hdcmi
                0x000000002000096c                huart1
                0x00000000200009ec                hdma_dfsdm1_flt0
                0x0000000020000a34                audio_data
                0x0000000020002fb4                hsram2
                0x0000000020003000                hspi1
                0x0000000020003064                hsai_BlockA1
                0x00000000200030e8                huart2
                0x0000000020003168                hdfsdm1_channel2
                0x00000000200031a0                hqspi
 COMMON         0x00000000200031ec        0x4 Drivers/STM32L4xx_HAL_Driver/Src/stm32l4xx_hal.o
                0x00000000200031ec                uwTick
 COMMON         0x00000000200031f0      0x29c USB_DEVICE/App/usb_device.o
                0x00000000200031f0                hUsbDeviceFS
 COMMON         0x000000002000348c     0x1000 USB_DEVICE/App/usbd_cdc_if.o
                0x000000002000348c                UserRxBufferFS
                0x0000000020003c8c                UserTxBufferFS
 COMMON         0x000000002000448c      0x200 USB_DEVICE/App/usbd_desc.o
                0x000000002000448c                USBD_StrDesc
 COMMON         0x000000002000468c      0x408 USB_DEVICE/Target/usbd_conf.o
                0x000000002000468c                hpcd_USB_OTG_FS
                0x0000000020004a94                . = ALIGN (0x4)
                0x0000000020004a94                _ebss = .
                0x0000000020004a94                __bss_end__ = _ebss

._user_heap_stack
                0x0000000020004a94      0x604 load address 0x000000000800e4c8
                0x0000000020004a98                . = ALIGN (0x8)
 *fill*         0x0000000020004a94        0x4 
                0x0000000020004a98                PROVIDE (end = .)
                [!provide]                        PROVIDE (_end = .)
                0x0000000020004c98                . = (. + _Min_Heap_Size)
 *fill*         0x0000000020004a98      0x200 
                0x0000000020005098                . = (. + _Min_Stack_Size)
 *fill*         0x0000000020004c98      0x400 
                0x0000000020005098                . = ALIGN (0x8)

/DISCARD/
 libc.a(*)
 libm.a(*)
 libgcc.a(*)

.ARM.attributes
                0x0000000000000000       0x30
 *(.ARM.attributes)
 .ARM.attributes
                0x0000000000000000       0x22 /opt/st/stm32cubeide_1.0.0/plugins/com.st.stm32cube.ide.mcu.externaltools.gnu-tools-for-stm32.7-2018-q2-update.linux64_1.0.0.201904181610/tools/bin/../lib/gcc/arm-none-eabi/7.3.1/thumb/v7e-m/fpv4-sp/hard/crti.o
 .ARM.attributes
                0x0000000000000022       0x34 /opt/st/stm32cubeide_1.0.0/plugins/com.st.stm32cube.ide.mcu.externaltools.gnu-tools-for-stm32.7-2018-q2-update.linux64_1.0.0.201904181610/tools/bin/../lib/gcc/arm-none-eabi/7.3.1/thumb/v7e-m/fpv4-sp/hard/crtbegin.o
 .ARM.attributes
                0x0000000000000056       0x39 Core/Src/main.o
 .ARM.attributes
                0x000000000000008f       0x39 Core/Src/stm32l4xx_hal_msp.o
 .ARM.attributes
                0x00000000000000c8       0x39 Core/Src/stm32l4xx_it.o
 .ARM.attributes
                0x0000000000000101       0x39 Core/Src/system_stm32l4xx.o
 .ARM.attributes
                0x000000000000013a       0x39 Drivers/STM32L4xx_HAL_Driver/Src/stm32l4xx_hal.o
 .ARM.attributes
                0x0000000000000173       0x39 Drivers/STM32L4xx_HAL_Driver/Src/stm32l4xx_hal_adc.o
 .ARM.attributes
                0x00000000000001ac       0x39 Drivers/STM32L4xx_HAL_Driver/Src/stm32l4xx_hal_adc_ex.o
 .ARM.attributes
                0x00000000000001e5       0x39 Drivers/STM32L4xx_HAL_Driver/Src/stm32l4xx_hal_cortex.o
 .ARM.attributes
                0x000000000000021e       0x39 Drivers/STM32L4xx_HAL_Driver/Src/stm32l4xx_hal_dcmi.o
 .ARM.attributes
                0x0000000000000257       0x39 Drivers/STM32L4xx_HAL_Driver/Src/stm32l4xx_hal_dfsdm.o
 .ARM.attributes
                0x0000000000000290       0x39 Drivers/STM32L4xx_HAL_Driver/Src/stm32l4xx_hal_dma.o
 .ARM.attributes
                0x00000000000002c9       0x39 Drivers/STM32L4xx_HAL_Driver/Src/stm32l4xx_hal_gpio.o
 .ARM.attributes
                0x0000000000000302       0x39 Drivers/STM32L4xx_HAL_Driver/Src/stm32l4xx_hal_i2c.o
 .ARM.attributes
                0x000000000000033b       0x39 Drivers/STM32L4xx_HAL_Driver/Src/stm32l4xx_hal_i2c_ex.o
 .ARM.attributes
                0x0000000000000374       0x39 Drivers/STM32L4xx_HAL_Driver/Src/stm32l4xx_hal_pcd.o
 .ARM.attributes
                0x00000000000003ad       0x39 Drivers/STM32L4xx_HAL_Driver/Src/stm32l4xx_hal_pcd_ex.o
 .ARM.attributes
                0x00000000000003e6       0x39 Drivers/STM32L4xx_HAL_Driver/Src/stm32l4xx_hal_pwr.o
 .ARM.attributes
                0x000000000000041f       0x39 Drivers/STM32L4xx_HAL_Driver/Src/stm32l4xx_hal_pwr_ex.o
 .ARM.attributes
                0x0000000000000458       0x39 Drivers/STM32L4xx_HAL_Driver/Src/stm32l4xx_hal_qspi.o
 .ARM.attributes
                0x0000000000000491       0x39 Drivers/STM32L4xx_HAL_Driver/Src/stm32l4xx_hal_rcc.o
 .ARM.attributes
                0x00000000000004ca       0x39 Drivers/STM32L4xx_HAL_Driver/Src/stm32l4xx_hal_rcc_ex.o
 .ARM.attributes
                0x0000000000000503       0x39 Drivers/STM32L4xx_HAL_Driver/Src/stm32l4xx_hal_sai.o
 .ARM.attributes
                0x000000000000053c       0x39 Drivers/STM32L4xx_HAL_Driver/Src/stm32l4xx_hal_sd.o
 .ARM.attributes
                0x0000000000000575       0x39 Drivers/STM32L4xx_HAL_Driver/Src/stm32l4xx_hal_spi.o
 .ARM.attributes
                0x00000000000005ae       0x39 Drivers/STM32L4xx_HAL_Driver/Src/stm32l4xx_hal_sram.o
 .ARM.attributes
                0x00000000000005e7       0x39 Drivers/STM32L4xx_HAL_Driver/Src/stm32l4xx_hal_uart.o
 .ARM.attributes
                0x0000000000000620       0x39 Drivers/STM32L4xx_HAL_Driver/Src/stm32l4xx_hal_uart_ex.o
 .ARM.attributes
                0x0000000000000659       0x39 Drivers/STM32L4xx_HAL_Driver/Src/stm32l4xx_ll_fmc.o
 .ARM.attributes
                0x0000000000000692       0x39 Drivers/STM32L4xx_HAL_Driver/Src/stm32l4xx_ll_sdmmc.o
 .ARM.attributes
                0x00000000000006cb       0x39 Drivers/STM32L4xx_HAL_Driver/Src/stm32l4xx_ll_usb.o
 .ARM.attributes
                0x0000000000000704       0x39 Middlewares/ST/STM32_USB_Device_Library/Class/CDC/Src/usbd_cdc.o
 .ARM.attributes
                0x000000000000073d       0x39 Middlewares/ST/STM32_USB_Device_Library/Core/Src/usbd_core.o
 .ARM.attributes
                0x0000000000000776       0x39 Middlewares/ST/STM32_USB_Device_Library/Core/Src/usbd_ctlreq.o
 .ARM.attributes
                0x00000000000007af       0x39 Middlewares/ST/STM32_USB_Device_Library/Core/Src/usbd_ioreq.o
 .ARM.attributes
                0x00000000000007e8       0x21 Startup/startup_stm32l496agix.o
 .ARM.attributes
                0x0000000000000809       0x39 USB_DEVICE/App/usb_device.o
 .ARM.attributes
                0x0000000000000842       0x39 USB_DEVICE/App/usbd_cdc_if.o
 .ARM.attributes
                0x000000000000087b       0x39 USB_DEVICE/App/usbd_desc.o
 .ARM.attributes
                0x00000000000008b4       0x39 USB_DEVICE/Target/usbd_conf.o
 .ARM.attributes
                0x00000000000008ed       0x34 /opt/st/stm32cubeide_1.0.0/plugins/com.st.stm32cube.ide.mcu.externaltools.gnu-tools-for-stm32.7-2018-q2-update.linux64_1.0.0.201904181610/tools/bin/../lib/gcc/arm-none-eabi/7.3.1/../../../../arm-none-eabi/lib/thumb/v7e-m/fpv4-sp/hard/libc_nano.a(lib_a-init.o)
 .ARM.attributes
                0x0000000000000921       0x34 /opt/st/stm32cubeide_1.0.0/plugins/com.st.stm32cube.ide.mcu.externaltools.gnu-tools-for-stm32.7-2018-q2-update.linux64_1.0.0.201904181610/tools/bin/../lib/gcc/arm-none-eabi/7.3.1/../../../../arm-none-eabi/lib/thumb/v7e-m/fpv4-sp/hard/libc_nano.a(lib_a-memset.o)
 .ARM.attributes
                0x0000000000000955       0x1b /opt/st/stm32cubeide_1.0.0/plugins/com.st.stm32cube.ide.mcu.externaltools.gnu-tools-for-stm32.7-2018-q2-update.linux64_1.0.0.201904181610/tools/bin/../lib/gcc/arm-none-eabi/7.3.1/../../../../arm-none-eabi/lib/thumb/v7e-m/fpv4-sp/hard/libc_nano.a(lib_a-strlen.o)
 .ARM.attributes
                0x0000000000000970       0x22 /opt/st/stm32cubeide_1.0.0/plugins/com.st.stm32cube.ide.mcu.externaltools.gnu-tools-for-stm32.7-2018-q2-update.linux64_1.0.0.201904181610/tools/bin/../lib/gcc/arm-none-eabi/7.3.1/thumb/v7e-m/fpv4-sp/hard/libgcc.a(_aeabi_uldivmod.o)
 .ARM.attributes