main.c:152:6:rsam_init	24	static
main.c:160:7:rsam_calculate	32	static
main.c:198:6:PerformFFT	16408	static
main.c:210:6:HAL_DFSDM_FilterRegConvCpltCallback	24	static
main.c:235:6:HAL_DFSDM_FilterRegConvHalfCpltCallback	16	static
main.c:240:6:HAL_UART_RxCpltCallback	16	static
main.c:256:5:main	32	static
main.c:426:6:SystemClock_Config	240	static
main.c:510:13:MX_ADC1_Init	48	static
main.c:574:13:MX_ADC2_Init	32	static
main.c:630:13:MX_ADC3_Init	32	static
main.c:686:13:MX_DCMI_Init	8	static
main.c:723:13:MX_DFSDM1_Init	8	static
main.c:776:13:MX_I2C1_Init	8	static
main.c:822:13:MX_I2C2_Init	8	static
main.c:868:13:MX_LPUART1_UART_Init	8	static
main.c:902:13:MX_USART1_UART_Init	8	static
main.c:937:13:MX_USART2_UART_Init	8	static
main.c:972:13:MX_QUADSPI_Init	8	static
main.c:1007:13:MX_SAI1_Init	8	static
main.c:1082:13:MX_SDMMC1_SD_Init	8	static
main.c:1118:13:MX_SPI1_Init	8	static
main.c:1158:13:MX_SPI2_Init	8	static
main.c:1196:13:MX_DMA_Init	16	static
main.c:1208:13:MX_FMC_Init	40	static
main.c:1301:13:MX_GPIO_Init	64	static
main.c:1441:6:Error_Handler	4	static
