stm32l4xx_hal_msp.c:65:6:HAL_MspInit	16	static
stm32l4xx_hal_msp.c:89:6:HAL_ADC_MspInit	64	static
stm32l4xx_hal_msp.c:183:6:HAL_ADC_MspDeInit	16	static
stm32l4xx_hal_msp.c:260:6:HAL_DCMI_MspInit	56	static
stm32l4xx_hal_msp.c:322:6:HAL_DCMI_MspDeInit	16	static
stm32l4xx_hal_msp.c:368:6:HAL_DFSDM_FilterMspInit	48	static
stm32l4xx_hal_msp.c:442:6:HAL_DFSDM_ChannelMspInit	48	static
stm32l4xx_hal_msp.c:490:6:HAL_DFSDM_FilterMspDeInit	16	static
stm32l4xx_hal_msp.c:529:6:HAL_DFSDM_ChannelMspDeInit	16	static
stm32l4xx_hal_msp.c:562:6:HAL_I2C_MspInit	56	static
stm32l4xx_hal_msp.c:630:6:HAL_I2C_MspDeInit	16	static
stm32l4xx_hal_msp.c:679:6:HAL_UART_MspInit	72	static
stm32l4xx_hal_msp.c:786:6:HAL_UART_MspDeInit	16	static
stm32l4xx_hal_msp.c:859:6:HAL_QSPI_MspInit	48	static
stm32l4xx_hal_msp.c:907:6:HAL_QSPI_MspDeInit	16	static
stm32l4xx_hal_msp.c:942:6:HAL_SD_MspInit	48	static
stm32l4xx_hal_msp.c:991:6:HAL_SD_MspDeInit	16	static
stm32l4xx_hal_msp.c:1027:6:HAL_SPI_MspInit	64	static
stm32l4xx_hal_msp.c:1106:6:HAL_SPI_MspDeInit	16	static
stm32l4xx_hal_msp.c:1156:13:HAL_FMC_MspInit	32	static
stm32l4xx_hal_msp.c:1252:6:HAL_SRAM_MspInit	16	static
stm32l4xx_hal_msp.c:1264:13:HAL_FMC_MspDeInit	8	static
stm32l4xx_hal_msp.c:1339:6:HAL_SRAM_MspDeInit	16	static
stm32l4xx_hal_msp.c:1351:6:HAL_SAI_MspInit	48	static
stm32l4xx_hal_msp.c:1408:6:HAL_SAI_MspDeInit	16	static
