stm32l4xx_hal_dfsdm.c:358:19:HAL_DFSDM_ChannelInit	16	static
stm32l4xx_hal_dfsdm.c:465:19:HAL_DFSDM_ChannelDeInit	16	static
stm32l4xx_hal_dfsdm.c:519:13:HAL_DFSDM_ChannelMspInit	16	static
stm32l4xx_hal_dfsdm.c:534:13:HAL_DFSDM_ChannelMspDeInit	16	static
stm32l4xx_hal_dfsdm.c:711:19:HAL_DFSDM_ChannelCkabStart	32	static
stm32l4xx_hal_dfsdm.c:764:19:HAL_DFSDM_ChannelPollForCkab	24	static
stm32l4xx_hal_dfsdm.c:814:19:HAL_DFSDM_ChannelCkabStop	24	static
stm32l4xx_hal_dfsdm.c:850:19:HAL_DFSDM_ChannelCkabStart_IT	32	static
stm32l4xx_hal_dfsdm.c:905:13:HAL_DFSDM_ChannelCkabCallback	16	static
stm32l4xx_hal_dfsdm.c:921:19:HAL_DFSDM_ChannelCkabStop_IT	24	static
stm32l4xx_hal_dfsdm.c:961:19:HAL_DFSDM_ChannelScdStart	32	static
stm32l4xx_hal_dfsdm.c:998:19:HAL_DFSDM_ChannelPollForScd	24	static
stm32l4xx_hal_dfsdm.c:1048:19:HAL_DFSDM_ChannelScdStop	24	static
stm32l4xx_hal_dfsdm.c:1085:19:HAL_DFSDM_ChannelScdStart_IT	32	static
stm32l4xx_hal_dfsdm.c:1124:13:HAL_DFSDM_ChannelScdCallback	16	static
stm32l4xx_hal_dfsdm.c:1140:19:HAL_DFSDM_ChannelScdStop_IT	24	static
stm32l4xx_hal_dfsdm.c:1175:9:HAL_DFSDM_ChannelGetAwdValue	16	static
stm32l4xx_hal_dfsdm.c:1187:19:HAL_DFSDM_ChannelModifyOffset	24	static
stm32l4xx_hal_dfsdm.c:1234:32:HAL_DFSDM_ChannelGetState	16	static
stm32l4xx_hal_dfsdm.c:1264:19:HAL_DFSDM_FilterInit	16	static
stm32l4xx_hal_dfsdm.c:1391:19:HAL_DFSDM_FilterDeInit	16	static
stm32l4xx_hal_dfsdm.c:1427:13:HAL_DFSDM_FilterMspInit	16	static
stm32l4xx_hal_dfsdm.c:1442:13:HAL_DFSDM_FilterMspDeInit	16	static
stm32l4xx_hal_dfsdm.c:1716:19:HAL_DFSDM_FilterConfigRegChannel	32	static
stm32l4xx_hal_dfsdm.c:1761:19:HAL_DFSDM_FilterConfigInjChannel	24	static
stm32l4xx_hal_dfsdm.c:1831:19:HAL_DFSDM_FilterRegularStart	24	static
stm32l4xx_hal_dfsdm.c:1860:19:HAL_DFSDM_FilterPollForRegConversion	24	static
stm32l4xx_hal_dfsdm.c:1925:19:HAL_DFSDM_FilterRegularStop	24	static
stm32l4xx_hal_dfsdm.c:1955:19:HAL_DFSDM_FilterRegularStart_IT	24	static
stm32l4xx_hal_dfsdm.c:1986:19:HAL_DFSDM_FilterRegularStop_IT	24	static
stm32l4xx_hal_dfsdm.c:2024:19:HAL_DFSDM_FilterRegularStart_DMA	32	static
stm32l4xx_hal_dfsdm.c:2103:19:HAL_DFSDM_FilterRegularMsbStart_DMA	32	static
stm32l4xx_hal_dfsdm.c:2174:19:HAL_DFSDM_FilterRegularStop_DMA	24	static
stm32l4xx_hal_dfsdm.c:2213:9:HAL_DFSDM_FilterGetRegularValue	24	static
stm32l4xx_hal_dfsdm.c:2244:19:HAL_DFSDM_FilterInjectedStart	24	static
stm32l4xx_hal_dfsdm.c:2273:19:HAL_DFSDM_FilterPollForInjConversion	24	static
stm32l4xx_hal_dfsdm.c:2348:19:HAL_DFSDM_FilterInjectedStop	24	static
stm32l4xx_hal_dfsdm.c:2378:19:HAL_DFSDM_FilterInjectedStart_IT	24	static
stm32l4xx_hal_dfsdm.c:2409:19:HAL_DFSDM_FilterInjectedStop_IT	24	static
stm32l4xx_hal_dfsdm.c:2447:19:HAL_DFSDM_FilterInjectedStart_DMA	32	static
stm32l4xx_hal_dfsdm.c:2522:19:HAL_DFSDM_FilterInjectedMsbStart_DMA	32	static
stm32l4xx_hal_dfsdm.c:2591:19:HAL_DFSDM_FilterInjectedStop_DMA	24	static
stm32l4xx_hal_dfsdm.c:2630:9:HAL_DFSDM_FilterGetInjectedValue	24	static
stm32l4xx_hal_dfsdm.c:2660:19:HAL_DFSDM_FilterAwdStart_IT	24	static
stm32l4xx_hal_dfsdm.c:2709:19:HAL_DFSDM_FilterAwdStop_IT	24	static
stm32l4xx_hal_dfsdm.c:2749:19:HAL_DFSDM_FilterExdStart	24	static
stm32l4xx_hal_dfsdm.c:2780:19:HAL_DFSDM_FilterExdStop	32	static
stm32l4xx_hal_dfsdm.c:2818:9:HAL_DFSDM_FilterGetExdMaxValue	24	static
stm32l4xx_hal_dfsdm.c:2849:9:HAL_DFSDM_FilterGetExdMinValue	24	static
stm32l4xx_hal_dfsdm.c:2879:10:HAL_DFSDM_FilterGetConvTimeValue	24	static
stm32l4xx_hal_dfsdm.c:2902:6:HAL_DFSDM_IRQHandler	56	static
stm32l4xx_hal_dfsdm.c:3095:13:HAL_DFSDM_FilterRegConvCpltCallback	16	static
stm32l4xx_hal_dfsdm.c:3110:13:HAL_DFSDM_FilterRegConvHalfCpltCallback	16	static
stm32l4xx_hal_dfsdm.c:3127:13:HAL_DFSDM_FilterInjConvCpltCallback	16	static
stm32l4xx_hal_dfsdm.c:3142:13:HAL_DFSDM_FilterInjConvHalfCpltCallback	16	static
stm32l4xx_hal_dfsdm.c:3159:13:HAL_DFSDM_FilterAwdCallback	24	static
stm32l4xx_hal_dfsdm.c:3177:13:HAL_DFSDM_FilterErrorCallback	16	static
stm32l4xx_hal_dfsdm.c:3210:31:HAL_DFSDM_FilterGetState	16	static
stm32l4xx_hal_dfsdm.c:3221:10:HAL_DFSDM_FilterGetError	16	static
stm32l4xx_hal_dfsdm.c:3245:13:DFSDM_DMARegularHalfConvCplt	24	static
stm32l4xx_hal_dfsdm.c:3263:13:DFSDM_DMARegularConvCplt	24	static
stm32l4xx_hal_dfsdm.c:3281:13:DFSDM_DMAInjectedHalfConvCplt	24	static
stm32l4xx_hal_dfsdm.c:3299:13:DFSDM_DMAInjectedConvCplt	24	static
stm32l4xx_hal_dfsdm.c:3317:13:DFSDM_DMAError	24	static
stm32l4xx_hal_dfsdm.c:3338:17:DFSDM_GetInjChannelsNbr	24	static
stm32l4xx_hal_dfsdm.c:3361:17:DFSDM_GetChannelFromInstance	24	static
stm32l4xx_hal_dfsdm.c:3415:13:DFSDM_RegConvStart	16	static
stm32l4xx_hal_dfsdm.c:3456:13:DFSDM_RegConvStop	16	static
stm32l4xx_hal_dfsdm.c:3492:13:DFSDM_InjConvStart	16	static
stm32l4xx_hal_dfsdm.c:3536:13:DFSDM_InjConvStop	16	static
