stm32f4xx_ll_adc.h:3950:26:LL_ADC_REG_ReadConversionData12	16	static
stm32f4xx_ll_adc.h:4251:26:LL_ADC_IsActiveFlag_EOCS	16	static
stm32f4xx_ll_dac.h:1107:22:LL_DAC_ConvertData12RightAligned	32	static,ignoring_inline_asm
stm32f4xx_ll_gpio.h:882:22:LL_GPIO_SetOutputPin	16	static
stm32f4xx_ll_gpio.h:911:22:LL_GPIO_ResetOutputPin	16	static
stm32f4xx_it.c:108:6:NMI_Handler	4	static
stm32f4xx_it.c:121:6:HardFault_Handler	4	static
stm32f4xx_it.c:136:6:MemManage_Handler	4	static
stm32f4xx_it.c:151:6:BusFault_Handler	4	static
stm32f4xx_it.c:166:6:UsageFault_Handler	4	static
stm32f4xx_it.c:181:6:SVC_Handler	4	static
stm32f4xx_it.c:194:6:DebugMon_Handler	4	static
stm32f4xx_it.c:207:6:PendSV_Handler	4	static
stm32f4xx_it.c:220:6:SysTick_Handler	8	static
stm32f4xx_it.c:241:6:DMA1_Stream6_IRQHandler	4	static
stm32f4xx_it.c:255:6:ADC_IRQHandler	8	static
stm32f4xx_it.c:343:6:DMA2_Stream7_IRQHandler	8	static
