core_cm4.h:1676:26:__NVIC_GetPriorityGrouping	4	static
core_cm4.h:1688:22:__NVIC_EnableIRQ	16	static
core_cm4.h:1816:22:__NVIC_SetPriority	16	static
core_cm4.h:1863:26:NVIC_EncodePriority	40	static
stm32f4xx_ll_adc.h:2454:22:LL_ADC_REG_SetSequencerRanks	32	static,ignoring_inline_asm
stm32f4xx_ll_adc.h:2686:22:LL_ADC_REG_SetFlagEndOfConversion	16	static
stm32f4xx_ll_adc.h:3240:22:LL_ADC_SetChannelSamplingTime	48	static,ignoring_inline_asm
stm32f4xx_ll_adc.h:3831:22:LL_ADC_Enable	16	static
stm32f4xx_ll_adc.h:3903:22:LL_ADC_REG_StartConversionExtTrig	16	static
stm32f4xx_ll_adc.h:4536:22:LL_ADC_EnableIT_EOCS	16	static
stm32f4xx_ll_adc.h:4589:22:LL_ADC_DisableIT_EOCS	16	static
stm32f4xx_ll_dac.h:950:22:LL_DAC_Enable	16	static
stm32f4xx_ll_tim.h:1046:22:LL_TIM_EnableCounter	16	static
stm32f4xx_ll_tim.h:1228:22:LL_TIM_DisableARRPreload	16	static
stm32f4xx_ll_tim.h:2600:22:LL_TIM_SetClockSource	16	static
stm32f4xx_ll_tim.h:2646:22:LL_TIM_SetTriggerOutput	16	static
stm32f4xx_ll_tim.h:2712:22:LL_TIM_DisableMasterSlaveMode	16	static
stm32f4xx_ll_bus.h:411:22:LL_AHB1_GRP1_EnableClock	24	static
stm32f4xx_ll_bus.h:1187:22:LL_APB1_GRP1_EnableClock	24	static
stm32f4xx_ll_bus.h:1706:22:LL_APB2_GRP1_EnableClock	24	static
main.c:154:5:main	32	static
main.c:242:6:SystemClock_Config	88	static
main.c:285:13:MX_ADC2_Init	80	static
main.c:349:13:MX_DAC_Init	48	static
main.c:392:13:MX_TIM2_Init	32	static
main.c:431:13:MX_USART1_UART_Init	8	static
main.c:462:13:MX_DMA_Init	16	static
main.c:479:13:MX_GPIO_Init	48	static
main.c:527:6:Error_Handler	4	static
