stm32f4xx_ll_adc.h:3950:26:LL_ADC_REG_ReadConversionData12	16	static
stm32f4xx_ll_adc.h:4251:26:LL_ADC_IsActiveFlag_EOCS	16	static
stm32f4xx_it.c:76:6:NMI_Handler	4	static
stm32f4xx_it.c:89:6:HardFault_Handler	4	static
stm32f4xx_it.c:104:6:MemManage_Handler	4	static
stm32f4xx_it.c:119:6:BusFault_Handler	4	static
stm32f4xx_it.c:134:6:UsageFault_Handler	4	static
stm32f4xx_it.c:149:6:SVC_Handler	4	static
stm32f4xx_it.c:162:6:DebugMon_Handler	4	static
stm32f4xx_it.c:175:6:PendSV_Handler	4	static
stm32f4xx_it.c:188:6:SysTick_Handler	8	static
stm32f4xx_it.c:209:6:ADC_IRQHandler	16	static
stm32f4xx_it.c:248:6:TIM2_IRQHandler	4	static
stm32f4xx_it.c:261:6:USART1_IRQHandler	8	static
stm32f4xx_it.c:275:6:DMA2_Stream7_IRQHandler	8	static
