main.c:1215:13:MX_GPIO_Init	96	static
main.c:1107:13:MX_DMA_Init	16	static
main.c:432:13:MX_ADC1_Init	56	static
main.c:496:13:MX_ADC2_Init	40	static
main.c:552:13:MX_ADC3_Init	40	static
main.c:608:13:MX_DCMI_Init	8	static
main.c:645:13:MX_DFSDM1_Init	16	static
main.c:1122:13:MX_FMC_Init	64	static
main.c:698:13:MX_I2C2_Init	16	static
main.c:744:13:MX_LPUART1_UART_Init	8	static
main.c:778:13:MX_USART1_UART_Init	8	static
main.c:813:13:MX_USART2_UART_Init	8	static
main.c:848:13:MX_QUADSPI_Init	8	static
main.c:883:13:MX_SAI1_Init	16	static
main.c:958:13:MX_SDMMC1_SD_Init	8	static
main.c:994:13:MX_SPI1_Init	8	static
main.c:1034:13:MX_SPI2_Init	8	static
main.c:1074:13:MX_USB_OTG_FS_PCD_Init	8	static
main.c:128:6:HAL_UART_RxCpltCallback	0	static
main.c:136:6:median_sort	8	static
main.c:154:7:moving_median_filter	8	static
main.c:174:6:rsam_callback_unused	16	static
main.c:204:6:rsam_callback	16	static
main.c:349:6:SystemClock_Config	256	static
main.c:240:5:main	8	static
main.c:1370:6:Error_Handler	0	static
