stm32l4xx_hal_msp.c:1221:13:HAL_FMC_MspInit	48	static
stm32l4xx_hal_msp.c:1329:13:HAL_FMC_MspDeInit	8	static
stm32l4xx_hal_msp.c:67:6:HAL_MspInit	8	static
stm32l4xx_hal_msp.c:91:6:HAL_ADC_MspInit	56	static
stm32l4xx_hal_msp.c:185:6:HAL_ADC_MspDeInit	8	static
stm32l4xx_hal_msp.c:262:6:HAL_DCMI_MspInit	56	static
stm32l4xx_hal_msp.c:324:6:HAL_DCMI_MspDeInit	8	static
stm32l4xx_hal_msp.c:370:6:HAL_DFSDM_FilterMspInit	56	static
stm32l4xx_hal_msp.c:441:6:HAL_DFSDM_ChannelMspInit	48	static
stm32l4xx_hal_msp.c:489:6:HAL_DFSDM_FilterMspDeInit	8	static
stm32l4xx_hal_msp.c:525:6:HAL_DFSDM_ChannelMspDeInit	8	static
stm32l4xx_hal_msp.c:558:6:HAL_I2C_MspInit	56	static
stm32l4xx_hal_msp.c:602:6:HAL_I2C_MspDeInit	8	static
stm32l4xx_hal_msp.c:633:6:HAL_UART_MspInit	80	static
stm32l4xx_hal_msp.c:758:6:HAL_UART_MspDeInit	8	static
stm32l4xx_hal_msp.c:834:6:HAL_QSPI_MspInit	48	static
stm32l4xx_hal_msp.c:882:6:HAL_QSPI_MspDeInit	8	static
stm32l4xx_hal_msp.c:917:6:HAL_SD_MspInit	48	static
stm32l4xx_hal_msp.c:966:6:HAL_SD_MspDeInit	8	static
stm32l4xx_hal_msp.c:1002:6:HAL_SPI_MspInit	64	static
stm32l4xx_hal_msp.c:1081:6:HAL_SPI_MspDeInit	8	static
stm32l4xx_hal_msp.c:1135:6:HAL_PCD_MspInit	40	static
stm32l4xx_hal_msp.c:1184:6:HAL_PCD_MspDeInit	16	static
stm32l4xx_hal_msp.c:1317:6:HAL_SRAM_MspInit	8	static
stm32l4xx_hal_msp.c:1404:6:HAL_SRAM_MspDeInit	8	static
stm32l4xx_hal_msp.c:1416:6:HAL_SAI_MspInit	56	static
stm32l4xx_hal_msp.c:1473:6:HAL_SAI_MspDeInit	8	static
