usbd_conf.c:70:6:HAL_PCD_MspInit	48	static
usbd_conf.c:116:6:HAL_PCD_MspDeInit	16	static
usbd_conf.c:162:6:HAL_PCD_SetupStageCallback	0	static
usbd_conf.c:177:6:HAL_PCD_DataOutStageCallback	0	static
usbd_conf.c:192:6:HAL_PCD_DataInStageCallback	0	static
usbd_conf.c:206:6:HAL_PCD_SOFCallback	0	static
usbd_conf.c:220:6:HAL_PCD_ResetCallback	8	static
usbd_conf.c:245:6:HAL_PCD_SuspendCallback	8	static
usbd_conf.c:270:6:HAL_PCD_ResumeCallback	8	static
usbd_conf.c:295:6:HAL_PCD_ISOOUTIncompleteCallback	0	static
usbd_conf.c:310:6:HAL_PCD_ISOINIncompleteCallback	0	static
usbd_conf.c:324:6:HAL_PCD_ConnectCallback	0	static
usbd_conf.c:338:6:HAL_PCD_DisconnectCallback	0	static
usbd_conf.c:353:20:USBD_LL_Init	16	static
usbd_conf.c:404:20:USBD_LL_DeInit	8	static
usbd_conf.c:436:20:USBD_LL_Start	8	static
usbd_conf.c:468:20:USBD_LL_Stop	8	static
usbd_conf.c:503:20:USBD_LL_OpenEP	8	static
usbd_conf.c:536:20:USBD_LL_CloseEP	8	static
usbd_conf.c:569:20:USBD_LL_FlushEP	8	static
usbd_conf.c:602:20:USBD_LL_StallEP	8	static
usbd_conf.c:635:20:USBD_LL_ClearStallEP	8	static
usbd_conf.c:668:9:USBD_LL_IsStallEP	0	static
usbd_conf.c:688:20:USBD_LL_SetUSBAddress	8	static
usbd_conf.c:723:20:USBD_LL_Transmit	8	static
usbd_conf.c:758:20:USBD_LL_PrepareReceive	8	static
usbd_conf.c:791:10:USBD_LL_GetRxDataSize	0	static
usbd_conf.c:802:6:HAL_PCDEx_LPM_Callback	8	static
usbd_conf.c:837:6:USBD_LL_Delay	0	static
usbd_conf.c:847:7:USBD_static_malloc	0	static
usbd_conf.c:858:6:USBD_static_free	0	static
