stm32l4xx_hal_sd.c:3163:13:SD_DMATransmitCplt	0	static
stm32l4xx_hal_sd.c:3431:17:SD_PowerON	24	static
stm32l4xx_hal_sd.c:3602:13:SD_PowerOFF	8	static
stm32l4xx_hal_sd.c:3963:13:SD_Read_IT	24	static
stm32l4xx_hal_sd.c:4002:13:SD_Write_IT	32	static
stm32l4xx_hal_sd.c:3615:17:SD_SendSDStatus	48	static
stm32l4xx_hal_sd.c:3852:17:SD_FindSCR	56	static
stm32l4xx_hal_sd.c:3756:17:SD_WideBus_Enable	16	static
stm32l4xx_hal_sd.c:3803:17:SD_WideBus_Disable	16	static
stm32l4xx_hal_sd.c:3729:17:SD_SendStatus	16	static
stm32l4xx_hal_sd.c:611:13:HAL_SD_MspInit	0	static
stm32l4xx_hal_sd.c:626:13:HAL_SD_MspDeInit	0	static
stm32l4xx_hal_sd.c:554:19:HAL_SD_DeInit	8	static
stm32l4xx_hal_sd.c:667:19:HAL_SD_ReadBlocks	56	static
stm32l4xx_hal_sd.c:901:19:HAL_SD_WriteBlocks	64	static
stm32l4xx_hal_sd.c:1106:19:HAL_SD_ReadBlocks_IT	48	static
stm32l4xx_hal_sd.c:1216:19:HAL_SD_WriteBlocks_IT	48	static
stm32l4xx_hal_sd.c:1335:19:HAL_SD_ReadBlocks_DMA	48	static
stm32l4xx_hal_sd.c:1482:19:HAL_SD_WriteBlocks_DMA	48	static
stm32l4xx_hal_sd.c:1634:19:HAL_SD_Erase	16	static
stm32l4xx_hal_sd.c:2045:21:HAL_SD_GetState	0	static
stm32l4xx_hal_sd.c:2056:10:HAL_SD_GetError	0	static
stm32l4xx_hal_sd.c:2066:13:HAL_SD_TxCpltCallback	0	static
stm32l4xx_hal_sd.c:2081:13:HAL_SD_RxCpltCallback	0	static
stm32l4xx_hal_sd.c:2096:13:HAL_SD_ErrorCallback	0	static
stm32l4xx_hal_sd.c:3176:13:SD_DMAReceiveCplt	8	static
stm32l4xx_hal_sd.c:2111:13:HAL_SD_AbortCallback	0	static
stm32l4xx_hal_sd.c:2428:19:HAL_SD_GetCardCID	0	static
stm32l4xx_hal_sd.c:2461:19:HAL_SD_GetCardCSD	4	static
stm32l4xx_hal_sd.c:3337:17:SD_InitCard	80	static
stm32l4xx_hal_sd.c:480:19:HAL_SD_InitCard	56	static
stm32l4xx_hal_sd.c:354:19:HAL_SD_Init	8	static
stm32l4xx_hal_sd.c:2575:19:HAL_SD_GetCardStatus	80	static
stm32l4xx_hal_sd.c:2629:19:HAL_SD_GetCardInfo	0	static
stm32l4xx_hal_sd.c:2654:19:HAL_SD_ConfigWideBusOperation	56	static
stm32l4xx_hal_sd.c:2950:25:HAL_SD_GetCardState	16	static
stm32l4xx_hal_sd.c:3218:13:SD_DMAError	8	static
stm32l4xx_hal_sd.c:3258:13:SD_DMATxAbort	8	static
stm32l4xx_hal_sd.c:3297:13:SD_DMARxAbort	8	static
stm32l4xx_hal_sd.c:1736:6:HAL_SD_IRQHandler	16	static
stm32l4xx_hal_sd.c:2973:19:HAL_SD_Abort	8	static
stm32l4xx_hal_sd.c:3044:19:HAL_SD_Abort_IT	8	static
