stm32l4xx_hal_dcmi.c:1439:17:DCMI_TransferSize	144	static
stm32l4xx_hal_dcmi.c:391:13:HAL_DCMI_MspInit	0	static
stm32l4xx_hal_dcmi.c:237:19:HAL_DCMI_Init	8	static
stm32l4xx_hal_dcmi.c:407:13:HAL_DCMI_MspDeInit	0	static
stm32l4xx_hal_dcmi.c:467:19:HAL_DCMI_Start_DMA	16	static
stm32l4xx_hal_dcmi.c:638:19:HAL_DCMI_Suspend	16	static
stm32l4xx_hal_dcmi.c:688:19:HAL_DCMI_Resume	0	static
stm32l4xx_hal_dcmi.c:813:13:HAL_DCMI_ErrorCallback	0	static
stm32l4xx_hal_dcmi.c:1349:13:DCMI_DMAHalfXferCplt	8	static
stm32l4xx_hal_dcmi.c:1407:13:DCMI_DMAError	8	static
stm32l4xx_hal_dcmi.c:583:19:HAL_DCMI_Stop	16	static
stm32l4xx_hal_dcmi.c:345:19:HAL_DCMI_DeInit	16	static
stm32l4xx_hal_dcmi.c:829:13:HAL_DCMI_LineEventCallback	0	static
stm32l4xx_hal_dcmi.c:845:13:HAL_DCMI_VsyncEventCallback	0	static
stm32l4xx_hal_dcmi.c:861:13:HAL_DCMI_FrameEventCallback	0	static
stm32l4xx_hal_dcmi.c:1248:13:DCMI_DMAXferCplt	8	static
stm32l4xx_hal_dcmi.c:714:6:HAL_DCMI_IRQHandler	16	static
stm32l4xx_hal_dcmi.c:905:19:HAL_DCMI_ConfigCrop	16	static
stm32l4xx_hal_dcmi.c:938:19:HAL_DCMI_DisableCrop	0	static
stm32l4xx_hal_dcmi.c:964:19:HAL_DCMI_EnableCrop	0	static
stm32l4xx_hal_dcmi.c:992:20:HAL_DCMI_ConfigSyncUnmask	4	static
stm32l4xx_hal_dcmi.c:1044:23:HAL_DCMI_GetState	0	static
stm32l4xx_hal_dcmi.c:1055:10:HAL_DCMI_GetError	0	static
